May 26 16:23:04 ece-b1-sys kernel: [   47.866533] loop11: detected capacity change from 0 to 8
May 26 16:23:23 ece-b1-sys kernel: [   66.206425] loop11: detected capacity change from 0 to 130960
May 26 19:07:52 ece-b1-sys kernel: [    0.000000] Linux version 6.5.0-1018-aws (buildd@lcy02-amd64-076) (x86_64-linux-gnu-gcc-11 (Ubuntu 11.4.0-1ubuntu1~22.04) 11.4.0, GNU ld (GNU Binutils for Ubuntu) 2.38) #18~22.04.1-Ubuntu SMP Fri Apr  5 17:44:33 UTC 2024 (Ubuntu 6.5.0-1018.18~22.04.1-aws 6.5.13)
May 26 19:07:52 ece-b1-sys kernel: [    0.000000] Command line: BOOT_IMAGE=/boot/vmlinuz-6.5.0-1018-aws root=PARTUUID=845a6649-d0f0-48a1-af9d-9ae48ceeabe1 ro console=tty1 console=ttyS0 nvme_core.io_timeout=4294967295 panic=-1
May 26 19:07:52 ece-b1-sys kernel: [    0.000000] KERNEL supported cpus:
May 26 19:07:52 ece-b1-sys kernel: [    0.000000]   Intel GenuineIntel
May 26 19:07:52 ece-b1-sys kernel: [    0.000000]   AMD AuthenticAMD
May 26 19:07:52 ece-b1-sys kernel: [    0.000000]   Hygon HygonGenuine
May 26 19:07:52 ece-b1-sys kernel: [    0.000000]   Centaur CentaurHauls
May 26 19:07:52 ece-b1-sys kernel: [    0.000000]   zhaoxin   Shanghai  
May 26 19:07:52 ece-b1-sys kernel: [    0.000000] BIOS-provided physical RAM map:
May 26 19:07:52 ece-b1-sys kernel: [    0.000000] BIOS-e820: [mem 0x0000000000000000-0x000000000009fbff] usable
May 26 19:07:52 ece-b1-sys kernel: [    0.000000] BIOS-e820: [mem 0x000000000009fc00-0x000000000009ffff] reserved
May 26 19:07:52 ece-b1-sys kernel: [    0.000000] BIOS-e820: [mem 0x00000000000f0000-0x00000000000fffff] reserved
May 26 19:07:52 ece-b1-sys kernel: [    0.000000] BIOS-e820: [mem 0x0000000000100000-0x000000007d9e9fff] usable
May 26 19:07:52 ece-b1-sys kernel: [    0.000000] BIOS-e820: [mem 0x000000007d9ea000-0x000000007fffffff] reserved
May 26 19:07:52 ece-b1-sys kernel: [    0.000000] BIOS-e820: [mem 0x00000000e0000000-0x00000000e03fffff] reserved
May 26 19:07:52 ece-b1-sys kernel: [    0.000000] BIOS-e820: [mem 0x00000000fffc0000-0x00000000ffffffff] reserved
May 26 19:07:52 ece-b1-sys kernel: [    0.000000] NX (Execute Disable) protection: active
May 26 19:07:52 ece-b1-sys kernel: [    0.000000] SMBIOS 2.7 present.
May 26 19:07:52 ece-b1-sys kernel: [    0.000000] DMI: Amazon EC2 t3.small/, BIOS 1.0 10/16/2017
May 26 19:07:52 ece-b1-sys kernel: [    0.000000] Hypervisor detected: KVM
May 26 19:07:52 ece-b1-sys kernel: [    0.000000] kvm-clock: Using msrs 4b564d01 and 4b564d00
May 26 19:07:52 ece-b1-sys kernel: [    0.000001] kvm-clock: using sched offset of 6843336313 cycles
May 26 19:07:52 ece-b1-sys kernel: [    0.000004] clocksource: kvm-clock: mask: 0xffffffffffffffff max_cycles: 0x1cd42e4dffb, max_idle_ns: 881590591483 ns
May 26 19:07:52 ece-b1-sys kernel: [    0.000007] tsc: Detected 2499.994 MHz processor
May 26 19:07:52 ece-b1-sys kernel: [    0.000660] e820: update [mem 0x00000000-0x00000fff] usable ==> reserved
May 26 19:07:52 ece-b1-sys kernel: [    0.000665] e820: remove [mem 0x000a0000-0x000fffff] usable
May 26 19:07:52 ece-b1-sys kernel: [    0.000670] last_pfn = 0x7d9ea max_arch_pfn = 0x400000000
May 26 19:07:52 ece-b1-sys kernel: [    0.000715] MTRR map: 4 entries (3 fixed + 1 variable; max 19), built from 8 variable MTRRs
May 26 19:07:52 ece-b1-sys kernel: [    0.000718] x86/PAT: Configuration [0-7]: WB  WC  UC- UC  WB  WP  UC- WT  
May 26 19:07:52 ece-b1-sys kernel: [    0.008851] Using GB pages for direct mapping
May 26 19:07:52 ece-b1-sys kernel: [    0.009055] RAMDISK: [mem 0x37209000-0x378fbfff]
May 26 19:07:52 ece-b1-sys kernel: [    0.009066] ACPI: Early table checksum verification disabled
May 26 19:07:52 ece-b1-sys kernel: [    0.009075] ACPI: RSDP 0x00000000000F8F40 000014 (v00 AMAZON)
May 26 19:07:52 ece-b1-sys kernel: [    0.009083] ACPI: RSDT 0x000000007D9EE350 000044 (v01 AMAZON AMZNRSDT 00000001 AMZN 00000001)
May 26 19:07:52 ece-b1-sys kernel: [    0.009089] ACPI: FACP 0x000000007D9EFF80 000074 (v01 AMAZON AMZNFACP 00000001 AMZN 00000001)
May 26 19:07:52 ece-b1-sys kernel: [    0.009095] ACPI: DSDT 0x000000007D9EE3A0 0010E9 (v01 AMAZON AMZNDSDT 00000001 AMZN 00000001)
May 26 19:07:52 ece-b1-sys kernel: [    0.009098] ACPI: FACS 0x000000007D9EFF40 000040
May 26 19:07:52 ece-b1-sys kernel: [    0.009101] ACPI: SSDT 0x000000007D9EF6C0 00087A (v01 AMAZON AMZNSSDT 00000001 AMZN 00000001)
May 26 19:07:52 ece-b1-sys kernel: [    0.009104] ACPI: APIC 0x000000007D9EF5D0 000076 (v01 AMAZON AMZNAPIC 00000001 AMZN 00000001)
May 26 19:07:52 ece-b1-sys kernel: [    0.009108] ACPI: SRAT 0x000000007D9EF530 0000A0 (v01 AMAZON AMZNSRAT 00000001 AMZN 00000001)
May 26 19:07:52 ece-b1-sys kernel: [    0.009111] ACPI: SLIT 0x000000007D9EF4C0 00006C (v01 AMAZON AMZNSLIT 00000001 AMZN 00000001)
May 26 19:07:52 ece-b1-sys kernel: [    0.009114] ACPI: WAET 0x000000007D9EF490 000028 (v01 AMAZON AMZNWAET 00000001 AMZN 00000001)
May 26 19:07:52 ece-b1-sys kernel: [    0.009120] ACPI: HPET 0x00000000000C9000 000038 (v01 AMAZON AMZNHPET 00000001 AMZN 00000001)
May 26 19:07:52 ece-b1-sys kernel: [    0.009123] ACPI: SSDT 0x00000000000C9040 00007B (v01 AMAZON AMZNSSDT 00000001 AMZN 00000001)
May 26 19:07:52 ece-b1-sys kernel: [    0.009125] ACPI: Reserving FACP table memory at [mem 0x7d9eff80-0x7d9efff3]
May 26 19:07:52 ece-b1-sys kernel: [    0.009127] ACPI: Reserving DSDT table memory at [mem 0x7d9ee3a0-0x7d9ef488]
May 26 19:07:52 ece-b1-sys kernel: [    0.009128] ACPI: Reserving FACS table memory at [mem 0x7d9eff40-0x7d9eff7f]
May 26 19:07:52 ece-b1-sys kernel: [    0.009129] ACPI: Reserving SSDT table memory at [mem 0x7d9ef6c0-0x7d9eff39]
May 26 19:07:52 ece-b1-sys kernel: [    0.009130] ACPI: Reserving APIC table memory at [mem 0x7d9ef5d0-0x7d9ef645]
May 26 19:07:52 ece-b1-sys kernel: [    0.009130] ACPI: Reserving SRAT table memory at [mem 0x7d9ef530-0x7d9ef5cf]
May 26 19:07:52 ece-b1-sys kernel: [    0.009131] ACPI: Reserving SLIT table memory at [mem 0x7d9ef4c0-0x7d9ef52b]
May 26 19:07:52 ece-b1-sys kernel: [    0.009132] ACPI: Reserving WAET table memory at [mem 0x7d9ef490-0x7d9ef4b7]
May 26 19:07:52 ece-b1-sys kernel: [    0.009133] ACPI: Reserving HPET table memory at [mem 0xc9000-0xc9037]
May 26 19:07:52 ece-b1-sys kernel: [    0.009134] ACPI: Reserving SSDT table memory at [mem 0xc9040-0xc90ba]
May 26 19:07:52 ece-b1-sys kernel: [    0.009268] SRAT: PXM 0 -> APIC 0x00 -> Node 0
May 26 19:07:52 ece-b1-sys kernel: [    0.009271] SRAT: PXM 0 -> APIC 0x01 -> Node 0
May 26 19:07:52 ece-b1-sys kernel: [    0.009274] ACPI: SRAT: Node 0 PXM 0 [mem 0x00000000-0x7fffffff]
May 26 19:07:52 ece-b1-sys kernel: [    0.009287] NUMA: Initialized distance table, cnt=1
May 26 19:07:52 ece-b1-sys kernel: [    0.009313] NODE_DATA(0) allocated [mem 0x7d9be000-0x7d9e8fff]
May 26 19:07:52 ece-b1-sys kernel: [    0.009691] Zone ranges:
May 26 19:07:52 ece-b1-sys kernel: [    0.009692]   DMA      [mem 0x0000000000001000-0x0000000000ffffff]
May 26 19:07:52 ece-b1-sys kernel: [    0.009695]   DMA32    [mem 0x0000000001000000-0x000000007d9e9fff]
May 26 19:07:52 ece-b1-sys kernel: [    0.009696]   Normal   empty
May 26 19:07:52 ece-b1-sys kernel: [    0.009697]   Device   empty
May 26 19:07:52 ece-b1-sys kernel: [    0.009698] Movable zone start for each node
May 26 19:07:52 ece-b1-sys kernel: [    0.009701] Early memory node ranges
May 26 19:07:52 ece-b1-sys kernel: [    0.009701]   node   0: [mem 0x0000000000001000-0x000000000009efff]
May 26 19:07:52 ece-b1-sys kernel: [    0.009703]   node   0: [mem 0x0000000000100000-0x000000007d9e9fff]
May 26 19:07:52 ece-b1-sys kernel: [    0.009704] Initmem setup node 0 [mem 0x0000000000001000-0x000000007d9e9fff]
May 26 19:07:52 ece-b1-sys kernel: [    0.009712] On node 0, zone DMA: 1 pages in unavailable ranges
May 26 19:07:52 ece-b1-sys kernel: [    0.009741] On node 0, zone DMA: 97 pages in unavailable ranges
May 26 19:07:52 ece-b1-sys kernel: [    0.013634] On node 0, zone DMA32: 9750 pages in unavailable ranges
May 26 19:07:52 ece-b1-sys kernel: [    0.014114] ACPI: PM-Timer IO Port: 0xb008
May 26 19:07:52 ece-b1-sys kernel: [    0.014126] ACPI: LAPIC_NMI (acpi_id[0xff] dfl dfl lint[0x1])
May 26 19:07:52 ece-b1-sys kernel: [    0.014195] IOAPIC[0]: apic_id 0, version 32, address 0xfec00000, GSI 0-23
May 26 19:07:52 ece-b1-sys kernel: [    0.014198] ACPI: INT_SRC_OVR (bus 0 bus_irq 5 global_irq 5 high level)
May 26 19:07:52 ece-b1-sys kernel: [    0.014200] ACPI: INT_SRC_OVR (bus 0 bus_irq 9 global_irq 9 high level)
May 26 19:07:52 ece-b1-sys kernel: [    0.014201] ACPI: INT_SRC_OVR (bus 0 bus_irq 10 global_irq 10 high level)
May 26 19:07:52 ece-b1-sys kernel: [    0.014203] ACPI: INT_SRC_OVR (bus 0 bus_irq 11 global_irq 11 high level)
May 26 19:07:52 ece-b1-sys kernel: [    0.014207] ACPI: Using ACPI (MADT) for SMP configuration information
May 26 19:07:52 ece-b1-sys kernel: [    0.014208] ACPI: HPET id: 0x8086a201 base: 0xfed00000
May 26 19:07:52 ece-b1-sys kernel: [    0.014213] TSC deadline timer available
May 26 19:07:52 ece-b1-sys kernel: [    0.014214] smpboot: Allowing 2 CPUs, 0 hotplug CPUs
May 26 19:07:52 ece-b1-sys kernel: [    0.014242] PM: hibernation: Registered nosave memory: [mem 0x00000000-0x00000fff]
May 26 19:07:52 ece-b1-sys kernel: [    0.014244] PM: hibernation: Registered nosave memory: [mem 0x0009f000-0x0009ffff]
May 26 19:07:52 ece-b1-sys kernel: [    0.014245] PM: hibernation: Registered nosave memory: [mem 0x000a0000-0x000effff]
May 26 19:07:52 ece-b1-sys kernel: [    0.014246] PM: hibernation: Registered nosave memory: [mem 0x000f0000-0x000fffff]
May 26 19:07:52 ece-b1-sys kernel: [    0.014248] [mem 0x80000000-0xdfffffff] available for PCI devices
May 26 19:07:52 ece-b1-sys kernel: [    0.014250] Booting paravirtualized kernel on KVM
May 26 19:07:52 ece-b1-sys kernel: [    0.014252] clocksource: refined-jiffies: mask: 0xffffffff max_cycles: 0xffffffff, max_idle_ns: 7645519600211568 ns
May 26 19:07:52 ece-b1-sys kernel: [    0.014259] setup_percpu: NR_CPUS:8192 nr_cpumask_bits:2 nr_cpu_ids:2 nr_node_ids:1
May 26 19:07:52 ece-b1-sys kernel: [    0.014611] percpu: Embedded 63 pages/cpu s221184 r8192 d28672 u1048576
May 26 19:07:52 ece-b1-sys kernel: [    0.014619] pcpu-alloc: s221184 r8192 d28672 u1048576 alloc=1*2097152
May 26 19:07:52 ece-b1-sys kernel: [    0.014622] pcpu-alloc: [0] 0 1 
May 26 19:07:52 ece-b1-sys kernel: [    0.014648] kvm-guest: PV spinlocks enabled
May 26 19:07:52 ece-b1-sys kernel: [    0.014651] PV qspinlock hash table entries: 256 (order: 0, 4096 bytes, linear)
May 26 19:07:52 ece-b1-sys kernel: [    0.014656] Kernel command line: BOOT_IMAGE=/boot/vmlinuz-6.5.0-1018-aws root=PARTUUID=845a6649-d0f0-48a1-af9d-9ae48ceeabe1 ro console=tty1 console=ttyS0 nvme_core.io_timeout=4294967295 panic=-1
May 26 19:07:52 ece-b1-sys kernel: [    0.014727] Unknown kernel command line parameters "BOOT_IMAGE=/boot/vmlinuz-6.5.0-1018-aws", will be passed to user space.
May 26 19:07:52 ece-b1-sys kernel: [    0.014749] random: crng init done
May 26 19:07:52 ece-b1-sys kernel: [    0.014967] Dentry cache hash table entries: 262144 (order: 9, 2097152 bytes, linear)
May 26 19:07:52 ece-b1-sys kernel: [    0.015079] Inode-cache hash table entries: 131072 (order: 8, 1048576 bytes, linear)
May 26 19:07:52 ece-b1-sys kernel: [    0.015129] Fallback order for Node 0: 0 
May 26 19:07:52 ece-b1-sys kernel: [    0.015132] Built 1 zonelists, mobility grouping on.  Total pages: 506242
May 26 19:07:52 ece-b1-sys kernel: [    0.015134] Policy zone: DMA32
May 26 19:07:52 ece-b1-sys kernel: [    0.015139] mem auto-init: stack:off, heap alloc:on, heap free:off
May 26 19:07:52 ece-b1-sys kernel: [    0.020509] Memory: 1951660K/2057760K available (20480K kernel code, 4262K rwdata, 13252K rodata, 4908K init, 17284K bss, 105840K reserved, 0K cma-reserved)
May 26 19:07:52 ece-b1-sys kernel: [    0.020793] SLUB: HWalign=64, Order=0-3, MinObjects=0, CPUs=2, Nodes=1
May 26 19:07:52 ece-b1-sys kernel: [    0.020806] Kernel/User page tables isolation: enabled
May 26 19:07:52 ece-b1-sys kernel: [    0.020841] ftrace: allocating 55672 entries in 218 pages
May 26 19:07:52 ece-b1-sys kernel: [    0.020923] ftrace section at ffffffffb54837c0 sorted properly
May 26 19:07:52 ece-b1-sys kernel: [    0.035708] ftrace: allocated 218 pages with 5 groups
May 26 19:07:52 ece-b1-sys kernel: [    0.035845] rcu: Hierarchical RCU implementation.
May 26 19:07:52 ece-b1-sys kernel: [    0.035846] rcu: 	RCU restricting CPUs from NR_CPUS=8192 to nr_cpu_ids=2.
May 26 19:07:52 ece-b1-sys kernel: [    0.035848] 	Rude variant of Tasks RCU enabled.
May 26 19:07:52 ece-b1-sys kernel: [    0.035849] 	Tracing variant of Tasks RCU enabled.
May 26 19:07:52 ece-b1-sys kernel: [    0.035849] rcu: RCU calculated value of scheduler-enlistment delay is 25 jiffies.
May 26 19:07:52 ece-b1-sys kernel: [    0.035850] rcu: Adjusting geometry for rcu_fanout_leaf=16, nr_cpu_ids=2
May 26 19:07:52 ece-b1-sys kernel: [    0.039140] NR_IRQS: 524544, nr_irqs: 440, preallocated irqs: 16
May 26 19:07:52 ece-b1-sys kernel: [    0.039442] rcu: srcu_init: Setting srcu_struct sizes based on contention.
May 26 19:07:52 ece-b1-sys kernel: [    0.187234] Console: colour VGA+ 80x25
May 26 19:07:52 ece-b1-sys kernel: [    0.187241] printk: console [tty1] enabled
May 26 19:07:52 ece-b1-sys kernel: [    0.719099] printk: console [ttyS0] enabled
May 26 19:07:52 ece-b1-sys kernel: [    0.939793] ACPI: Core revision 20230331
May 26 19:07:52 ece-b1-sys kernel: [    0.946083] clocksource: hpet: mask: 0xffffffff max_cycles: 0xffffffff, max_idle_ns: 30580167144 ns
May 26 19:07:52 ece-b1-sys kernel: [    0.958117] APIC: Switch to symmetric I/O mode setup
May 26 19:07:52 ece-b1-sys kernel: [    0.965161] x2apic enabled
May 26 19:07:52 ece-b1-sys kernel: [    0.970886] Switched APIC routing to physical x2apic.
May 26 19:07:52 ece-b1-sys kernel: [    0.980664] clocksource: tsc-early: mask: 0xffffffffffffffff max_cycles: 0x240933eba6e, max_idle_ns: 440795246008 ns
May 26 19:07:52 ece-b1-sys kernel: [    0.993403] Calibrating delay loop (skipped) preset value.. 4999.98 BogoMIPS (lpj=9999976)
May 26 19:07:52 ece-b1-sys kernel: [    0.997397] Last level iTLB entries: 4KB 64, 2MB 8, 4MB 8
May 26 19:07:52 ece-b1-sys kernel: [    0.997397] Last level dTLB entries: 4KB 64, 2MB 0, 4MB 0, 1GB 4
May 26 19:07:52 ece-b1-sys kernel: [    0.997397] Spectre V1 : Mitigation: usercopy/swapgs barriers and __user pointer sanitization
May 26 19:07:52 ece-b1-sys kernel: [    0.997397] Spectre V2 : Mitigation: Retpolines
May 26 19:07:52 ece-b1-sys kernel: [    0.997397] Spectre V2 : Spectre v2 / SpectreRSB mitigation: Filling RSB on context switch
May 26 19:07:52 ece-b1-sys kernel: [    0.997397] Spectre V2 : Spectre v2 / SpectreRSB : Filling RSB on VMEXIT
May 26 19:07:52 ece-b1-sys kernel: [    0.997397] RETBleed: WARNING: Spectre v2 mitigation leaves CPU vulnerable to RETBleed attacks, data leaks possible!
May 26 19:07:52 ece-b1-sys kernel: [    0.997397] RETBleed: Vulnerable
May 26 19:07:52 ece-b1-sys kernel: [    0.997397] Speculative Store Bypass: Vulnerable
May 26 19:07:52 ece-b1-sys kernel: [    0.997397] MDS: Vulnerable: Clear CPU buffers attempted, no microcode
May 26 19:07:52 ece-b1-sys kernel: [    0.997397] MMIO Stale Data: Vulnerable: Clear CPU buffers attempted, no microcode
May 26 19:07:52 ece-b1-sys kernel: [    0.997397] GDS: Unknown: Dependent on hypervisor status
May 26 19:07:52 ece-b1-sys kernel: [    0.997397] x86/fpu: Supporting XSAVE feature 0x001: 'x87 floating point registers'
May 26 19:07:52 ece-b1-sys kernel: [    0.997397] x86/fpu: Supporting XSAVE feature 0x002: 'SSE registers'
May 26 19:07:52 ece-b1-sys kernel: [    0.997397] x86/fpu: Supporting XSAVE feature 0x004: 'AVX registers'
May 26 19:07:52 ece-b1-sys kernel: [    0.997397] x86/fpu: Supporting XSAVE feature 0x008: 'MPX bounds registers'
May 26 19:07:52 ece-b1-sys kernel: [    0.997397] x86/fpu: Supporting XSAVE feature 0x010: 'MPX CSR'
May 26 19:07:52 ece-b1-sys kernel: [    0.997397] x86/fpu: Supporting XSAVE feature 0x020: 'AVX-512 opmask'
May 26 19:07:52 ece-b1-sys kernel: [    0.997397] x86/fpu: Supporting XSAVE feature 0x040: 'AVX-512 Hi256'
May 26 19:07:52 ece-b1-sys kernel: [    0.997397] x86/fpu: Supporting XSAVE feature 0x080: 'AVX-512 ZMM_Hi256'
May 26 19:07:52 ece-b1-sys kernel: [    0.997397] x86/fpu: Supporting XSAVE feature 0x200: 'Protection Keys User registers'
May 26 19:07:52 ece-b1-sys kernel: [    0.997397] x86/fpu: xstate_offset[2]:  576, xstate_sizes[2]:  256
May 26 19:07:52 ece-b1-sys kernel: [    0.997397] x86/fpu: xstate_offset[3]:  832, xstate_sizes[3]:   64
May 26 19:07:52 ece-b1-sys kernel: [    0.997397] x86/fpu: xstate_offset[4]:  896, xstate_sizes[4]:   64
May 26 19:07:52 ece-b1-sys kernel: [    0.997397] x86/fpu: xstate_offset[5]:  960, xstate_sizes[5]:   64
May 26 19:07:52 ece-b1-sys kernel: [    0.997397] x86/fpu: xstate_offset[6]: 1024, xstate_sizes[6]:  512
May 26 19:07:52 ece-b1-sys kernel: [    0.997397] x86/fpu: xstate_offset[7]: 1536, xstate_sizes[7]: 1024
May 26 19:07:52 ece-b1-sys kernel: [    0.997397] x86/fpu: xstate_offset[9]: 2560, xstate_sizes[9]:    8
May 26 19:07:52 ece-b1-sys kernel: [    0.997397] x86/fpu: Enabled xstate features 0x2ff, context size is 2568 bytes, using 'compacted' format.
May 26 19:07:52 ece-b1-sys kernel: [    0.997397] Freeing SMP alternatives memory: 44K
May 26 19:07:52 ece-b1-sys kernel: [    0.997397] pid_max: default: 32768 minimum: 301
May 26 19:07:52 ece-b1-sys kernel: [    0.997397] LSM: initializing lsm=lockdown,capability,landlock,yama,apparmor,integrity
May 26 19:07:52 ece-b1-sys kernel: [    0.997397] landlock: Up and running.
May 26 19:07:52 ece-b1-sys kernel: [    0.997397] Yama: becoming mindful.
May 26 19:07:52 ece-b1-sys kernel: [    0.997397] AppArmor: AppArmor initialized
May 26 19:07:52 ece-b1-sys kernel: [    0.997397] Mount-cache hash table entries: 4096 (order: 3, 32768 bytes, linear)
May 26 19:07:52 ece-b1-sys kernel: [    0.997397] Mountpoint-cache hash table entries: 4096 (order: 3, 32768 bytes, linear)
May 26 19:07:52 ece-b1-sys kernel: [    0.997397] smpboot: CPU0: Intel(R) Xeon(R) Platinum 8259CL CPU @ 2.50GHz (family: 0x6, model: 0x55, stepping: 0x7)
May 26 19:07:52 ece-b1-sys kernel: [    0.997600] RCU Tasks Rude: Setting shift to 1 and lim to 1 rcu_task_cb_adjust=1.
May 26 19:07:52 ece-b1-sys kernel: [    1.001491] RCU Tasks Trace: Setting shift to 1 and lim to 1 rcu_task_cb_adjust=1.
May 26 19:07:52 ece-b1-sys kernel: [    1.005465] Performance Events: unsupported p6 CPU model 85 no PMU driver, software events only.
May 26 19:07:52 ece-b1-sys kernel: [    1.009456] signal: max sigframe size: 3632
May 26 19:07:52 ece-b1-sys kernel: [    1.013463] rcu: Hierarchical SRCU implementation.
May 26 19:07:52 ece-b1-sys kernel: [    1.017403] rcu: 	Max phase no-delay instances is 1000.
May 26 19:07:52 ece-b1-sys kernel: [    1.021816] NMI watchdog: Perf NMI watchdog permanently disabled
May 26 19:07:52 ece-b1-sys kernel: [    1.025480] smp: Bringing up secondary CPUs ...
May 26 19:07:52 ece-b1-sys kernel: [    1.029576] smpboot: x86: Booting SMP configuration:
May 26 19:07:52 ece-b1-sys kernel: [    1.033406] .... node  #0, CPUs:      #1
May 26 19:07:52 ece-b1-sys kernel: [    1.033705] MDS CPU bug present and SMT on, data leak possible. See https://www.kernel.org/doc/html/latest/admin-guide/hw-vuln/mds.html for more details.
May 26 19:07:52 ece-b1-sys kernel: [    1.041407] MMIO Stale Data CPU bug present and SMT on, data leak possible. See https://www.kernel.org/doc/html/latest/admin-guide/hw-vuln/processor_mmio_stale_data.html for more details.
May 26 19:07:52 ece-b1-sys kernel: [    1.045449] smp: Brought up 1 node, 2 CPUs
May 26 19:07:52 ece-b1-sys kernel: [    1.049408] smpboot: Max logical packages: 1
May 26 19:07:52 ece-b1-sys kernel: [    1.053445] smpboot: Total of 2 processors activated (9999.97 BogoMIPS)
May 26 19:07:52 ece-b1-sys kernel: [    1.057743] devtmpfs: initialized
May 26 19:07:52 ece-b1-sys kernel: [    1.061280] x86/mm: Memory block size: 128MB
May 26 19:07:52 ece-b1-sys kernel: [    1.066134] clocksource: jiffies: mask: 0xffffffff max_cycles: 0xffffffff, max_idle_ns: 7645041785100000 ns
May 26 19:07:52 ece-b1-sys kernel: [    1.073419] futex hash table entries: 512 (order: 3, 32768 bytes, linear)
May 26 19:07:52 ece-b1-sys kernel: [    1.077525] pinctrl core: initialized pinctrl subsystem
May 26 19:07:52 ece-b1-sys kernel: [    1.081878] PM: RTC time: 19:07:14, date: 2024-05-26
May 26 19:07:52 ece-b1-sys kernel: [    1.088945] NET: Registered PF_NETLINK/PF_ROUTE protocol family
May 26 19:07:52 ece-b1-sys kernel: [    1.093843] DMA: preallocated 256 KiB GFP_KERNEL pool for atomic allocations
May 26 19:07:52 ece-b1-sys kernel: [    1.097644] DMA: preallocated 256 KiB GFP_KERNEL|GFP_DMA pool for atomic allocations
May 26 19:07:52 ece-b1-sys kernel: [    1.101486] DMA: preallocated 256 KiB GFP_KERNEL|GFP_DMA32 pool for atomic allocations
May 26 19:07:52 ece-b1-sys kernel: [    1.105430] audit: initializing netlink subsys (disabled)
May 26 19:07:52 ece-b1-sys kernel: [    1.109444] audit: type=2000 audit(1716750433.487:1): state=initialized audit_enabled=0 res=1
May 26 19:07:52 ece-b1-sys kernel: [    1.109651] thermal_sys: Registered thermal governor 'fair_share'
May 26 19:07:52 ece-b1-sys kernel: [    1.121410] thermal_sys: Registered thermal governor 'bang_bang'
May 26 19:07:52 ece-b1-sys kernel: [    1.137409] thermal_sys: Registered thermal governor 'step_wise'
May 26 19:07:52 ece-b1-sys kernel: [    1.145408] thermal_sys: Registered thermal governor 'user_space'
May 26 19:07:52 ece-b1-sys kernel: [    1.157407] thermal_sys: Registered thermal governor 'power_allocator'
May 26 19:07:52 ece-b1-sys kernel: [    1.169431] EISA bus registered
May 26 19:07:52 ece-b1-sys kernel: [    1.185445] cpuidle: using governor ladder
May 26 19:07:52 ece-b1-sys kernel: [    1.189424] cpuidle: using governor menu
May 26 19:07:52 ece-b1-sys kernel: [    1.194167] acpiphp: ACPI Hot Plug PCI Controller Driver version: 0.5
May 26 19:07:52 ece-b1-sys kernel: [    1.197601] PCI: Using configuration type 1 for base access
May 26 19:07:52 ece-b1-sys kernel: [    1.201801] kprobes: kprobe jump-optimization is enabled. All kprobes are optimized if possible.
May 26 19:07:52 ece-b1-sys kernel: [    1.214464] HugeTLB: registered 1.00 GiB page size, pre-allocated 0 pages
May 26 19:07:52 ece-b1-sys kernel: [    1.221409] HugeTLB: 16380 KiB vmemmap can be freed for a 1.00 GiB page
May 26 19:07:52 ece-b1-sys kernel: [    1.229414] HugeTLB: registered 2.00 MiB page size, pre-allocated 0 pages
May 26 19:07:52 ece-b1-sys kernel: [    1.233405] HugeTLB: 28 KiB vmemmap can be freed for a 2.00 MiB page
May 26 19:07:52 ece-b1-sys kernel: [    1.243239] ACPI: Added _OSI(Module Device)
May 26 19:07:52 ece-b1-sys kernel: [    1.245408] ACPI: Added _OSI(Processor Device)
May 26 19:07:52 ece-b1-sys kernel: [    1.249407] ACPI: Added _OSI(3.0 _SCP Extensions)
May 26 19:07:52 ece-b1-sys kernel: [    1.257408] ACPI: Added _OSI(Processor Aggregator Device)
May 26 19:07:52 ece-b1-sys kernel: [    1.262941] ACPI: 3 ACPI AML tables successfully acquired and loaded
May 26 19:07:52 ece-b1-sys kernel: [    1.270351] ACPI: Interpreter enabled
May 26 19:07:52 ece-b1-sys kernel: [    1.273423] ACPI: PM: (supports S0 S4 S5)
May 26 19:07:52 ece-b1-sys kernel: [    1.277338] ACPI: Using IOAPIC for interrupt routing
May 26 19:07:52 ece-b1-sys kernel: [    1.280845] PCI: Using host bridge windows from ACPI; if necessary, use "pci=nocrs" and report a bug
May 26 19:07:52 ece-b1-sys kernel: [    1.289403] PCI: Using E820 reservations for host bridge windows
May 26 19:07:52 ece-b1-sys kernel: [    1.297852] ACPI: Enabled 16 GPEs in block 00 to 0F
May 26 19:07:52 ece-b1-sys kernel: [    1.305805] ACPI: PCI Root Bridge [PCI0] (domain 0000 [bus 00-ff])
May 26 19:07:52 ece-b1-sys kernel: [    1.309414] acpi PNP0A03:00: _OSC: OS supports [ASPM ClockPM Segments MSI EDR HPX-Type3]
May 26 19:07:52 ece-b1-sys kernel: [    1.321409] acpi PNP0A03:00: _OSC: not requesting OS control; OS requires [ExtendedConfig ASPM ClockPM MSI]
May 26 19:07:52 ece-b1-sys kernel: [    1.329433] acpi PNP0A03:00: fail to add MMCONFIG information, can't access extended configuration space under this bridge
May 26 19:07:52 ece-b1-sys kernel: [    1.337965] acpiphp: Slot [3] registered
May 26 19:07:52 ece-b1-sys kernel: [    1.345466] acpiphp: Slot [4] registered
May 26 19:07:52 ece-b1-sys kernel: [    1.349575] acpiphp: Slot [5] registered
May 26 19:07:52 ece-b1-sys kernel: [    1.357444] acpiphp: Slot [6] registered
May 26 19:07:52 ece-b1-sys kernel: [    1.361451] acpiphp: Slot [7] registered
May 26 19:07:52 ece-b1-sys kernel: [    1.365442] acpiphp: Slot [8] registered
May 26 19:07:52 ece-b1-sys kernel: [    1.369436] acpiphp: Slot [9] registered
May 26 19:07:52 ece-b1-sys kernel: [    1.373434] acpiphp: Slot [10] registered
May 26 19:07:52 ece-b1-sys kernel: [    1.381443] acpiphp: Slot [11] registered
May 26 19:07:52 ece-b1-sys kernel: [    1.385440] acpiphp: Slot [12] registered
May 26 19:07:52 ece-b1-sys kernel: [    1.389445] acpiphp: Slot [13] registered
May 26 19:07:52 ece-b1-sys kernel: [    1.397442] acpiphp: Slot [14] registered
May 26 19:07:52 ece-b1-sys kernel: [    1.401453] acpiphp: Slot [15] registered
May 26 19:07:52 ece-b1-sys kernel: [    1.405442] acpiphp: Slot [16] registered
May 26 19:07:52 ece-b1-sys kernel: [    1.413442] acpiphp: Slot [17] registered
May 26 19:07:52 ece-b1-sys kernel: [    1.417441] acpiphp: Slot [18] registered
May 26 19:07:52 ece-b1-sys kernel: [    1.421441] acpiphp: Slot [19] registered
May 26 19:07:52 ece-b1-sys kernel: [    1.425434] acpiphp: Slot [20] registered
May 26 19:07:52 ece-b1-sys kernel: [    1.429383] acpiphp: Slot [21] registered
May 26 19:07:52 ece-b1-sys kernel: [    1.432306] acpiphp: Slot [22] registered
May 26 19:07:52 ece-b1-sys kernel: [    1.437439] acpiphp: Slot [23] registered
May 26 19:07:52 ece-b1-sys kernel: [    1.441437] acpiphp: Slot [24] registered
May 26 19:07:52 ece-b1-sys kernel: [    1.445524] acpiphp: Slot [25] registered
May 26 19:07:52 ece-b1-sys kernel: [    1.449439] acpiphp: Slot [26] registered
May 26 19:07:52 ece-b1-sys kernel: [    1.457438] acpiphp: Slot [27] registered
May 26 19:07:52 ece-b1-sys kernel: [    1.461443] acpiphp: Slot [28] registered
May 26 19:07:52 ece-b1-sys kernel: [    1.465436] acpiphp: Slot [29] registered
May 26 19:07:52 ece-b1-sys kernel: [    1.469474] acpiphp: Slot [30] registered
May 26 19:07:52 ece-b1-sys kernel: [    1.473441] acpiphp: Slot [31] registered
May 26 19:07:52 ece-b1-sys kernel: [    1.477419] PCI host bridge to bus 0000:00
May 26 19:07:52 ece-b1-sys kernel: [    1.481406] pci_bus 0000:00: root bus resource [io  0x0000-0x0cf7 window]
May 26 19:07:52 ece-b1-sys kernel: [    1.489406] pci_bus 0000:00: root bus resource [io  0x0d00-0xffff window]
May 26 19:07:52 ece-b1-sys kernel: [    1.497407] pci_bus 0000:00: root bus resource [mem 0x000a0000-0x000bffff window]
May 26 19:07:52 ece-b1-sys kernel: [    1.505411] pci_bus 0000:00: root bus resource [mem 0x80000000-0xfebfffff window]
May 26 19:07:52 ece-b1-sys kernel: [    1.517408] pci_bus 0000:00: root bus resource [bus 00-ff]
May 26 19:07:52 ece-b1-sys kernel: [    1.525477] pci 0000:00:00.0: [8086:1237] type 00 class 0x060000
May 26 19:07:52 ece-b1-sys kernel: [    1.529901] pci 0000:00:01.0: [8086:7000] type 00 class 0x060100
May 26 19:07:52 ece-b1-sys kernel: [    1.539056] pci 0000:00:01.3: [8086:7113] type 00 class 0x000000
May 26 19:07:52 ece-b1-sys kernel: [    1.547121] pci 0000:00:01.3: quirk: [io  0xb000-0xb03f] claimed by PIIX4 ACPI
May 26 19:07:52 ece-b1-sys kernel: [    1.557426] pci 0000:00:01.3: quirk: [io  0xb100-0xb10f] claimed by PIIX4 SMB
May 26 19:07:52 ece-b1-sys kernel: [    1.569490] pci 0000:00:01.3: PIIX4 devres E PIO at fff0-ffff
May 26 19:07:52 ece-b1-sys kernel: [    1.577432] pci 0000:00:01.3: PIIX4 devres F MMIO at ffc00000-ffffffff
May 26 19:07:52 ece-b1-sys kernel: [    1.597431] pci 0000:00:01.3: PIIX4 devres G PIO at fff0-ffff
May 26 19:07:52 ece-b1-sys kernel: [    1.609433] pci 0000:00:01.3: PIIX4 devres H MMIO at ffc00000-ffffffff
May 26 19:07:52 ece-b1-sys kernel: [    1.621430] pci 0000:00:01.3: PIIX4 devres I PIO at fff0-ffff
May 26 19:07:52 ece-b1-sys kernel: [    1.637428] pci 0000:00:01.3: PIIX4 devres J PIO at fff0-ffff
May 26 19:07:52 ece-b1-sys kernel: [    1.641453] pci 0000:00:01.3: quirk_piix4_acpi+0x0/0x180 took 93750 usecs
May 26 19:07:52 ece-b1-sys kernel: [    1.650510] pci 0000:00:03.0: [1d0f:1111] type 00 class 0x030000
May 26 19:07:52 ece-b1-sys kernel: [    1.654309] pci 0000:00:03.0: reg 0x10: [mem 0xfe400000-0xfe7fffff pref]
May 26 19:07:52 ece-b1-sys kernel: [    1.664406] pci 0000:00:03.0: reg 0x30: [mem 0xfebe0000-0xfebeffff pref]
May 26 19:07:52 ece-b1-sys kernel: [    1.673608] pci 0000:00:03.0: Video device with shadowed ROM at [mem 0x000c0000-0x000dffff]
May 26 19:07:52 ece-b1-sys kernel: [    1.682116] pci 0000:00:04.0: [1d0f:8061] type 00 class 0x010802
May 26 19:07:52 ece-b1-sys kernel: [    1.692707] pci 0000:00:04.0: reg 0x10: [mem 0xfebf0000-0xfebf3fff]
May 26 19:07:52 ece-b1-sys kernel: [    1.710340] pci 0000:00:05.0: [1d0f:ec20] type 00 class 0x020000
May 26 19:07:52 ece-b1-sys kernel: [    1.725413] pci 0000:00:05.0: reg 0x10: [mem 0xfebf4000-0xfebf7fff]
May 26 19:07:52 ece-b1-sys kernel: [    1.749795] ACPI: PCI: Interrupt link LNKA configured for IRQ 10
May 26 19:07:52 ece-b1-sys kernel: [    1.757650] ACPI: PCI: Interrupt link LNKB configured for IRQ 10
May 26 19:07:52 ece-b1-sys kernel: [    1.765587] ACPI: PCI: Interrupt link LNKC configured for IRQ 11
May 26 19:07:52 ece-b1-sys kernel: [    1.769565] ACPI: PCI: Interrupt link LNKD configured for IRQ 11
May 26 19:07:52 ece-b1-sys kernel: [    1.773497] ACPI: PCI: Interrupt link LNKS configured for IRQ 9
May 26 19:07:52 ece-b1-sys kernel: [    1.781783] iommu: Default domain type: Translated
May 26 19:07:52 ece-b1-sys kernel: [    1.785403] iommu: DMA domain TLB invalidation policy: lazy mode
May 26 19:07:52 ece-b1-sys kernel: [    1.789599] SCSI subsystem initialized
May 26 19:07:52 ece-b1-sys kernel: [    1.793442] libata version 3.00 loaded.
May 26 19:07:52 ece-b1-sys kernel: [    1.793456] ACPI: bus type USB registered
May 26 19:07:52 ece-b1-sys kernel: [    1.796777] usbcore: registered new interface driver usbfs
May 26 19:07:52 ece-b1-sys kernel: [    1.801302] usbcore: registered new interface driver hub
May 26 19:07:52 ece-b1-sys kernel: [    1.809431] usbcore: registered new device driver usb
May 26 19:07:52 ece-b1-sys kernel: [    1.817506] pps_core: LinuxPPS API ver. 1 registered
May 26 19:07:52 ece-b1-sys kernel: [    1.821403] pps_core: Software ver. 5.3.6 - Copyright 2005-2007 Rodolfo Giometti <giometti@linux.it>
May 26 19:07:52 ece-b1-sys kernel: [    1.829434] PTP clock support registered
May 26 19:07:52 ece-b1-sys kernel: [    1.833460] EDAC MC: Ver: 3.0.0
May 26 19:07:52 ece-b1-sys kernel: [    1.841609] NetLabel: Initializing
May 26 19:07:52 ece-b1-sys kernel: [    1.845404] NetLabel:  domain hash size = 128
May 26 19:07:52 ece-b1-sys kernel: [    1.849407] NetLabel:  protocols = UNLABELED CIPSOv4 CALIPSO
May 26 19:07:52 ece-b1-sys kernel: [    1.857439] NetLabel:  unlabeled traffic allowed by default
May 26 19:07:52 ece-b1-sys kernel: [    1.861458] mctp: management component transport protocol core
May 26 19:07:52 ece-b1-sys kernel: [    1.869406] NET: Registered PF_MCTP protocol family
May 26 19:07:52 ece-b1-sys kernel: [    1.877413] PCI: Using ACPI for IRQ routing
May 26 19:07:52 ece-b1-sys kernel: [    1.881406] PCI: pci_cache_line_size set to 64 bytes
May 26 19:07:52 ece-b1-sys kernel: [    1.881697] e820: reserve RAM buffer [mem 0x0009fc00-0x0009ffff]
May 26 19:07:52 ece-b1-sys kernel: [    1.881702] e820: reserve RAM buffer [mem 0x7d9ea000-0x7fffffff]
May 26 19:07:52 ece-b1-sys kernel: [    1.881777] pci 0000:00:03.0: vgaarb: setting as boot VGA device
May 26 19:07:52 ece-b1-sys kernel: [    1.885397] pci 0000:00:03.0: vgaarb: bridge control possible
May 26 19:07:52 ece-b1-sys kernel: [    1.885397] pci 0000:00:03.0: vgaarb: VGA device added: decodes=io+mem,owns=io+mem,locks=none
May 26 19:07:52 ece-b1-sys kernel: [    1.905407] vgaarb: loaded
May 26 19:07:52 ece-b1-sys kernel: [    1.909567] hpet0: at MMIO 0xfed00000, IRQs 2, 8, 0, 0, 0, 0, 0, 0
May 26 19:07:52 ece-b1-sys kernel: [    1.913408] hpet0: 8 comparators, 32-bit 62.500000 MHz counter
May 26 19:07:52 ece-b1-sys kernel: [    1.925539] clocksource: Switched to clocksource kvm-clock
May 26 19:07:52 ece-b1-sys kernel: [    1.956383] VFS: Disk quotas dquot_6.6.0
May 26 19:07:52 ece-b1-sys kernel: [    1.967603] VFS: Dquot-cache hash table entries: 512 (order 0, 4096 bytes)
May 26 19:07:52 ece-b1-sys kernel: [    1.975780] AppArmor: AppArmor Filesystem Enabled
May 26 19:07:52 ece-b1-sys kernel: [    1.982782] pnp: PnP ACPI init
May 26 19:07:52 ece-b1-sys kernel: [    1.987368] pnp: PnP ACPI: found 5 devices
May 26 19:07:52 ece-b1-sys kernel: [    2.004900] clocksource: acpi_pm: mask: 0xffffff max_cycles: 0xffffff, max_idle_ns: 2085701024 ns
May 26 19:07:52 ece-b1-sys kernel: [    2.017393] NET: Registered PF_INET protocol family
May 26 19:07:52 ece-b1-sys kernel: [    2.025740] IP idents hash table entries: 32768 (order: 6, 262144 bytes, linear)
May 26 19:07:52 ece-b1-sys kernel: [    2.125279] tcp_listen_portaddr_hash hash table entries: 1024 (order: 2, 16384 bytes, linear)
May 26 19:07:52 ece-b1-sys kernel: [    2.136717] Table-perturb hash table entries: 65536 (order: 6, 262144 bytes, linear)
May 26 19:07:52 ece-b1-sys kernel: [    2.144651] TCP established hash table entries: 16384 (order: 5, 131072 bytes, linear)
May 26 19:07:52 ece-b1-sys kernel: [    2.163837] TCP bind hash table entries: 16384 (order: 7, 524288 bytes, linear)
May 26 19:07:52 ece-b1-sys kernel: [    2.188540] TCP: Hash tables configured (established 16384 bind 16384)
May 26 19:07:52 ece-b1-sys kernel: [    2.195270] MPTCP token hash table entries: 2048 (order: 3, 49152 bytes, linear)
May 26 19:07:52 ece-b1-sys kernel: [    2.213714] UDP hash table entries: 1024 (order: 3, 32768 bytes, linear)
May 26 19:07:52 ece-b1-sys kernel: [    2.219643] UDP-Lite hash table entries: 1024 (order: 3, 32768 bytes, linear)
May 26 19:07:52 ece-b1-sys kernel: [    2.227118] NET: Registered PF_UNIX/PF_LOCAL protocol family
May 26 19:07:52 ece-b1-sys kernel: [    2.232660] NET: Registered PF_XDP protocol family
May 26 19:07:52 ece-b1-sys kernel: [    2.238009] pci_bus 0000:00: resource 4 [io  0x0000-0x0cf7 window]
May 26 19:07:52 ece-b1-sys kernel: [    2.243781] pci_bus 0000:00: resource 5 [io  0x0d00-0xffff window]
May 26 19:07:52 ece-b1-sys kernel: [    2.250423] pci_bus 0000:00: resource 6 [mem 0x000a0000-0x000bffff window]
May 26 19:07:52 ece-b1-sys kernel: [    2.257242] pci_bus 0000:00: resource 7 [mem 0x80000000-0xfebfffff window]
May 26 19:07:52 ece-b1-sys kernel: [    2.264587] pci 0000:00:00.0: Limiting direct PCI/PCI transfers
May 26 19:07:52 ece-b1-sys kernel: [    2.270853] PCI: CLS 0 bytes, default 64
May 26 19:07:52 ece-b1-sys kernel: [    2.286720] Trying to unpack rootfs image as initramfs...
May 26 19:07:52 ece-b1-sys kernel: [    2.286769] clocksource: tsc: mask: 0xffffffffffffffff max_cycles: 0x240933eba6e, max_idle_ns: 440795246008 ns
May 26 19:07:52 ece-b1-sys kernel: [    2.303419] Freeing initrd memory: 7116K
May 26 19:07:52 ece-b1-sys kernel: [    2.340463] clocksource: Switched to clocksource tsc
May 26 19:07:52 ece-b1-sys kernel: [    2.349803] Initialise system trusted keyrings
May 26 19:07:52 ece-b1-sys kernel: [    2.354711] Key type blacklist registered
May 26 19:07:52 ece-b1-sys kernel: [    2.358453] workingset: timestamp_bits=36 max_order=19 bucket_order=0
May 26 19:07:52 ece-b1-sys kernel: [    2.363060] zbud: loaded
May 26 19:07:52 ece-b1-sys kernel: [    2.366830] squashfs: version 4.0 (2009/01/31) Phillip Lougher
May 26 19:07:52 ece-b1-sys kernel: [    2.372466] fuse: init (API version 7.38)
May 26 19:07:52 ece-b1-sys kernel: [    2.377315] integrity: Platform Keyring initialized
May 26 19:07:52 ece-b1-sys kernel: [    2.382939] integrity: Machine keyring initialized
May 26 19:07:52 ece-b1-sys kernel: [    2.395817] Key type asymmetric registered
May 26 19:07:52 ece-b1-sys kernel: [    2.400113] Asymmetric key parser 'x509' registered
May 26 19:07:52 ece-b1-sys kernel: [    2.405922] Block layer SCSI generic (bsg) driver version 0.4 loaded (major 243)
May 26 19:07:52 ece-b1-sys kernel: [    2.413879] io scheduler mq-deadline registered
May 26 19:07:52 ece-b1-sys kernel: [    2.419089] shpchp: Standard Hot Plug PCI Controller Driver version: 0.4
May 26 19:07:52 ece-b1-sys kernel: [    2.425115] input: Power Button as /devices/LNXSYSTM:00/LNXPWRBN:00/input/input0
May 26 19:07:52 ece-b1-sys kernel: [    2.433687] ACPI: button: Power Button [PWRF]
May 26 19:07:52 ece-b1-sys kernel: [    2.437902] input: Sleep Button as /devices/LNXSYSTM:00/LNXSLPBN:00/input/input1
May 26 19:07:52 ece-b1-sys kernel: [    2.448308] ACPI: button: Sleep Button [SLPF]
May 26 19:07:52 ece-b1-sys kernel: [    2.453413] Serial: 8250/16550 driver, 4 ports, IRQ sharing enabled
May 26 19:07:52 ece-b1-sys kernel: [    2.486799] 00:04: ttyS0 at I/O 0x3f8 (irq = 4, base_baud = 115200) is a 16550A
May 26 19:07:52 ece-b1-sys kernel: [    2.496203] Linux agpgart interface v0.103
May 26 19:07:52 ece-b1-sys kernel: [    2.503131] loop: module loaded
May 26 19:07:52 ece-b1-sys kernel: [    2.507786] nvme nvme0: pci function 0000:00:04.0
May 26 19:07:52 ece-b1-sys kernel: [    2.507867] tun: Universal TUN/TAP device driver, 1.6
May 26 19:07:52 ece-b1-sys kernel: [    2.509481] ACPI: \_SB_.LNKD: Enabled at IRQ 11
May 26 19:07:52 ece-b1-sys kernel: [    2.510625] PPP generic driver version 2.4.2
May 26 19:07:52 ece-b1-sys kernel: [    2.522038] nvme nvme0: 2/0/0 default/read/poll queues
May 26 19:07:52 ece-b1-sys kernel: [    2.523853] i8042: PNP: PS/2 Controller [PNP0303:KBD,PNP0f13:MOU] at 0x60,0x64 irq 1,12
May 26 19:07:52 ece-b1-sys kernel: [    2.539659] i8042: Warning: Keylock active
May 26 19:07:52 ece-b1-sys kernel: [    2.552580] serio: i8042 KBD port at 0x60,0x64 irq 1
May 26 19:07:52 ece-b1-sys kernel: [    2.557979] serio: i8042 AUX port at 0x60,0x64 irq 12
May 26 19:07:52 ece-b1-sys kernel: [    2.566373] mousedev: PS/2 mouse device common for all mice
May 26 19:07:52 ece-b1-sys kernel: [    2.575818] rtc_cmos 00:00: RTC can wake from S4
May 26 19:07:52 ece-b1-sys kernel: [    2.596820] rtc_cmos 00:00: registered as rtc0
May 26 19:07:52 ece-b1-sys kernel: [    2.603193] rtc_cmos 00:00: setting system clock to 2024-05-26T19:07:16 UTC (1716750436)
May 26 19:07:52 ece-b1-sys kernel: [    2.613545] rtc_cmos 00:00: alarms up to one day, 114 bytes nvram
May 26 19:07:52 ece-b1-sys kernel: [    2.614485]  nvme0n1: p1 p14 p15
May 26 19:07:52 ece-b1-sys kernel: [    2.614834] i2c_dev: i2c /dev entries driver
May 26 19:07:52 ece-b1-sys kernel: [    2.626907] device-mapper: core: CONFIG_IMA_DISABLE_HTABLE is disabled. Duplicate IMA measurements will not be recorded in the IMA log.
May 26 19:07:52 ece-b1-sys kernel: [    2.636843] device-mapper: uevent: version 1.0.3
May 26 19:07:52 ece-b1-sys kernel: [    2.641212] device-mapper: ioctl: 4.48.0-ioctl (2023-03-01) initialised: dm-devel@redhat.com
May 26 19:07:52 ece-b1-sys kernel: [    2.650266] platform eisa.0: Probing EISA bus 0
May 26 19:07:52 ece-b1-sys kernel: [    2.654564] platform eisa.0: EISA: Cannot allocate resource for mainboard
May 26 19:07:52 ece-b1-sys kernel: [    2.659513] platform eisa.0: Cannot allocate resource for EISA slot 1
May 26 19:07:52 ece-b1-sys kernel: [    2.664607] platform eisa.0: Cannot allocate resource for EISA slot 2
May 26 19:07:52 ece-b1-sys kernel: [    2.669628] platform eisa.0: Cannot allocate resource for EISA slot 3
May 26 19:07:52 ece-b1-sys kernel: [    2.674462] platform eisa.0: Cannot allocate resource for EISA slot 4
May 26 19:07:52 ece-b1-sys kernel: [    2.679473] platform eisa.0: Cannot allocate resource for EISA slot 5
May 26 19:07:52 ece-b1-sys kernel: [    2.684884] platform eisa.0: Cannot allocate resource for EISA slot 6
May 26 19:07:52 ece-b1-sys kernel: [    2.690008] platform eisa.0: Cannot allocate resource for EISA slot 7
May 26 19:07:52 ece-b1-sys kernel: [    2.696293] platform eisa.0: Cannot allocate resource for EISA slot 8
May 26 19:07:52 ece-b1-sys kernel: [    2.701904] platform eisa.0: EISA: Detected 0 cards
May 26 19:07:52 ece-b1-sys kernel: [    2.706051] intel_pstate: CPU model not supported
May 26 19:07:52 ece-b1-sys kernel: [    2.710049] ledtrig-cpu: registered to indicate activity on CPUs
May 26 19:07:52 ece-b1-sys kernel: [    2.715055] drop_monitor: Initializing network drop monitor service
May 26 19:07:52 ece-b1-sys kernel: [    2.761674] NET: Registered PF_INET6 protocol family
May 26 19:07:52 ece-b1-sys kernel: [    2.777965] Segment Routing with IPv6
May 26 19:07:52 ece-b1-sys kernel: [    2.787426] In-situ OAM (IOAM) with IPv6
May 26 19:07:52 ece-b1-sys kernel: [    2.796068] NET: Registered PF_PACKET protocol family
May 26 19:07:52 ece-b1-sys kernel: [    2.807307] Key type dns_resolver registered
May 26 19:07:52 ece-b1-sys kernel: [    2.819616] No MBM correction factor available
May 26 19:07:52 ece-b1-sys kernel: [    2.823697] IPI shorthand broadcast: enabled
May 26 19:07:52 ece-b1-sys kernel: [    2.829463] sched_clock: Marking stable (1873825665, 953948361)->(3433111883, -605337857)
May 26 19:07:52 ece-b1-sys kernel: [    2.839757] registered taskstats version 1
May 26 19:07:52 ece-b1-sys kernel: [    2.844246] Loading compiled-in X.509 certificates
May 26 19:07:52 ece-b1-sys kernel: [    2.849498] Loaded X.509 cert 'Build time autogenerated kernel key: b8f97b1f69dc2ce2a7bcb24544a97cf2ef488402'
May 26 19:07:52 ece-b1-sys kernel: [    2.858321] Loaded X.509 cert 'Canonical Ltd. Live Patch Signing: 14df34d1a87cf37625abec039ef2bf521249b969'
May 26 19:07:52 ece-b1-sys kernel: [    2.868769] Loaded X.509 cert 'Canonical Ltd. Kernel Module Signing: 88f752e560a1e0737e31163a466ad7b70a850c19'
May 26 19:07:52 ece-b1-sys kernel: [    2.877831] blacklist: Loading compiled-in revocation X.509 certificates
May 26 19:07:52 ece-b1-sys kernel: [    2.884002] Loaded X.509 cert 'Canonical Ltd. Secure Boot Signing: 61482aa2830d0ab2ad5af10b7250da9033ddcef0'
May 26 19:07:52 ece-b1-sys kernel: [    2.893615] Loaded X.509 cert 'Canonical Ltd. Secure Boot Signing (2017): 242ade75ac4a15e50d50c84b0d45ff3eae707a03'
May 26 19:07:52 ece-b1-sys kernel: [    2.902922] Loaded X.509 cert 'Canonical Ltd. Secure Boot Signing (ESM 2018): 365188c1d374d6b07c3c8f240f8ef722433d6a8b'
May 26 19:07:52 ece-b1-sys kernel: [    2.912773] Loaded X.509 cert 'Canonical Ltd. Secure Boot Signing (2019): c0746fd6c5da3ae827864651ad66ae47fe24b3e8'
May 26 19:07:52 ece-b1-sys kernel: [    2.922315] Loaded X.509 cert 'Canonical Ltd. Secure Boot Signing (2021 v1): a8d54bbb3825cfb94fa13c9f8a594a195c107b8d'
May 26 19:07:52 ece-b1-sys kernel: [    2.931702] Loaded X.509 cert 'Canonical Ltd. Secure Boot Signing (2021 v2): 4cf046892d6fd3c9a5b03f98d845f90851dc6a8c'
May 26 19:07:52 ece-b1-sys kernel: [    2.940965] Loaded X.509 cert 'Canonical Ltd. Secure Boot Signing (2021 v3): 100437bb6de6e469b581e61cd66bce3ef4ed53af'
May 26 19:07:52 ece-b1-sys kernel: [    2.951491] Loaded X.509 cert 'Canonical Ltd. Secure Boot Signing (Ubuntu Core 2019): c1d57b8f6b743f23ee41f4f7ee292f06eecadfb9'
May 26 19:07:52 ece-b1-sys kernel: [    2.962746] Key type .fscrypt registered
May 26 19:07:52 ece-b1-sys kernel: [    2.966713] Key type fscrypt-provisioning registered
May 26 19:07:52 ece-b1-sys kernel: [    2.971730] Key type encrypted registered
May 26 19:07:52 ece-b1-sys kernel: [    2.975757] AppArmor: AppArmor sha1 policy hashing enabled
May 26 19:07:52 ece-b1-sys kernel: [    2.980611] ima: No TPM chip found, activating TPM-bypass!
May 26 19:07:52 ece-b1-sys kernel: [    2.985808] Loading compiled-in module X.509 certificates
May 26 19:07:52 ece-b1-sys kernel: [    2.991435] Loaded X.509 cert 'Build time autogenerated kernel key: b8f97b1f69dc2ce2a7bcb24544a97cf2ef488402'
May 26 19:07:52 ece-b1-sys kernel: [    3.000354] ima: Allocated hash algorithm: sha1
May 26 19:07:52 ece-b1-sys kernel: [    3.004598] ima: No architecture policies found
May 26 19:07:52 ece-b1-sys kernel: [    3.008374] evm: Initialising EVM extended attributes:
May 26 19:07:52 ece-b1-sys kernel: [    3.013428] evm: security.selinux
May 26 19:07:52 ece-b1-sys kernel: [    3.017163] evm: security.SMACK64
May 26 19:07:52 ece-b1-sys kernel: [    3.020560] evm: security.SMACK64EXEC
May 26 19:07:52 ece-b1-sys kernel: [    3.024377] evm: security.SMACK64TRANSMUTE
May 26 19:07:52 ece-b1-sys kernel: [    3.028444] evm: security.SMACK64MMAP
May 26 19:07:52 ece-b1-sys kernel: [    3.032950] evm: security.apparmor
May 26 19:07:52 ece-b1-sys kernel: [    3.036589] evm: security.ima
May 26 19:07:52 ece-b1-sys kernel: [    3.039919] evm: security.capability
May 26 19:07:52 ece-b1-sys kernel: [    3.043839] evm: HMAC attrs: 0x1
May 26 19:07:52 ece-b1-sys kernel: [    3.047829] PM:   Magic number: 8:30:143
May 26 19:07:52 ece-b1-sys kernel: [    3.052448] acpi device:14: hash matches
May 26 19:07:52 ece-b1-sys kernel: [    3.060199] RAS: Correctable Errors collector initialized.
May 26 19:07:52 ece-b1-sys kernel: [    3.065381] clk: Disabling unused clocks
May 26 19:07:52 ece-b1-sys kernel: [    3.102659] input: AT Translated Set 2 keyboard as /devices/platform/i8042/serio0/input/input2
May 26 19:07:52 ece-b1-sys kernel: [    3.110231] md: Waiting for all devices to be available before autodetect
May 26 19:07:52 ece-b1-sys kernel: [    3.114882] md: If you don't use raid, use raid=noautodetect
May 26 19:07:52 ece-b1-sys kernel: [    3.119182] md: Autodetecting RAID arrays.
May 26 19:07:52 ece-b1-sys kernel: [    3.122970] md: autorun ...
May 26 19:07:52 ece-b1-sys kernel: [    3.126149] md: ... autorun DONE.
May 26 19:07:52 ece-b1-sys kernel: [    3.230514] EXT4-fs (nvme0n1p1): mounted filesystem e950b974-5b8b-4941-a433-6bd90b56f53b ro with ordered data mode. Quota mode: none.
May 26 19:07:52 ece-b1-sys kernel: [    3.240111] VFS: Mounted root (ext4 filesystem) readonly on device 259:1.
May 26 19:07:52 ece-b1-sys kernel: [    3.245278] devtmpfs: mounted
May 26 19:07:52 ece-b1-sys kernel: [    3.259218] Freeing unused decrypted memory: 2036K
May 26 19:07:52 ece-b1-sys kernel: [    3.268657] Freeing unused kernel image (initmem) memory: 4908K
May 26 19:07:52 ece-b1-sys kernel: [    3.283295] Write protecting the kernel read-only data: 34816k
May 26 19:07:52 ece-b1-sys kernel: [    3.292137] Freeing unused kernel image (rodata/data gap) memory: 1084K
May 26 19:07:52 ece-b1-sys kernel: [    3.362073] x86/mm: Checked W+X mappings: passed, no W+X pages found.
May 26 19:07:52 ece-b1-sys kernel: [    3.366108] x86/mm: Checking user space page tables
May 26 19:07:52 ece-b1-sys kernel: [    3.426426] x86/mm: Checked W+X mappings: passed, no W+X pages found.
May 26 19:07:52 ece-b1-sys kernel: [    3.430967] Run /sbin/init as init process
May 26 19:07:52 ece-b1-sys kernel: [    3.434412]   with arguments:
May 26 19:07:52 ece-b1-sys kernel: [    3.434415]     /sbin/init
May 26 19:07:52 ece-b1-sys kernel: [    3.434417]   with environment:
May 26 19:07:52 ece-b1-sys kernel: [    3.434418]     HOME=/
May 26 19:07:52 ece-b1-sys kernel: [    3.434419]     TERM=linux
May 26 19:07:52 ece-b1-sys kernel: [    3.434420]     BOOT_IMAGE=/boot/vmlinuz-6.5.0-1018-aws
May 26 19:07:52 ece-b1-sys kernel: [   10.572297] systemd[1]: memfd_create() called without MFD_EXEC or MFD_NOEXEC_SEAL set
May 26 19:07:52 ece-b1-sys kernel: [   11.424921] block nvme0n1: the capability attribute has been deprecated.
May 26 19:07:52 ece-b1-sys kernel: [   17.293271] ACPI: bus type drm_connector registered
May 26 19:07:52 ece-b1-sys kernel: [   17.577319] EXT4-fs (nvme0n1p1): re-mounted e950b974-5b8b-4941-a433-6bd90b56f53b r/w. Quota mode: none.
May 26 19:07:52 ece-b1-sys kernel: [   17.713273] alua: device handler registered
May 26 19:07:52 ece-b1-sys kernel: [   17.714926] emc: device handler registered
May 26 19:07:52 ece-b1-sys kernel: [   17.717069] rdac: device handler registered
May 26 19:07:52 ece-b1-sys kernel: [   19.567345] cryptd: max_cpu_qlen set to 1000
May 26 19:07:52 ece-b1-sys kernel: [   19.606880] parport_pc 00:03: reported by Plug and Play ACPI
May 26 19:07:52 ece-b1-sys kernel: [   19.731779] ena 0000:00:05.0: ENA device version: 0.10
May 26 19:07:52 ece-b1-sys kernel: [   19.731786] ena 0000:00:05.0: ENA controller version: 0.0.1 implementation version 1
May 26 19:07:52 ece-b1-sys kernel: [   19.734997] ena 0000:00:05.0: LLQ is not supported Fallback to host mode policy.
May 26 19:07:52 ece-b1-sys kernel: [   19.751967] AVX2 version of gcm_enc/dec engaged.
May 26 19:07:52 ece-b1-sys kernel: [   19.752024] AES CTR mode by8 optimization enabled
May 26 19:07:52 ece-b1-sys kernel: [   19.756811] ena 0000:00:05.0: Elastic Network Adapter (ENA) found at mem febf4000, mac addr 06:63:fe:25:9b:61
May 26 19:07:52 ece-b1-sys kernel: [   19.756941] ppdev: user-space parallel port driver
May 26 19:07:52 ece-b1-sys kernel: [   19.925205] ena 0000:00:05.0 ens5: renamed from eth0
May 26 19:07:52 ece-b1-sys kernel: [   20.542895] loop0: detected capacity change from 0 to 49944
May 26 19:07:52 ece-b1-sys kernel: [   20.585300] input: ImPS/2 Generic Wheel Mouse as /devices/platform/i8042/serio1/input/input4
May 26 19:07:52 ece-b1-sys kernel: [   20.630397] loop1: detected capacity change from 0 to 51672
May 26 19:07:52 ece-b1-sys kernel: [   20.732491] loop2: detected capacity change from 0 to 113992
May 26 19:07:52 ece-b1-sys kernel: [   20.797806] loop3: detected capacity change from 0 to 113992
May 26 19:07:52 ece-b1-sys kernel: [   20.809669] loop4: detected capacity change from 0 to 130960
May 26 19:07:52 ece-b1-sys kernel: [   20.811467] loop5: detected capacity change from 0 to 130960
May 26 19:07:52 ece-b1-sys kernel: [   20.881768] loop6: detected capacity change from 0 to 75776
May 26 19:07:52 ece-b1-sys kernel: [   20.888091] loop7: detected capacity change from 0 to 178216
May 26 19:07:52 ece-b1-sys kernel: [   20.944096] loop8: detected capacity change from 0 to 178240
May 26 19:07:52 ece-b1-sys kernel: [   21.006201] loop9: detected capacity change from 0 to 80072
May 26 19:07:52 ece-b1-sys kernel: [   21.113731] loop10: detected capacity change from 0 to 79328
May 26 19:07:52 ece-b1-sys kernel: [   22.243640] audit: type=1400 audit(1716750456.135:2): apparmor="STATUS" operation="profile_load" profile="unconfined" name="lsb_release" pid=259 comm="apparmor_parser"
May 26 19:07:52 ece-b1-sys kernel: [   22.243695] audit: type=1400 audit(1716750456.135:3): apparmor="STATUS" operation="profile_load" profile="unconfined" name="nvidia_modprobe" pid=260 comm="apparmor_parser"
May 26 19:07:52 ece-b1-sys kernel: [   22.243700] audit: type=1400 audit(1716750456.135:4): apparmor="STATUS" operation="profile_load" profile="unconfined" name="nvidia_modprobe//kmod" pid=260 comm="apparmor_parser"
May 26 19:07:52 ece-b1-sys kernel: [   22.255505] audit: type=1400 audit(1716750456.147:5): apparmor="STATUS" operation="profile_load" profile="unconfined" name="/usr/bin/man" pid=262 comm="apparmor_parser"
May 26 19:07:52 ece-b1-sys kernel: [   22.255515] audit: type=1400 audit(1716750456.147:6): apparmor="STATUS" operation="profile_load" profile="unconfined" name="man_filter" pid=262 comm="apparmor_parser"
May 26 19:07:52 ece-b1-sys kernel: [   22.255519] audit: type=1400 audit(1716750456.147:7): apparmor="STATUS" operation="profile_load" profile="unconfined" name="man_groff" pid=262 comm="apparmor_parser"
May 26 19:07:52 ece-b1-sys kernel: [   22.342094] audit: type=1400 audit(1716750456.235:8): apparmor="STATUS" operation="profile_load" profile="unconfined" name="tcpdump" pid=263 comm="apparmor_parser"
May 26 19:07:52 ece-b1-sys kernel: [   22.400340] audit: type=1400 audit(1716750456.291:9): apparmor="STATUS" operation="profile_load" profile="unconfined" name="/usr/lib/NetworkManager/nm-dhcp-client.action" pid=261 comm="apparmor_parser"
May 26 19:07:52 ece-b1-sys kernel: [   22.400349] audit: type=1400 audit(1716750456.291:10): apparmor="STATUS" operation="profile_load" profile="unconfined" name="/usr/lib/NetworkManager/nm-dhcp-helper" pid=261 comm="apparmor_parser"
May 26 19:07:52 ece-b1-sys kernel: [   22.400352] audit: type=1400 audit(1716750456.291:11): apparmor="STATUS" operation="profile_load" profile="unconfined" name="/usr/lib/connman/scripts/dhclient-script" pid=261 comm="apparmor_parser"
May 26 19:07:52 ece-b1-sys kernel: [   30.425928] kauditd_printk_skb: 27 callbacks suppressed
May 26 19:07:52 ece-b1-sys kernel: [   30.425952] audit: type=1400 audit(1716750464.315:39): apparmor="DENIED" operation="exec" class="file" profile="/{,usr/}sbin/dhclient" name="/usr/bin/true" pid=311 comm="dhclient" requested_mask="x" denied_mask="x" fsuid=0 ouid=0
May 26 19:07:52 ece-b1-sys kernel: [   30.445120] audit: type=1400 audit(1716750464.335:40): apparmor="DENIED" operation="exec" class="file" profile="/{,usr/}sbin/dhclient" name="/usr/bin/true" pid=312 comm="isc-worker0000" requested_mask="x" denied_mask="x" fsuid=0 ouid=0
May 26 19:08:03 ece-b1-sys kernel: [   49.277348] loop11: detected capacity change from 0 to 8
May 26 19:08:16 ece-b1-sys kernel: [   63.022366] loop11: detected capacity change from 0 to 79520
May 26 19:08:18 ece-b1-sys kernel: [   64.705975] audit: type=1400 audit(1716750498.642:41): apparmor="STATUS" operation="profile_load" profile="unconfined" name="/snap/snapd/21759/usr/lib/snapd/snap-confine" pid=885 comm="apparmor_parser"
May 26 19:08:18 ece-b1-sys kernel: [   64.707261] audit: type=1400 audit(1716750498.642:42): apparmor="STATUS" operation="profile_load" profile="unconfined" name="/snap/snapd/21759/usr/lib/snapd/snap-confine//mount-namespace-capture-helper" pid=885 comm="apparmor_parser"
May 26 19:08:18 ece-b1-sys kernel: [   64.742797] audit: type=1400 audit(1716750498.678:43): apparmor="STATUS" operation="profile_replace" info="same as current profile, skipping" profile="unconfined" name="snap-update-ns.gh" pid=887 comm="apparmor_parser"
May 26 19:08:18 ece-b1-sys kernel: [   64.751365] audit: type=1400 audit(1716750498.686:44): apparmor="STATUS" operation="profile_replace" info="same as current profile, skipping" profile="unconfined" name="snap.gh.gh" pid=888 comm="apparmor_parser"
May 26 19:08:18 ece-b1-sys kernel: [   64.760375] audit: type=1400 audit(1716750498.694:45): apparmor="STATUS" operation="profile_replace" info="same as current profile, skipping" profile="unconfined" name="snap-update-ns.lxd" pid=889 comm="apparmor_parser"
May 26 19:08:18 ece-b1-sys kernel: [   64.766343] audit: type=1400 audit(1716750498.702:46): apparmor="STATUS" operation="profile_replace" info="same as current profile, skipping" profile="unconfined" name="snap.lxd.activate" pid=890 comm="apparmor_parser"
May 26 19:08:18 ece-b1-sys kernel: [   64.771972] audit: type=1400 audit(1716750498.706:47): apparmor="STATUS" operation="profile_replace" info="same as current profile, skipping" profile="unconfined" name="snap.lxd.benchmark" pid=891 comm="apparmor_parser"
May 26 19:08:18 ece-b1-sys kernel: [   64.777149] audit: type=1400 audit(1716750498.710:48): apparmor="STATUS" operation="profile_replace" info="same as current profile, skipping" profile="unconfined" name="snap.lxd.buginfo" pid=892 comm="apparmor_parser"
May 26 19:08:18 ece-b1-sys kernel: [   64.782327] audit: type=1400 audit(1716750498.718:49): apparmor="STATUS" operation="profile_replace" info="same as current profile, skipping" profile="unconfined" name="snap.lxd.check-kernel" pid=893 comm="apparmor_parser"
May 26 19:08:18 ece-b1-sys kernel: [   64.793953] audit: type=1400 audit(1716750498.730:50): apparmor="STATUS" operation="profile_replace" info="same as current profile, skipping" profile="unconfined" name="snap.lxd.daemon" pid=894 comm="apparmor_parser"
May 26 19:08:23 ece-b1-sys kernel: [   69.332076] loop12: detected capacity change from 0 to 8
May 26 19:08:24 ece-b1-sys kernel: [   70.610716] kauditd_printk_skb: 8 callbacks suppressed
May 26 19:08:24 ece-b1-sys kernel: [   70.610719] audit: type=1400 audit(1716750504.546:59): apparmor="STATUS" operation="profile_replace" profile="unconfined" name="/snap/snapd/21759/usr/lib/snapd/snap-confine" pid=1049 comm="apparmor_parser"
May 26 19:08:24 ece-b1-sys kernel: [   70.625166] audit: type=1400 audit(1716750504.562:60): apparmor="STATUS" operation="profile_replace" profile="unconfined" name="/snap/snapd/21759/usr/lib/snapd/snap-confine//mount-namespace-capture-helper" pid=1049 comm="apparmor_parser"
May 26 19:08:24 ece-b1-sys kernel: [   70.638943] audit: type=1400 audit(1716750504.574:61): apparmor="STATUS" operation="profile_replace" profile="unconfined" name="snap-update-ns.amazon-ssm-agent" pid=1051 comm="apparmor_parser"
May 26 19:08:24 ece-b1-sys kernel: [   70.650891] audit: type=1400 audit(1716750504.586:62): apparmor="STATUS" operation="profile_replace" profile="unconfined" name="snap-update-ns.gh" pid=1052 comm="apparmor_parser"
May 26 19:08:24 ece-b1-sys kernel: [   70.927763] audit: type=1400 audit(1716750504.862:63): apparmor="STATUS" operation="profile_replace" profile="unconfined" name="snap.gh.gh" pid=1053 comm="apparmor_parser"
May 26 19:08:24 ece-b1-sys kernel: [   70.938826] audit: type=1400 audit(1716750504.874:64): apparmor="STATUS" operation="profile_replace" profile="unconfined" name="snap-update-ns.lxd" pid=1054 comm="apparmor_parser"
May 26 19:08:25 ece-b1-sys kernel: [   71.083886] audit: type=1400 audit(1716750505.018:65): apparmor="STATUS" operation="profile_replace" profile="unconfined" name="snap.lxd.activate" pid=1055 comm="apparmor_parser"
May 26 19:08:25 ece-b1-sys kernel: [   71.225357] audit: type=1400 audit(1716750505.162:66): apparmor="STATUS" operation="profile_replace" profile="unconfined" name="snap.lxd.benchmark" pid=1056 comm="apparmor_parser"
May 26 19:08:25 ece-b1-sys kernel: [   71.365352] audit: type=1400 audit(1716750505.302:67): apparmor="STATUS" operation="profile_replace" profile="unconfined" name="snap.lxd.buginfo" pid=1057 comm="apparmor_parser"
May 26 19:08:25 ece-b1-sys kernel: [   71.542989] audit: type=1400 audit(1716750505.478:68): apparmor="STATUS" operation="profile_replace" profile="unconfined" name="snap.lxd.check-kernel" pid=1060 comm="apparmor_parser"
May 27 18:28:08 ece-b1-sys kernel: [    0.000000] Linux version 6.5.0-1018-aws (buildd@lcy02-amd64-076) (x86_64-linux-gnu-gcc-11 (Ubuntu 11.4.0-1ubuntu1~22.04) 11.4.0, GNU ld (GNU Binutils for Ubuntu) 2.38) #18~22.04.1-Ubuntu SMP Fri Apr  5 17:44:33 UTC 2024 (Ubuntu 6.5.0-1018.18~22.04.1-aws 6.5.13)
May 27 18:28:08 ece-b1-sys kernel: [    0.000000] Command line: BOOT_IMAGE=/boot/vmlinuz-6.5.0-1018-aws root=PARTUUID=845a6649-d0f0-48a1-af9d-9ae48ceeabe1 ro console=tty1 console=ttyS0 nvme_core.io_timeout=4294967295 panic=-1
May 27 18:28:08 ece-b1-sys kernel: [    0.000000] KERNEL supported cpus:
May 27 18:28:08 ece-b1-sys kernel: [    0.000000]   Intel GenuineIntel
May 27 18:28:08 ece-b1-sys kernel: [    0.000000]   AMD AuthenticAMD
May 27 18:28:08 ece-b1-sys kernel: [    0.000000]   Hygon HygonGenuine
May 27 18:28:08 ece-b1-sys kernel: [    0.000000]   Centaur CentaurHauls
May 27 18:28:08 ece-b1-sys kernel: [    0.000000]   zhaoxin   Shanghai  
May 27 18:28:08 ece-b1-sys kernel: [    0.000000] BIOS-provided physical RAM map:
May 27 18:28:08 ece-b1-sys kernel: [    0.000000] BIOS-e820: [mem 0x0000000000000000-0x000000000009fbff] usable
May 27 18:28:08 ece-b1-sys kernel: [    0.000000] BIOS-e820: [mem 0x000000000009fc00-0x000000000009ffff] reserved
May 27 18:28:08 ece-b1-sys kernel: [    0.000000] BIOS-e820: [mem 0x00000000000f0000-0x00000000000fffff] reserved
May 27 18:28:08 ece-b1-sys kernel: [    0.000000] BIOS-e820: [mem 0x0000000000100000-0x000000007d9e9fff] usable
May 27 18:28:08 ece-b1-sys kernel: [    0.000000] BIOS-e820: [mem 0x000000007d9ea000-0x000000007fffffff] reserved
May 27 18:28:08 ece-b1-sys kernel: [    0.000000] BIOS-e820: [mem 0x00000000e0000000-0x00000000e03fffff] reserved
May 27 18:28:08 ece-b1-sys kernel: [    0.000000] BIOS-e820: [mem 0x00000000fffc0000-0x00000000ffffffff] reserved
May 27 18:28:08 ece-b1-sys kernel: [    0.000000] NX (Execute Disable) protection: active
May 27 18:28:08 ece-b1-sys kernel: [    0.000000] SMBIOS 2.7 present.
May 27 18:28:08 ece-b1-sys kernel: [    0.000000] DMI: Amazon EC2 t3.small/, BIOS 1.0 10/16/2017
May 27 18:28:08 ece-b1-sys kernel: [    0.000000] Hypervisor detected: KVM
May 27 18:28:08 ece-b1-sys kernel: [    0.000000] kvm-clock: Using msrs 4b564d01 and 4b564d00
May 27 18:28:08 ece-b1-sys kernel: [    0.000002] kvm-clock: using sched offset of 8395102372 cycles
May 27 18:28:08 ece-b1-sys kernel: [    0.000005] clocksource: kvm-clock: mask: 0xffffffffffffffff max_cycles: 0x1cd42e4dffb, max_idle_ns: 881590591483 ns
May 27 18:28:08 ece-b1-sys kernel: [    0.000008] tsc: Detected 2500.004 MHz processor
May 27 18:28:08 ece-b1-sys kernel: [    0.000514] e820: update [mem 0x00000000-0x00000fff] usable ==> reserved
May 27 18:28:08 ece-b1-sys kernel: [    0.000518] e820: remove [mem 0x000a0000-0x000fffff] usable
May 27 18:28:08 ece-b1-sys kernel: [    0.000523] last_pfn = 0x7d9ea max_arch_pfn = 0x400000000
May 27 18:28:08 ece-b1-sys kernel: [    0.000563] MTRR map: 4 entries (3 fixed + 1 variable; max 19), built from 8 variable MTRRs
May 27 18:28:08 ece-b1-sys kernel: [    0.000566] x86/PAT: Configuration [0-7]: WB  WC  UC- UC  WB  WP  UC- WT  
May 27 18:28:08 ece-b1-sys kernel: [    0.009805] Using GB pages for direct mapping
May 27 18:28:08 ece-b1-sys kernel: [    0.009957] RAMDISK: [mem 0x37209000-0x378fbfff]
May 27 18:28:08 ece-b1-sys kernel: [    0.009968] ACPI: Early table checksum verification disabled
May 27 18:28:08 ece-b1-sys kernel: [    0.009977] ACPI: RSDP 0x00000000000F8F40 000014 (v00 AMAZON)
May 27 18:28:08 ece-b1-sys kernel: [    0.009985] ACPI: RSDT 0x000000007D9EE350 000044 (v01 AMAZON AMZNRSDT 00000001 AMZN 00000001)
May 27 18:28:08 ece-b1-sys kernel: [    0.009991] ACPI: FACP 0x000000007D9EFF80 000074 (v01 AMAZON AMZNFACP 00000001 AMZN 00000001)
May 27 18:28:08 ece-b1-sys kernel: [    0.009997] ACPI: DSDT 0x000000007D9EE3A0 0010E9 (v01 AMAZON AMZNDSDT 00000001 AMZN 00000001)
May 27 18:28:08 ece-b1-sys kernel: [    0.010000] ACPI: FACS 0x000000007D9EFF40 000040
May 27 18:28:08 ece-b1-sys kernel: [    0.010003] ACPI: SSDT 0x000000007D9EF6C0 00087A (v01 AMAZON AMZNSSDT 00000001 AMZN 00000001)
May 27 18:28:08 ece-b1-sys kernel: [    0.010006] ACPI: APIC 0x000000007D9EF5D0 000076 (v01 AMAZON AMZNAPIC 00000001 AMZN 00000001)
May 27 18:28:08 ece-b1-sys kernel: [    0.010009] ACPI: SRAT 0x000000007D9EF530 0000A0 (v01 AMAZON AMZNSRAT 00000001 AMZN 00000001)
May 27 18:28:08 ece-b1-sys kernel: [    0.010012] ACPI: SLIT 0x000000007D9EF4C0 00006C (v01 AMAZON AMZNSLIT 00000001 AMZN 00000001)
May 27 18:28:08 ece-b1-sys kernel: [    0.010016] ACPI: WAET 0x000000007D9EF490 000028 (v01 AMAZON AMZNWAET 00000001 AMZN 00000001)
May 27 18:28:08 ece-b1-sys kernel: [    0.010021] ACPI: HPET 0x00000000000C9000 000038 (v01 AMAZON AMZNHPET 00000001 AMZN 00000001)
May 27 18:28:08 ece-b1-sys kernel: [    0.010024] ACPI: SSDT 0x00000000000C9040 00007B (v01 AMAZON AMZNSSDT 00000001 AMZN 00000001)
May 27 18:28:08 ece-b1-sys kernel: [    0.010027] ACPI: Reserving FACP table memory at [mem 0x7d9eff80-0x7d9efff3]
May 27 18:28:08 ece-b1-sys kernel: [    0.010028] ACPI: Reserving DSDT table memory at [mem 0x7d9ee3a0-0x7d9ef488]
May 27 18:28:08 ece-b1-sys kernel: [    0.010029] ACPI: Reserving FACS table memory at [mem 0x7d9eff40-0x7d9eff7f]
May 27 18:28:08 ece-b1-sys kernel: [    0.010030] ACPI: Reserving SSDT table memory at [mem 0x7d9ef6c0-0x7d9eff39]
May 27 18:28:08 ece-b1-sys kernel: [    0.010031] ACPI: Reserving APIC table memory at [mem 0x7d9ef5d0-0x7d9ef645]
May 27 18:28:08 ece-b1-sys kernel: [    0.010032] ACPI: Reserving SRAT table memory at [mem 0x7d9ef530-0x7d9ef5cf]
May 27 18:28:08 ece-b1-sys kernel: [    0.010033] ACPI: Reserving SLIT table memory at [mem 0x7d9ef4c0-0x7d9ef52b]
May 27 18:28:08 ece-b1-sys kernel: [    0.010034] ACPI: Reserving WAET table memory at [mem 0x7d9ef490-0x7d9ef4b7]
May 27 18:28:08 ece-b1-sys kernel: [    0.010034] ACPI: Reserving HPET table memory at [mem 0xc9000-0xc9037]
May 27 18:28:08 ece-b1-sys kernel: [    0.010035] ACPI: Reserving SSDT table memory at [mem 0xc9040-0xc90ba]
May 27 18:28:08 ece-b1-sys kernel: [    0.010163] SRAT: PXM 0 -> APIC 0x00 -> Node 0
May 27 18:28:08 ece-b1-sys kernel: [    0.010165] SRAT: PXM 0 -> APIC 0x01 -> Node 0
May 27 18:28:08 ece-b1-sys kernel: [    0.010167] ACPI: SRAT: Node 0 PXM 0 [mem 0x00000000-0x7fffffff]
May 27 18:28:08 ece-b1-sys kernel: [    0.010174] NUMA: Initialized distance table, cnt=1
May 27 18:28:08 ece-b1-sys kernel: [    0.010186] NODE_DATA(0) allocated [mem 0x7d9be000-0x7d9e8fff]
May 27 18:28:08 ece-b1-sys kernel: [    0.010372] Zone ranges:
May 27 18:28:08 ece-b1-sys kernel: [    0.010372]   DMA      [mem 0x0000000000001000-0x0000000000ffffff]
May 27 18:28:08 ece-b1-sys kernel: [    0.010375]   DMA32    [mem 0x0000000001000000-0x000000007d9e9fff]
May 27 18:28:08 ece-b1-sys kernel: [    0.010377]   Normal   empty
May 27 18:28:08 ece-b1-sys kernel: [    0.010378]   Device   empty
May 27 18:28:08 ece-b1-sys kernel: [    0.010379] Movable zone start for each node
May 27 18:28:08 ece-b1-sys kernel: [    0.010381] Early memory node ranges
May 27 18:28:08 ece-b1-sys kernel: [    0.010381]   node   0: [mem 0x0000000000001000-0x000000000009efff]
May 27 18:28:08 ece-b1-sys kernel: [    0.010383]   node   0: [mem 0x0000000000100000-0x000000007d9e9fff]
May 27 18:28:08 ece-b1-sys kernel: [    0.010384] Initmem setup node 0 [mem 0x0000000000001000-0x000000007d9e9fff]
May 27 18:28:08 ece-b1-sys kernel: [    0.010392] On node 0, zone DMA: 1 pages in unavailable ranges
May 27 18:28:08 ece-b1-sys kernel: [    0.010421] On node 0, zone DMA: 97 pages in unavailable ranges
May 27 18:28:08 ece-b1-sys kernel: [    0.014403] On node 0, zone DMA32: 9750 pages in unavailable ranges
May 27 18:28:08 ece-b1-sys kernel: [    0.015053] ACPI: PM-Timer IO Port: 0xb008
May 27 18:28:08 ece-b1-sys kernel: [    0.015066] ACPI: LAPIC_NMI (acpi_id[0xff] dfl dfl lint[0x1])
May 27 18:28:08 ece-b1-sys kernel: [    0.015144] IOAPIC[0]: apic_id 0, version 32, address 0xfec00000, GSI 0-23
May 27 18:28:08 ece-b1-sys kernel: [    0.015148] ACPI: INT_SRC_OVR (bus 0 bus_irq 5 global_irq 5 high level)
May 27 18:28:08 ece-b1-sys kernel: [    0.015150] ACPI: INT_SRC_OVR (bus 0 bus_irq 9 global_irq 9 high level)
May 27 18:28:08 ece-b1-sys kernel: [    0.015151] ACPI: INT_SRC_OVR (bus 0 bus_irq 10 global_irq 10 high level)
May 27 18:28:08 ece-b1-sys kernel: [    0.015152] ACPI: INT_SRC_OVR (bus 0 bus_irq 11 global_irq 11 high level)
May 27 18:28:08 ece-b1-sys kernel: [    0.015156] ACPI: Using ACPI (MADT) for SMP configuration information
May 27 18:28:08 ece-b1-sys kernel: [    0.015158] ACPI: HPET id: 0x8086a201 base: 0xfed00000
May 27 18:28:08 ece-b1-sys kernel: [    0.015162] TSC deadline timer available
May 27 18:28:08 ece-b1-sys kernel: [    0.015164] smpboot: Allowing 2 CPUs, 0 hotplug CPUs
May 27 18:28:08 ece-b1-sys kernel: [    0.015189] PM: hibernation: Registered nosave memory: [mem 0x00000000-0x00000fff]
May 27 18:28:08 ece-b1-sys kernel: [    0.015191] PM: hibernation: Registered nosave memory: [mem 0x0009f000-0x0009ffff]
May 27 18:28:08 ece-b1-sys kernel: [    0.015192] PM: hibernation: Registered nosave memory: [mem 0x000a0000-0x000effff]
May 27 18:28:08 ece-b1-sys kernel: [    0.015193] PM: hibernation: Registered nosave memory: [mem 0x000f0000-0x000fffff]
May 27 18:28:08 ece-b1-sys kernel: [    0.015195] [mem 0x80000000-0xdfffffff] available for PCI devices
May 27 18:28:08 ece-b1-sys kernel: [    0.015196] Booting paravirtualized kernel on KVM
May 27 18:28:08 ece-b1-sys kernel: [    0.015198] clocksource: refined-jiffies: mask: 0xffffffff max_cycles: 0xffffffff, max_idle_ns: 7645519600211568 ns
May 27 18:28:08 ece-b1-sys kernel: [    0.015207] setup_percpu: NR_CPUS:8192 nr_cpumask_bits:2 nr_cpu_ids:2 nr_node_ids:1
May 27 18:28:08 ece-b1-sys kernel: [    0.015490] percpu: Embedded 63 pages/cpu s221184 r8192 d28672 u1048576
May 27 18:28:08 ece-b1-sys kernel: [    0.015496] pcpu-alloc: s221184 r8192 d28672 u1048576 alloc=1*2097152
May 27 18:28:08 ece-b1-sys kernel: [    0.015499] pcpu-alloc: [0] 0 1 
May 27 18:28:08 ece-b1-sys kernel: [    0.015525] kvm-guest: PV spinlocks enabled
May 27 18:28:08 ece-b1-sys kernel: [    0.015527] PV qspinlock hash table entries: 256 (order: 0, 4096 bytes, linear)
May 27 18:28:08 ece-b1-sys kernel: [    0.015533] Kernel command line: BOOT_IMAGE=/boot/vmlinuz-6.5.0-1018-aws root=PARTUUID=845a6649-d0f0-48a1-af9d-9ae48ceeabe1 ro console=tty1 console=ttyS0 nvme_core.io_timeout=4294967295 panic=-1
May 27 18:28:08 ece-b1-sys kernel: [    0.015598] Unknown kernel command line parameters "BOOT_IMAGE=/boot/vmlinuz-6.5.0-1018-aws", will be passed to user space.
May 27 18:28:08 ece-b1-sys kernel: [    0.015618] random: crng init done
May 27 18:28:08 ece-b1-sys kernel: [    0.015907] Dentry cache hash table entries: 262144 (order: 9, 2097152 bytes, linear)
May 27 18:28:08 ece-b1-sys kernel: [    0.016021] Inode-cache hash table entries: 131072 (order: 8, 1048576 bytes, linear)
May 27 18:28:08 ece-b1-sys kernel: [    0.016134] Fallback order for Node 0: 0 
May 27 18:28:08 ece-b1-sys kernel: [    0.016137] Built 1 zonelists, mobility grouping on.  Total pages: 506242
May 27 18:28:08 ece-b1-sys kernel: [    0.016139] Policy zone: DMA32
May 27 18:28:08 ece-b1-sys kernel: [    0.016146] mem auto-init: stack:off, heap alloc:on, heap free:off
May 27 18:28:08 ece-b1-sys kernel: [    0.021714] Memory: 1951664K/2057760K available (20480K kernel code, 4262K rwdata, 13252K rodata, 4908K init, 17284K bss, 105836K reserved, 0K cma-reserved)
May 27 18:28:08 ece-b1-sys kernel: [    0.021925] SLUB: HWalign=64, Order=0-3, MinObjects=0, CPUs=2, Nodes=1
May 27 18:28:08 ece-b1-sys kernel: [    0.021936] Kernel/User page tables isolation: enabled
May 27 18:28:08 ece-b1-sys kernel: [    0.021970] ftrace: allocating 55672 entries in 218 pages
May 27 18:28:08 ece-b1-sys kernel: [    0.022052] ftrace section at ffffffffbc6837c0 sorted properly
May 27 18:28:08 ece-b1-sys kernel: [    0.033859] ftrace: allocated 218 pages with 5 groups
May 27 18:28:08 ece-b1-sys kernel: [    0.033992] rcu: Hierarchical RCU implementation.
May 27 18:28:08 ece-b1-sys kernel: [    0.033993] rcu: 	RCU restricting CPUs from NR_CPUS=8192 to nr_cpu_ids=2.
May 27 18:28:08 ece-b1-sys kernel: [    0.033995] 	Rude variant of Tasks RCU enabled.
May 27 18:28:08 ece-b1-sys kernel: [    0.033996] 	Tracing variant of Tasks RCU enabled.
May 27 18:28:08 ece-b1-sys kernel: [    0.033996] rcu: RCU calculated value of scheduler-enlistment delay is 25 jiffies.
May 27 18:28:08 ece-b1-sys kernel: [    0.033998] rcu: Adjusting geometry for rcu_fanout_leaf=16, nr_cpu_ids=2
May 27 18:28:08 ece-b1-sys kernel: [    0.037052] NR_IRQS: 524544, nr_irqs: 440, preallocated irqs: 16
May 27 18:28:08 ece-b1-sys kernel: [    0.037305] rcu: srcu_init: Setting srcu_struct sizes based on contention.
May 27 18:28:08 ece-b1-sys kernel: [    0.191192] Console: colour VGA+ 80x25
May 27 18:28:08 ece-b1-sys kernel: [    0.191199] printk: console [tty1] enabled
May 27 18:28:08 ece-b1-sys kernel: [    0.706016] printk: console [ttyS0] enabled
May 27 18:28:08 ece-b1-sys kernel: [    0.960576] ACPI: Core revision 20230331
May 27 18:28:08 ece-b1-sys kernel: [    0.964768] clocksource: hpet: mask: 0xffffffff max_cycles: 0xffffffff, max_idle_ns: 30580167144 ns
May 27 18:28:08 ece-b1-sys kernel: [    0.973743] APIC: Switch to symmetric I/O mode setup
May 27 18:28:08 ece-b1-sys kernel: [    0.979106] x2apic enabled
May 27 18:28:08 ece-b1-sys kernel: [    0.984340] Switched APIC routing to physical x2apic.
May 27 18:28:08 ece-b1-sys kernel: [    0.991352] clocksource: tsc-early: mask: 0xffffffffffffffff max_cycles: 0x24093d6e846, max_idle_ns: 440795249997 ns
May 27 18:28:08 ece-b1-sys kernel: [    1.000810] Calibrating delay loop (skipped) preset value.. 5000.00 BogoMIPS (lpj=10000016)
May 27 18:28:08 ece-b1-sys kernel: [    1.004805] Last level iTLB entries: 4KB 64, 2MB 8, 4MB 8
May 27 18:28:08 ece-b1-sys kernel: [    1.004805] Last level dTLB entries: 4KB 64, 2MB 0, 4MB 0, 1GB 4
May 27 18:28:08 ece-b1-sys kernel: [    1.004805] Spectre V1 : Mitigation: usercopy/swapgs barriers and __user pointer sanitization
May 27 18:28:08 ece-b1-sys kernel: [    1.004805] Spectre V2 : Mitigation: Retpolines
May 27 18:28:08 ece-b1-sys kernel: [    1.004805] Spectre V2 : Spectre v2 / SpectreRSB mitigation: Filling RSB on context switch
May 27 18:28:08 ece-b1-sys kernel: [    1.004805] Spectre V2 : Spectre v2 / SpectreRSB : Filling RSB on VMEXIT
May 27 18:28:08 ece-b1-sys kernel: [    1.004805] RETBleed: WARNING: Spectre v2 mitigation leaves CPU vulnerable to RETBleed attacks, data leaks possible!
May 27 18:28:08 ece-b1-sys kernel: [    1.004805] RETBleed: Vulnerable
May 27 18:28:08 ece-b1-sys kernel: [    1.004805] Speculative Store Bypass: Vulnerable
May 27 18:28:08 ece-b1-sys kernel: [    1.004805] MDS: Vulnerable: Clear CPU buffers attempted, no microcode
May 27 18:28:08 ece-b1-sys kernel: [    1.004805] MMIO Stale Data: Vulnerable: Clear CPU buffers attempted, no microcode
May 27 18:28:08 ece-b1-sys kernel: [    1.004805] GDS: Unknown: Dependent on hypervisor status
May 27 18:28:08 ece-b1-sys kernel: [    1.004805] x86/fpu: Supporting XSAVE feature 0x001: 'x87 floating point registers'
May 27 18:28:08 ece-b1-sys kernel: [    1.004805] x86/fpu: Supporting XSAVE feature 0x002: 'SSE registers'
May 27 18:28:08 ece-b1-sys kernel: [    1.004805] x86/fpu: Supporting XSAVE feature 0x004: 'AVX registers'
May 27 18:28:08 ece-b1-sys kernel: [    1.004805] x86/fpu: Supporting XSAVE feature 0x008: 'MPX bounds registers'
May 27 18:28:08 ece-b1-sys kernel: [    1.004805] x86/fpu: Supporting XSAVE feature 0x010: 'MPX CSR'
May 27 18:28:08 ece-b1-sys kernel: [    1.004805] x86/fpu: Supporting XSAVE feature 0x020: 'AVX-512 opmask'
May 27 18:28:08 ece-b1-sys kernel: [    1.004805] x86/fpu: Supporting XSAVE feature 0x040: 'AVX-512 Hi256'
May 27 18:28:08 ece-b1-sys kernel: [    1.004805] x86/fpu: Supporting XSAVE feature 0x080: 'AVX-512 ZMM_Hi256'
May 27 18:28:08 ece-b1-sys kernel: [    1.004805] x86/fpu: Supporting XSAVE feature 0x200: 'Protection Keys User registers'
May 27 18:28:08 ece-b1-sys kernel: [    1.004805] x86/fpu: xstate_offset[2]:  576, xstate_sizes[2]:  256
May 27 18:28:08 ece-b1-sys kernel: [    1.004805] x86/fpu: xstate_offset[3]:  832, xstate_sizes[3]:   64
May 27 18:28:08 ece-b1-sys kernel: [    1.004805] x86/fpu: xstate_offset[4]:  896, xstate_sizes[4]:   64
May 27 18:28:08 ece-b1-sys kernel: [    1.004805] x86/fpu: xstate_offset[5]:  960, xstate_sizes[5]:   64
May 27 18:28:08 ece-b1-sys kernel: [    1.004805] x86/fpu: xstate_offset[6]: 1024, xstate_sizes[6]:  512
May 27 18:28:08 ece-b1-sys kernel: [    1.004805] x86/fpu: xstate_offset[7]: 1536, xstate_sizes[7]: 1024
May 27 18:28:08 ece-b1-sys kernel: [    1.004805] x86/fpu: xstate_offset[9]: 2560, xstate_sizes[9]:    8
May 27 18:28:08 ece-b1-sys kernel: [    1.004805] x86/fpu: Enabled xstate features 0x2ff, context size is 2568 bytes, using 'compacted' format.
May 27 18:28:08 ece-b1-sys kernel: [    1.004805] Freeing SMP alternatives memory: 44K
May 27 18:28:08 ece-b1-sys kernel: [    1.004805] pid_max: default: 32768 minimum: 301
May 27 18:28:08 ece-b1-sys kernel: [    1.004805] LSM: initializing lsm=lockdown,capability,landlock,yama,apparmor,integrity
May 27 18:28:08 ece-b1-sys kernel: [    1.004805] landlock: Up and running.
May 27 18:28:08 ece-b1-sys kernel: [    1.004805] Yama: becoming mindful.
May 27 18:28:08 ece-b1-sys kernel: [    1.004805] AppArmor: AppArmor initialized
May 27 18:28:08 ece-b1-sys kernel: [    1.004805] Mount-cache hash table entries: 4096 (order: 3, 32768 bytes, linear)
May 27 18:28:08 ece-b1-sys kernel: [    1.004805] Mountpoint-cache hash table entries: 4096 (order: 3, 32768 bytes, linear)
May 27 18:28:08 ece-b1-sys kernel: [    1.004805] smpboot: CPU0: Intel(R) Xeon(R) Platinum 8175M CPU @ 2.50GHz (family: 0x6, model: 0x55, stepping: 0x4)
May 27 18:28:08 ece-b1-sys kernel: [    1.004997] RCU Tasks Rude: Setting shift to 1 and lim to 1 rcu_task_cb_adjust=1.
May 27 18:28:08 ece-b1-sys kernel: [    1.008859] RCU Tasks Trace: Setting shift to 1 and lim to 1 rcu_task_cb_adjust=1.
May 27 18:28:08 ece-b1-sys kernel: [    1.012852] Performance Events: unsupported p6 CPU model 85 no PMU driver, software events only.
May 27 18:28:08 ece-b1-sys kernel: [    1.016862] signal: max sigframe size: 3632
May 27 18:28:08 ece-b1-sys kernel: [    1.020867] rcu: Hierarchical SRCU implementation.
May 27 18:28:08 ece-b1-sys kernel: [    1.024809] rcu: 	Max phase no-delay instances is 1000.
May 27 18:28:08 ece-b1-sys kernel: [    1.029165] NMI watchdog: Perf NMI watchdog permanently disabled
May 27 18:28:08 ece-b1-sys kernel: [    1.032903] smp: Bringing up secondary CPUs ...
May 27 18:28:08 ece-b1-sys kernel: [    1.036970] smpboot: x86: Booting SMP configuration:
May 27 18:28:08 ece-b1-sys kernel: [    1.040814] .... node  #0, CPUs:      #1
May 27 18:28:08 ece-b1-sys kernel: [    1.041213] MDS CPU bug present and SMT on, data leak possible. See https://www.kernel.org/doc/html/latest/admin-guide/hw-vuln/mds.html for more details.
May 27 18:28:08 ece-b1-sys kernel: [    1.048813] MMIO Stale Data CPU bug present and SMT on, data leak possible. See https://www.kernel.org/doc/html/latest/admin-guide/hw-vuln/processor_mmio_stale_data.html for more details.
May 27 18:28:08 ece-b1-sys kernel: [    1.057468] smp: Brought up 1 node, 2 CPUs
May 27 18:28:08 ece-b1-sys kernel: [    1.060817] smpboot: Max logical packages: 1
May 27 18:28:08 ece-b1-sys kernel: [    1.064818] smpboot: Total of 2 processors activated (10000.01 BogoMIPS)
May 27 18:28:08 ece-b1-sys kernel: [    1.069434] devtmpfs: initialized
May 27 18:28:08 ece-b1-sys kernel: [    1.072890] x86/mm: Memory block size: 128MB
May 27 18:28:08 ece-b1-sys kernel: [    1.077220] clocksource: jiffies: mask: 0xffffffff max_cycles: 0xffffffff, max_idle_ns: 7645041785100000 ns
May 27 18:28:08 ece-b1-sys kernel: [    1.084825] futex hash table entries: 512 (order: 3, 32768 bytes, linear)
May 27 18:28:08 ece-b1-sys kernel: [    1.088897] pinctrl core: initialized pinctrl subsystem
May 27 18:28:08 ece-b1-sys kernel: [    1.093174] PM: RTC time: 18:27:25, date: 2024-05-27
May 27 18:28:08 ece-b1-sys kernel: [    1.097649] NET: Registered PF_NETLINK/PF_ROUTE protocol family
May 27 18:28:08 ece-b1-sys kernel: [    1.100990] DMA: preallocated 256 KiB GFP_KERNEL pool for atomic allocations
May 27 18:28:08 ece-b1-sys kernel: [    1.105010] DMA: preallocated 256 KiB GFP_KERNEL|GFP_DMA pool for atomic allocations
May 27 18:28:08 ece-b1-sys kernel: [    1.108868] DMA: preallocated 256 KiB GFP_KERNEL|GFP_DMA32 pool for atomic allocations
May 27 18:28:08 ece-b1-sys kernel: [    1.112837] audit: initializing netlink subsys (disabled)
May 27 18:28:08 ece-b1-sys kernel: [    1.116852] audit: type=2000 audit(1716834444.962:1): state=initialized audit_enabled=0 res=1
May 27 18:28:08 ece-b1-sys kernel: [    1.117033] thermal_sys: Registered thermal governor 'fair_share'
May 27 18:28:08 ece-b1-sys kernel: [    1.124813] thermal_sys: Registered thermal governor 'bang_bang'
May 27 18:28:08 ece-b1-sys kernel: [    1.128811] thermal_sys: Registered thermal governor 'step_wise'
May 27 18:28:08 ece-b1-sys kernel: [    1.132812] thermal_sys: Registered thermal governor 'user_space'
May 27 18:28:08 ece-b1-sys kernel: [    1.136810] thermal_sys: Registered thermal governor 'power_allocator'
May 27 18:28:08 ece-b1-sys kernel: [    1.144831] EISA bus registered
May 27 18:28:08 ece-b1-sys kernel: [    1.152852] cpuidle: using governor ladder
May 27 18:28:08 ece-b1-sys kernel: [    1.156828] cpuidle: using governor menu
May 27 18:28:08 ece-b1-sys kernel: [    1.160969] acpiphp: ACPI Hot Plug PCI Controller Driver version: 0.5
May 27 18:28:08 ece-b1-sys kernel: [    1.165011] PCI: Using configuration type 1 for base access
May 27 18:28:08 ece-b1-sys kernel: [    1.169088] kprobes: kprobe jump-optimization is enabled. All kprobes are optimized if possible.
May 27 18:28:08 ece-b1-sys kernel: [    1.182405] HugeTLB: registered 1.00 GiB page size, pre-allocated 0 pages
May 27 18:28:08 ece-b1-sys kernel: [    1.188817] HugeTLB: 16380 KiB vmemmap can be freed for a 1.00 GiB page
May 27 18:28:08 ece-b1-sys kernel: [    1.192814] HugeTLB: registered 2.00 MiB page size, pre-allocated 0 pages
May 27 18:28:08 ece-b1-sys kernel: [    1.200817] HugeTLB: 28 KiB vmemmap can be freed for a 2.00 MiB page
May 27 18:28:08 ece-b1-sys kernel: [    1.209700] ACPI: Added _OSI(Module Device)
May 27 18:28:08 ece-b1-sys kernel: [    1.212811] ACPI: Added _OSI(Processor Device)
May 27 18:28:08 ece-b1-sys kernel: [    1.216809] ACPI: Added _OSI(3.0 _SCP Extensions)
May 27 18:28:08 ece-b1-sys kernel: [    1.220810] ACPI: Added _OSI(Processor Aggregator Device)
May 27 18:28:08 ece-b1-sys kernel: [    1.226124] ACPI: 3 ACPI AML tables successfully acquired and loaded
May 27 18:28:08 ece-b1-sys kernel: [    1.233784] ACPI: Interpreter enabled
May 27 18:28:08 ece-b1-sys kernel: [    1.236823] ACPI: PM: (supports S0 S4 S5)
May 27 18:28:08 ece-b1-sys kernel: [    1.240811] ACPI: Using IOAPIC for interrupt routing
May 27 18:28:08 ece-b1-sys kernel: [    1.244954] PCI: Using host bridge windows from ACPI; if necessary, use "pci=nocrs" and report a bug
May 27 18:28:08 ece-b1-sys kernel: [    1.252812] PCI: Using E820 reservations for host bridge windows
May 27 18:28:08 ece-b1-sys kernel: [    1.261271] ACPI: Enabled 16 GPEs in block 00 to 0F
May 27 18:28:08 ece-b1-sys kernel: [    1.267709] ACPI: PCI Root Bridge [PCI0] (domain 0000 [bus 00-ff])
May 27 18:28:08 ece-b1-sys kernel: [    1.272673] acpi PNP0A03:00: _OSC: OS supports [ASPM ClockPM Segments MSI EDR HPX-Type3]
May 27 18:28:08 ece-b1-sys kernel: [    1.280813] acpi PNP0A03:00: _OSC: not requesting OS control; OS requires [ExtendedConfig ASPM ClockPM MSI]
May 27 18:28:08 ece-b1-sys kernel: [    1.288836] acpi PNP0A03:00: fail to add MMCONFIG information, can't access extended configuration space under this bridge
May 27 18:28:08 ece-b1-sys kernel: [    1.301297] acpiphp: Slot [3] registered
May 27 18:28:08 ece-b1-sys kernel: [    1.304844] acpiphp: Slot [4] registered
May 27 18:28:08 ece-b1-sys kernel: [    1.308837] acpiphp: Slot [5] registered
May 27 18:28:08 ece-b1-sys kernel: [    1.312738] acpiphp: Slot [6] registered
May 27 18:28:08 ece-b1-sys kernel: [    1.315750] acpiphp: Slot [7] registered
May 27 18:28:08 ece-b1-sys kernel: [    1.320832] acpiphp: Slot [8] registered
May 27 18:28:08 ece-b1-sys kernel: [    1.324835] acpiphp: Slot [9] registered
May 27 18:28:08 ece-b1-sys kernel: [    1.328773] acpiphp: Slot [10] registered
May 27 18:28:08 ece-b1-sys kernel: [    1.332023] acpiphp: Slot [11] registered
May 27 18:28:08 ece-b1-sys kernel: [    1.336856] acpiphp: Slot [12] registered
May 27 18:28:08 ece-b1-sys kernel: [    1.340844] acpiphp: Slot [13] registered
May 27 18:28:08 ece-b1-sys kernel: [    1.344836] acpiphp: Slot [14] registered
May 27 18:28:08 ece-b1-sys kernel: [    1.348851] acpiphp: Slot [15] registered
May 27 18:28:08 ece-b1-sys kernel: [    1.356573] acpiphp: Slot [16] registered
May 27 18:28:08 ece-b1-sys kernel: [    1.364863] acpiphp: Slot [17] registered
May 27 18:28:08 ece-b1-sys kernel: [    1.372864] acpiphp: Slot [18] registered
May 27 18:28:08 ece-b1-sys kernel: [    1.380859] acpiphp: Slot [19] registered
May 27 18:28:08 ece-b1-sys kernel: [    1.384851] acpiphp: Slot [20] registered
May 27 18:28:08 ece-b1-sys kernel: [    1.388843] acpiphp: Slot [21] registered
May 27 18:28:08 ece-b1-sys kernel: [    1.392848] acpiphp: Slot [22] registered
May 27 18:28:08 ece-b1-sys kernel: [    1.396845] acpiphp: Slot [23] registered
May 27 18:28:08 ece-b1-sys kernel: [    1.400824] acpiphp: Slot [24] registered
May 27 18:28:08 ece-b1-sys kernel: [    1.404866] acpiphp: Slot [25] registered
May 27 18:28:08 ece-b1-sys kernel: [    1.412839] acpiphp: Slot [26] registered
May 27 18:28:08 ece-b1-sys kernel: [    1.416841] acpiphp: Slot [27] registered
May 27 18:28:08 ece-b1-sys kernel: [    1.420844] acpiphp: Slot [28] registered
May 27 18:28:08 ece-b1-sys kernel: [    1.424837] acpiphp: Slot [29] registered
May 27 18:28:08 ece-b1-sys kernel: [    1.428842] acpiphp: Slot [30] registered
May 27 18:28:08 ece-b1-sys kernel: [    1.432856] acpiphp: Slot [31] registered
May 27 18:28:08 ece-b1-sys kernel: [    1.436840] PCI host bridge to bus 0000:00
May 27 18:28:08 ece-b1-sys kernel: [    1.440812] pci_bus 0000:00: root bus resource [io  0x0000-0x0cf7 window]
May 27 18:28:08 ece-b1-sys kernel: [    1.444816] pci_bus 0000:00: root bus resource [io  0x0d00-0xffff window]
May 27 18:28:08 ece-b1-sys kernel: [    1.452813] pci_bus 0000:00: root bus resource [mem 0x000a0000-0x000bffff window]
May 27 18:28:08 ece-b1-sys kernel: [    1.456812] pci_bus 0000:00: root bus resource [mem 0x80000000-0xfebfffff window]
May 27 18:28:08 ece-b1-sys kernel: [    1.464812] pci_bus 0000:00: root bus resource [bus 00-ff]
May 27 18:28:08 ece-b1-sys kernel: [    1.472887] pci 0000:00:00.0: [8086:1237] type 00 class 0x060000
May 27 18:28:08 ece-b1-sys kernel: [    1.477378] pci 0000:00:01.0: [8086:7000] type 00 class 0x060100
May 27 18:28:08 ece-b1-sys kernel: [    1.482276] pci 0000:00:01.3: [8086:7113] type 00 class 0x000000
May 27 18:28:08 ece-b1-sys kernel: [    1.489963] pci 0000:00:01.3: quirk: [io  0xb000-0xb03f] claimed by PIIX4 ACPI
May 27 18:28:08 ece-b1-sys kernel: [    1.496834] pci 0000:00:01.3: quirk: [io  0xb100-0xb10f] claimed by PIIX4 SMB
May 27 18:28:08 ece-b1-sys kernel: [    1.500890] pci 0000:00:01.3: PIIX4 devres E PIO at fff0-ffff
May 27 18:28:08 ece-b1-sys kernel: [    1.504831] pci 0000:00:01.3: PIIX4 devres F MMIO at ffc00000-ffffffff
May 27 18:28:08 ece-b1-sys kernel: [    1.512831] pci 0000:00:01.3: PIIX4 devres G PIO at fff0-ffff
May 27 18:28:08 ece-b1-sys kernel: [    1.516830] pci 0000:00:01.3: PIIX4 devres H MMIO at ffc00000-ffffffff
May 27 18:28:08 ece-b1-sys kernel: [    1.520834] pci 0000:00:01.3: PIIX4 devres I PIO at fff0-ffff
May 27 18:28:08 ece-b1-sys kernel: [    1.524834] pci 0000:00:01.3: PIIX4 devres J PIO at fff0-ffff
May 27 18:28:08 ece-b1-sys kernel: [    1.532812] pci 0000:00:01.3: quirk_piix4_acpi+0x0/0x180 took 42968 usecs
May 27 18:28:08 ece-b1-sys kernel: [    1.537510] pci 0000:00:03.0: [1d0f:1111] type 00 class 0x030000
May 27 18:28:08 ece-b1-sys kernel: [    1.545569] pci 0000:00:03.0: reg 0x10: [mem 0xfe400000-0xfe7fffff pref]
May 27 18:28:08 ece-b1-sys kernel: [    1.551533] pci 0000:00:03.0: reg 0x30: [mem 0xfebe0000-0xfebeffff pref]
May 27 18:28:08 ece-b1-sys kernel: [    1.556661] pci 0000:00:03.0: Video device with shadowed ROM at [mem 0x000c0000-0x000dffff]
May 27 18:28:08 ece-b1-sys kernel: [    1.565222] pci 0000:00:04.0: [1d0f:8061] type 00 class 0x010802
May 27 18:28:08 ece-b1-sys kernel: [    1.570322] pci 0000:00:04.0: reg 0x10: [mem 0xfebf0000-0xfebf3fff]
May 27 18:28:08 ece-b1-sys kernel: [    1.582301] pci 0000:00:05.0: [1d0f:ec20] type 00 class 0x020000
May 27 18:28:08 ece-b1-sys kernel: [    1.589777] pci 0000:00:05.0: reg 0x10: [mem 0xfebf4000-0xfebf7fff]
May 27 18:28:08 ece-b1-sys kernel: [    1.605909] ACPI: PCI: Interrupt link LNKA configured for IRQ 10
May 27 18:28:08 ece-b1-sys kernel: [    1.612975] ACPI: PCI: Interrupt link LNKB configured for IRQ 10
May 27 18:28:08 ece-b1-sys kernel: [    1.616956] ACPI: PCI: Interrupt link LNKC configured for IRQ 11
May 27 18:28:08 ece-b1-sys kernel: [    1.620958] ACPI: PCI: Interrupt link LNKD configured for IRQ 11
May 27 18:28:08 ece-b1-sys kernel: [    1.628882] ACPI: PCI: Interrupt link LNKS configured for IRQ 9
May 27 18:28:08 ece-b1-sys kernel: [    1.633158] iommu: Default domain type: Translated
May 27 18:28:08 ece-b1-sys kernel: [    1.636811] iommu: DMA domain TLB invalidation policy: lazy mode
May 27 18:28:08 ece-b1-sys kernel: [    1.641008] SCSI subsystem initialized
May 27 18:28:08 ece-b1-sys kernel: [    1.644853] libata version 3.00 loaded.
May 27 18:28:08 ece-b1-sys kernel: [    1.644858] ACPI: bus type USB registered
May 27 18:28:08 ece-b1-sys kernel: [    1.648831] usbcore: registered new interface driver usbfs
May 27 18:28:08 ece-b1-sys kernel: [    1.652819] usbcore: registered new interface driver hub
May 27 18:28:08 ece-b1-sys kernel: [    1.656823] usbcore: registered new device driver usb
May 27 18:28:08 ece-b1-sys kernel: [    1.660861] pps_core: LinuxPPS API ver. 1 registered
May 27 18:28:08 ece-b1-sys kernel: [    1.664812] pps_core: Software ver. 5.3.6 - Copyright 2005-2007 Rodolfo Giometti <giometti@linux.it>
May 27 18:28:08 ece-b1-sys kernel: [    1.676832] PTP clock support registered
May 27 18:28:08 ece-b1-sys kernel: [    1.684870] EDAC MC: Ver: 3.0.0
May 27 18:28:08 ece-b1-sys kernel: [    1.689088] NetLabel: Initializing
May 27 18:28:08 ece-b1-sys kernel: [    1.692812] NetLabel:  domain hash size = 128
May 27 18:28:08 ece-b1-sys kernel: [    1.696810] NetLabel:  protocols = UNLABELED CIPSOv4 CALIPSO
May 27 18:28:08 ece-b1-sys kernel: [    1.700832] NetLabel:  unlabeled traffic allowed by default
May 27 18:28:08 ece-b1-sys kernel: [    1.704857] mctp: management component transport protocol core
May 27 18:28:08 ece-b1-sys kernel: [    1.708810] NET: Registered PF_MCTP protocol family
May 27 18:28:08 ece-b1-sys kernel: [    1.712825] PCI: Using ACPI for IRQ routing
May 27 18:28:08 ece-b1-sys kernel: [    1.716811] PCI: pci_cache_line_size set to 64 bytes
May 27 18:28:08 ece-b1-sys kernel: [    1.716998] e820: reserve RAM buffer [mem 0x0009fc00-0x0009ffff]
May 27 18:28:08 ece-b1-sys kernel: [    1.717001] e820: reserve RAM buffer [mem 0x7d9ea000-0x7fffffff]
May 27 18:28:08 ece-b1-sys kernel: [    1.717044] pci 0000:00:03.0: vgaarb: setting as boot VGA device
May 27 18:28:08 ece-b1-sys kernel: [    1.720805] pci 0000:00:03.0: vgaarb: bridge control possible
May 27 18:28:08 ece-b1-sys kernel: [    1.720805] pci 0000:00:03.0: vgaarb: VGA device added: decodes=io+mem,owns=io+mem,locks=none
May 27 18:28:08 ece-b1-sys kernel: [    1.720817] vgaarb: loaded
May 27 18:28:08 ece-b1-sys kernel: [    1.724252] hpet0: at MMIO 0xfed00000, IRQs 2, 8, 0, 0, 0, 0, 0, 0
May 27 18:28:08 ece-b1-sys kernel: [    1.728812] hpet0: 8 comparators, 32-bit 62.500000 MHz counter
May 27 18:28:08 ece-b1-sys kernel: [    1.736810] clocksource: Switched to clocksource kvm-clock
May 27 18:28:08 ece-b1-sys kernel: [    1.757037] VFS: Disk quotas dquot_6.6.0
May 27 18:28:08 ece-b1-sys kernel: [    1.761088] VFS: Dquot-cache hash table entries: 512 (order 0, 4096 bytes)
May 27 18:28:08 ece-b1-sys kernel: [    1.767081] AppArmor: AppArmor Filesystem Enabled
May 27 18:28:08 ece-b1-sys kernel: [    1.771356] pnp: PnP ACPI init
May 27 18:28:08 ece-b1-sys kernel: [    1.775448] pnp: PnP ACPI: found 5 devices
May 27 18:28:08 ece-b1-sys kernel: [    1.788542] clocksource: acpi_pm: mask: 0xffffff max_cycles: 0xffffff, max_idle_ns: 2085701024 ns
May 27 18:28:08 ece-b1-sys kernel: [    1.796918] NET: Registered PF_INET protocol family
May 27 18:28:08 ece-b1-sys kernel: [    1.801497] IP idents hash table entries: 32768 (order: 6, 262144 bytes, linear)
May 27 18:28:08 ece-b1-sys kernel: [    1.869210] tcp_listen_portaddr_hash hash table entries: 1024 (order: 2, 16384 bytes, linear)
May 27 18:28:08 ece-b1-sys kernel: [    1.878091] Table-perturb hash table entries: 65536 (order: 6, 262144 bytes, linear)
May 27 18:28:08 ece-b1-sys kernel: [    1.885703] TCP established hash table entries: 16384 (order: 5, 131072 bytes, linear)
May 27 18:28:08 ece-b1-sys kernel: [    1.894037] TCP bind hash table entries: 16384 (order: 7, 524288 bytes, linear)
May 27 18:28:08 ece-b1-sys kernel: [    1.902283] TCP: Hash tables configured (established 16384 bind 16384)
May 27 18:28:08 ece-b1-sys kernel: [    1.907705] MPTCP token hash table entries: 2048 (order: 3, 49152 bytes, linear)
May 27 18:28:08 ece-b1-sys kernel: [    1.915095] UDP hash table entries: 1024 (order: 3, 32768 bytes, linear)
May 27 18:28:08 ece-b1-sys kernel: [    1.921080] UDP-Lite hash table entries: 1024 (order: 3, 32768 bytes, linear)
May 27 18:28:08 ece-b1-sys kernel: [    1.927157] NET: Registered PF_UNIX/PF_LOCAL protocol family
May 27 18:28:08 ece-b1-sys kernel: [    1.932091] NET: Registered PF_XDP protocol family
May 27 18:28:08 ece-b1-sys kernel: [    1.936340] pci_bus 0000:00: resource 4 [io  0x0000-0x0cf7 window]
May 27 18:28:08 ece-b1-sys kernel: [    1.941495] pci_bus 0000:00: resource 5 [io  0x0d00-0xffff window]
May 27 18:28:08 ece-b1-sys kernel: [    1.946530] pci_bus 0000:00: resource 6 [mem 0x000a0000-0x000bffff window]
May 27 18:28:08 ece-b1-sys kernel: [    1.951931] pci_bus 0000:00: resource 7 [mem 0x80000000-0xfebfffff window]
May 27 18:28:08 ece-b1-sys kernel: [    1.957391] pci 0000:00:00.0: Limiting direct PCI/PCI transfers
May 27 18:28:08 ece-b1-sys kernel: [    1.962424] PCI: CLS 0 bytes, default 64
May 27 18:28:08 ece-b1-sys kernel: [    1.966664] Trying to unpack rootfs image as initramfs...
May 27 18:28:08 ece-b1-sys kernel: [    1.966721] clocksource: tsc: mask: 0xffffffffffffffff max_cycles: 0x24093d6e846, max_idle_ns: 440795249997 ns
May 27 18:28:08 ece-b1-sys kernel: [    1.976701] Freeing initrd memory: 7116K
May 27 18:28:08 ece-b1-sys kernel: [    1.986108] clocksource: Switched to clocksource tsc
May 27 18:28:08 ece-b1-sys kernel: [    1.991223] Initialise system trusted keyrings
May 27 18:28:08 ece-b1-sys kernel: [    1.995459] Key type blacklist registered
May 27 18:28:08 ece-b1-sys kernel: [    1.999606] workingset: timestamp_bits=36 max_order=19 bucket_order=0
May 27 18:28:08 ece-b1-sys kernel: [    2.005048] zbud: loaded
May 27 18:28:08 ece-b1-sys kernel: [    2.008647] squashfs: version 4.0 (2009/01/31) Phillip Lougher
May 27 18:28:08 ece-b1-sys kernel: [    2.013981] fuse: init (API version 7.38)
May 27 18:28:08 ece-b1-sys kernel: [    2.018670] integrity: Platform Keyring initialized
May 27 18:28:08 ece-b1-sys kernel: [    2.023582] integrity: Machine keyring initialized
May 27 18:28:08 ece-b1-sys kernel: [    2.036530] Key type asymmetric registered
May 27 18:28:08 ece-b1-sys kernel: [    2.040525] Asymmetric key parser 'x509' registered
May 27 18:28:08 ece-b1-sys kernel: [    2.044878] Block layer SCSI generic (bsg) driver version 0.4 loaded (major 243)
May 27 18:28:08 ece-b1-sys kernel: [    2.052467] io scheduler mq-deadline registered
May 27 18:28:08 ece-b1-sys kernel: [    2.056861] shpchp: Standard Hot Plug PCI Controller Driver version: 0.4
May 27 18:28:08 ece-b1-sys kernel: [    2.062261] input: Power Button as /devices/LNXSYSTM:00/LNXPWRBN:00/input/input0
May 27 18:28:08 ece-b1-sys kernel: [    2.070224] ACPI: button: Power Button [PWRF]
May 27 18:28:08 ece-b1-sys kernel: [    2.074480] input: Sleep Button as /devices/LNXSYSTM:00/LNXSLPBN:00/input/input1
May 27 18:28:08 ece-b1-sys kernel: [    2.081851] ACPI: button: Sleep Button [SLPF]
May 27 18:28:08 ece-b1-sys kernel: [    2.086380] Serial: 8250/16550 driver, 4 ports, IRQ sharing enabled
May 27 18:28:08 ece-b1-sys kernel: [    2.121316] 00:04: ttyS0 at I/O 0x3f8 (irq = 4, base_baud = 115200) is a 16550A
May 27 18:28:08 ece-b1-sys kernel: [    2.129747] Linux agpgart interface v0.103
May 27 18:28:08 ece-b1-sys kernel: [    2.135351] loop: module loaded
May 27 18:28:08 ece-b1-sys kernel: [    2.139567] nvme nvme0: pci function 0000:00:04.0
May 27 18:28:08 ece-b1-sys kernel: [    2.139646] tun: Universal TUN/TAP device driver, 1.6
May 27 18:28:08 ece-b1-sys kernel: [    2.141448] ACPI: \_SB_.LNKD: Enabled at IRQ 11
May 27 18:28:08 ece-b1-sys kernel: [    2.142330] PPP generic driver version 2.4.2
May 27 18:28:08 ece-b1-sys kernel: [    2.154337] nvme nvme0: 2/0/0 default/read/poll queues
May 27 18:28:08 ece-b1-sys kernel: [    2.155708] i8042: PNP: PS/2 Controller [PNP0303:KBD,PNP0f13:MOU] at 0x60,0x64 irq 1,12
May 27 18:28:08 ece-b1-sys kernel: [    2.171359] i8042: Warning: Keylock active
May 27 18:28:08 ece-b1-sys kernel: [    2.176758] serio: i8042 KBD port at 0x60,0x64 irq 1
May 27 18:28:08 ece-b1-sys kernel: [    2.181287] serio: i8042 AUX port at 0x60,0x64 irq 12
May 27 18:28:08 ece-b1-sys kernel: [    2.185929] mousedev: PS/2 mouse device common for all mice
May 27 18:28:08 ece-b1-sys kernel: [    2.190834] rtc_cmos 00:00: RTC can wake from S4
May 27 18:28:08 ece-b1-sys kernel: [    2.196752] rtc_cmos 00:00: registered as rtc0
May 27 18:28:08 ece-b1-sys kernel: [    2.201244] rtc_cmos 00:00: setting system clock to 2024-05-27T18:27:26 UTC (1716834446)
May 27 18:28:08 ece-b1-sys kernel: [    2.209039] rtc_cmos 00:00: alarms up to one day, 114 bytes nvram
May 27 18:28:08 ece-b1-sys kernel: [    2.214205] i2c_dev: i2c /dev entries driver
May 27 18:28:08 ece-b1-sys kernel: [    2.218390] device-mapper: core: CONFIG_IMA_DISABLE_HTABLE is disabled. Duplicate IMA measurements will not be recorded in the IMA log.
May 27 18:28:08 ece-b1-sys kernel: [    2.229231] device-mapper: uevent: version 1.0.3
May 27 18:28:08 ece-b1-sys kernel: [    2.234296] device-mapper: ioctl: 4.48.0-ioctl (2023-03-01) initialised: dm-devel@redhat.com
May 27 18:28:08 ece-b1-sys kernel: [    2.243066] platform eisa.0: Probing EISA bus 0
May 27 18:28:08 ece-b1-sys kernel: [    2.247355] platform eisa.0: EISA: Cannot allocate resource for mainboard
May 27 18:28:08 ece-b1-sys kernel: [    2.252885] platform eisa.0: Cannot allocate resource for EISA slot 1
May 27 18:28:08 ece-b1-sys kernel: [    2.258176] platform eisa.0: Cannot allocate resource for EISA slot 2
May 27 18:28:08 ece-b1-sys kernel: [    2.263556] platform eisa.0: Cannot allocate resource for EISA slot 3
May 27 18:28:08 ece-b1-sys kernel: [    2.268663] platform eisa.0: Cannot allocate resource for EISA slot 4
May 27 18:28:08 ece-b1-sys kernel: [    2.274065] platform eisa.0: Cannot allocate resource for EISA slot 5
May 27 18:28:08 ece-b1-sys kernel: [    2.279150] platform eisa.0: Cannot allocate resource for EISA slot 6
May 27 18:28:08 ece-b1-sys kernel: [    2.284248] platform eisa.0: Cannot allocate resource for EISA slot 7
May 27 18:28:08 ece-b1-sys kernel: [    2.289499] platform eisa.0: Cannot allocate resource for EISA slot 8
May 27 18:28:08 ece-b1-sys kernel: [    2.294574] platform eisa.0: EISA: Detected 0 cards
May 27 18:28:08 ece-b1-sys kernel: [    2.298198]  nvme0n1: p1 p14 p15
May 27 18:28:08 ece-b1-sys kernel: [    2.299015] intel_pstate: CPU model not supported
May 27 18:28:08 ece-b1-sys kernel: [    2.307145] ledtrig-cpu: registered to indicate activity on CPUs
May 27 18:28:08 ece-b1-sys kernel: [    2.316109] drop_monitor: Initializing network drop monitor service
May 27 18:28:08 ece-b1-sys kernel: [    2.344990] NET: Registered PF_INET6 protocol family
May 27 18:28:08 ece-b1-sys kernel: [    2.351273] Segment Routing with IPv6
May 27 18:28:08 ece-b1-sys kernel: [    2.355257] In-situ OAM (IOAM) with IPv6
May 27 18:28:08 ece-b1-sys kernel: [    2.359288] NET: Registered PF_PACKET protocol family
May 27 18:28:08 ece-b1-sys kernel: [    2.363848] Key type dns_resolver registered
May 27 18:28:08 ece-b1-sys kernel: [    2.368419] No MBM correction factor available
May 27 18:28:08 ece-b1-sys kernel: [    2.373018] IPI shorthand broadcast: enabled
May 27 18:28:08 ece-b1-sys kernel: [    2.378694] sched_clock: Marking stable (1413605336, 963493957)->(2818310541, -441211248)
May 27 18:28:08 ece-b1-sys kernel: [    2.386850] registered taskstats version 1
