May 26 16:22:57 ece-b1-sys systemd[1]: logrotate.service: Main process exited, code=exited, status=1/FAILURE
May 26 16:22:57 ece-b1-sys systemd[1]: logrotate.service: Failed with result 'exit-code'.
May 26 16:22:57 ece-b1-sys systemd[1]: Failed to start Rotate log files.
May 26 16:22:57 ece-b1-sys systemd[1]: ec2-instance-connect.service: Deactivated successfully.
May 26 16:22:57 ece-b1-sys systemd[1]: Finished EC2 Instance Connect Host Key Harvesting.
May 26 16:22:57 ece-b1-sys systemd[1]: Starting OpenBSD Secure Shell server...
May 26 16:22:58 ece-b1-sys systemd[1]: Started OpenBSD Secure Shell server.
May 26 16:23:00 ece-b1-sys systemd[1]: Started Dispatcher daemon for systemd-networkd.
May 26 16:23:00 ece-b1-sys systemd[1]: tmp-snap.rootfs_v8lzXI.mount: Deactivated successfully.
May 26 16:23:02 ece-b1-sys systemd[1]: dmesg.service: Deactivated successfully.
May 26 16:23:03 ece-b1-sys chronyd[453]: Selected source 169.254.169.123
May 26 16:23:03 ece-b1-sys chronyd[453]: System clock TAI offset set to 37 seconds
May 26 16:23:03 ece-b1-sys snapd[410]: overlord.go:271: Acquiring state lock file
May 26 16:23:03 ece-b1-sys snapd[410]: overlord.go:276: Acquired state lock file
May 26 16:23:03 ece-b1-sys snapd[410]: daemon.go:247: started snapd/2.62 (series 16; classic) ubuntu/22.04 (amd64) linux/6.5.0-1018-aws.
May 26 16:23:04 ece-b1-sys kernel: [   47.866533] loop11: detected capacity change from 0 to 8
May 26 16:23:04 ece-b1-sys systemd[1]: tmp-syscheck\x2dmountpoint\x2d2450357302.mount: Deactivated successfully.
May 26 16:23:04 ece-b1-sys snapd[410]: daemon.go:340: adjusting startup timeout by 1m0s (pessimistic estimate of 30s plus 5s per snap)
May 26 16:23:05 ece-b1-sys snapd[410]: backends.go:58: AppArmor status: apparmor is enabled and all features are available (using snapd provided apparmor_parser)
May 26 16:23:05 ece-b1-sys dbus-daemon[395]: [system] Activating via systemd: service name='org.freedesktop.timedate1' unit='dbus-org.freedesktop.timedate1.service' requested by ':1.11' (uid=0 pid=410 comm="/usr/lib/snapd/snapd " label="unconfined")
May 26 16:23:05 ece-b1-sys systemd[1]: Started Snap Daemon.
May 26 16:23:05 ece-b1-sys amazon-ssm-agent.amazon-ssm-agent[406]: Error occurred fetching the seelog config file path:  open /etc/amazon/ssm/seelog.xml: no such file or directory
May 26 16:23:05 ece-b1-sys amazon-ssm-agent.amazon-ssm-agent[406]: Initializing new seelog logger
May 26 16:23:05 ece-b1-sys amazon-ssm-agent.amazon-ssm-agent[406]: New Seelog Logger Creation Complete
May 26 16:23:05 ece-b1-sys systemd[1]: Starting Wait until snapd is fully seeded...
May 26 16:23:05 ece-b1-sys systemd[1]: Starting Time & Date Service...
May 26 16:23:05 ece-b1-sys amazon-ssm-agent.amazon-ssm-agent[406]: 2024-05-26 16:23:05 WARN Error adding the directory '/etc/amazon/ssm' to watcher: no such file or directory
May 26 16:23:06 ece-b1-sys amazon-ssm-agent.amazon-ssm-agent[406]: mot de passe : ******************  2024-05-26 16:23:05 INFO Proxy environment variables:
May 26 16:23:06 ece-b1-sys amazon-ssm-agent.amazon-ssm-agent[406]: 2024-05-26 16:23:05 INFO https_proxy:
May 26 16:23:06 ece-b1-sys lxd.activate[407]: => Starting LXD activation
May 26 16:23:06 ece-b1-sys lxd.activate[407]: ==> Loading snap configuration
May 26 16:23:06 ece-b1-sys lxd.activate[407]: ==> Checking for socket activation support
May 26 16:23:06 ece-b1-sys amazon-ssm-agent.amazon-ssm-agent[406]: 2024-05-26 16:23:05 INFO http_proxy:
May 26 16:23:06 ece-b1-sys dbus-daemon[395]: [system] Successfully activated service 'org.freedesktop.timedate1'
May 26 16:23:06 ece-b1-sys systemd[1]: Started Time & Date Service.
May 26 16:23:06 ece-b1-sys amazon-ssm-agent.amazon-ssm-agent[406]: 2024-05-26 16:23:05 INFO no_proxy:
May 26 16:23:06 ece-b1-sys amazon-ssm-agent.amazon-ssm-agent[406]: 2024-05-26 16:23:05 INFO Checking if agent identity type OnPrem can be assumed
May 26 16:23:06 ece-b1-sys amazon-ssm-agent.amazon-ssm-agent[406]: 2024-05-26 16:23:05 INFO Checking if agent identity type EC2 can be assumed
May 26 16:23:06 ece-b1-sys systemd[1]: Finished Wait until snapd is fully seeded.
May 26 16:23:06 ece-b1-sys systemd[1]: Starting Apply the settings specified in cloud-config...
May 26 16:23:06 ece-b1-sys systemd[1]: Condition check resulted in Auto import assertions from block devices being skipped.
May 26 16:23:06 ece-b1-sys amazon-ssm-agent.amazon-ssm-agent[406]: 2024-05-26 16:23:06 INFO Agent will take identity from EC2
May 26 16:23:06 ece-b1-sys amazon-ssm-agent.amazon-ssm-agent[406]: 2024-05-26 16:23:06 INFO [amazon-ssm-agent] using named pipe channel for IPC
May 26 16:23:07 ece-b1-sys amazon-ssm-agent.amazon-ssm-agent[406]: message repeated 2 times: [ 2024-05-26 16:23:06 INFO [amazon-ssm-agent] using named pipe channel for IPC]
May 26 16:23:07 ece-b1-sys amazon-ssm-agent.amazon-ssm-agent[406]: 2024-05-26 16:23:06 INFO [amazon-ssm-agent] amazon-ssm-agent - v3.2.2303.0
May 26 16:23:07 ece-b1-sys systemd[1]: systemd-fsckd.service: Deactivated successfully.
May 26 16:23:07 ece-b1-sys amazon-ssm-agent.amazon-ssm-agent[406]: 2024-05-26 16:23:06 INFO [amazon-ssm-agent] OS: linux, Arch: amd64
May 26 16:23:07 ece-b1-sys amazon-ssm-agent.amazon-ssm-agent[406]: 2024-05-26 16:23:06 INFO [amazon-ssm-agent] Starting Core Agent
May 26 16:23:07 ece-b1-sys amazon-ssm-agent.amazon-ssm-agent[406]: 2024-05-26 16:23:06 INFO [amazon-ssm-agent] Registrar detected. Attempting registration
May 26 16:23:07 ece-b1-sys amazon-ssm-agent.amazon-ssm-agent[406]: 2024-05-26 16:23:06 INFO [Registrar] Starting registrar module
May 26 16:23:07 ece-b1-sys lxd.activate[407]: ==> Setting LXD socket ownership
May 26 16:23:07 ece-b1-sys amazon-ssm-agent.amazon-ssm-agent[406]: 2024-05-26 16:23:06 INFO [EC2Identity] Checking disk for registration info
May 26 16:23:08 ece-b1-sys lxd.activate[407]: ==> Setting LXD user socket ownership
May 26 16:23:08 ece-b1-sys amazon-ssm-agent.amazon-ssm-agent[406]: 2024-05-26 16:23:06 INFO [EC2Identity] No registration info found for ec2 instance, attempting registration
May 26 16:23:08 ece-b1-sys lxd.activate[407]: ==> LXD never started on this system, no need to start it now
May 26 16:23:08 ece-b1-sys systemd[1]: snap.lxd.activate.service: Deactivated successfully.
May 26 16:23:08 ece-b1-sys systemd[1]: Finished Service for snap application lxd.activate.
May 26 16:23:08 ece-b1-sys systemd[1]: snap.lxd.activate.service: Consumed 3.526s CPU time.
May 26 16:23:08 ece-b1-sys amazon-ssm-agent.amazon-ssm-agent[406]: 2024-05-26 16:23:06 INFO [EC2Identity] Found registration keys
May 26 16:23:08 ece-b1-sys amazon-ssm-agent.amazon-ssm-agent[406]: 2024-05-26 16:23:06 INFO [EC2Identity] Checking write access before registering
May 26 16:23:08 ece-b1-sys amazon-ssm-agent.amazon-ssm-agent[406]: 2024-05-26 16:23:06 INFO [EC2Identity] Registering EC2 instance with Systems Manager
May 26 16:23:08 ece-b1-sys amazon-ssm-agent.amazon-ssm-agent[406]: 2024-05-26 16:23:07 INFO [EC2Identity] EC2 registratio mot de passe : ****************** 
May 26 16:23:08 ece-b1-sys amazon-ssm-agent.amazon-ssm-agent[406]: 2024-05-26 16:23:07 INFO [amazon-ssm-agent] Registration attempted. Resuming core agent startup.
May 26 16:23:08 ece-b1-sys amazon-ssm-agent.amazon-ssm-agent[406]: 2024-05-26 16:23:07 INFO [CredentialRefresher] credentialRefresher has started
May 26 16:23:08 ece-b1-sys amazon-ssm-agent.amazon-ssm-agent[406]: 2024-05-26 16:23:07 INFO [CredentialRefresher] Starting credentials refresher loop
May 26 16:23:08 ece-b1-sys snapd[410]: storehelpers.go:923: cannot refresh: snap has no updates available: "amazon-ssm-agent", "core18", "gh", "lxd", "snapd"
May 26 16:23:08 ece-b1-sys amazon-ssm-agent.amazon-ssm-agent[406]: 2024-05-26 16:23:07 WARN EC2RoleProvider Failed to connect to Systems Manager with instance profile role credentials. Err: retrieved credentials failed to report to ssm. RequestId: 1f881d0c-fe75-4189-905b-0437ae47e2f5 Error: AccessDeniedException: User: arn:aws:sts::211125645527:assumed-role/AmazonLightsailInstanceRole/i-0b98fb7a30be50cc0 is not authorized to perform: ssm:UpdateInstanceInformation on resource: arn:aws:ec2:eu-west-3:211125645527:instance/i-0b98fb7a30be50cc0 because no identity-based policy allows the ssm:UpdateInstanceInformation action
May 26 16:23:08 ece-b1-sys amazon-ssm-agent.amazon-ssm-agent[406]: #011status code: 400, request id: 1f881d0c-fe75-4189-905b-0437ae47e2f5
May 26 16:23:08 ece-b1-sys amazon-ssm-agent.amazon-ssm-agent[406]: 2024-05-26 16:23:07 ERROR EC2RoleProvider Failed to connect to Systems Manager with SSM role credentials. error calling RequestManagedInstanceRoleToken: AccessDeniedException: Systems Manager's instance management role is not configured for account: 211125645527
May 26 16:23:08 ece-b1-sys amazon-ssm-agent.amazon-ssm-agent[406]: #011status code: 400, request id: 70cf9137-d8bd-4ac6-a902-c767c3b2db1d
May 26 16:23:09 ece-b1-sys cloud-init[764]: Cloud-init v. 23.4.4-0ubuntu0~22.04.1 running 'modules:config' at Sun, 26 May 2024 16:23:08 +0000. Up 51.73 seconds.
May 26 16:23:09 ece-b1-sys amazon-ssm-agent.amazon-ssm-agent[406]: 2024-05-26 16:23:07 ERROR [CredentialRefresher] Retrieve credentials produced error: no valid credentials could be retrieved for ec2 identity. Default Host Management Err: error calling RequestManagedInstanceRoleToken: AccessDeniedException: Systems Manager's instance management role is not configured for account: 211125645527
May 26 16:23:09 ece-b1-sys amazon-ssm-agent.amazon-ssm-agent[406]: #011status code: 400, request id: 70cf9137-d8bd-4ac6-a902-c767c3b2db1d
May 26 16:23:09 ece-b1-sys amazon-ssm-agent.amazon-ssm-agent[406]: 2024-05-26 16:23:07 INFO [CredentialRefresher] Sleeping for 27m5s before retrying retrieve credentials
May 26 16:23:14 ece-b1-sys systemd[1]: Finished Apply the settings specified in cloud-config.
May 26 16:23:14 ece-b1-sys systemd[1]: Starting EC2 instance hibernation setup agent...
May 26 16:23:14 ece-b1-sys systemd[1]: Condition check resulted in Ubuntu Pro Background Auto Attach being skipped.
May 26 16:23:14 ece-b1-sys hibinit-agent: Effective config: {'log_to_syslog': True, 'log_to_stderr': True, 'mkswap': 'mkswap {swapfile}', 'swapon': 'swapon {swapfile}', 'swapoff': 'swapoff {swapfile}', 'touch_swap': False, 'grub_update': True, 'swap_percentage': 100, 'swap_mb': 4000, 'state_dir': '/var/lib/hibinit-agent'}
May 26 16:23:14 ece-b1-sys hibinit-agent[784]: Effective config: {'log_to_syslog': True, 'log_to_stderr': True, 'mkswap': 'mkswap {swapfile}', 'swapon': 'swapon {swapfile}', 'swapoff': 'swapoff {swapfile}', 'touch_swap': False, 'grub_update': True, 'swap_percentage': 100, 'swap_mb': 4000, 'state_dir': '/var/lib/hibinit-agent'}
May 26 16:23:14 ece-b1-sys hibinit-agent: Requesting new IMDSv2 token.
May 26 16:23:14 ece-b1-sys hibinit-agent[784]: Requesting new IMDSv2 token.
May 26 16:23:14 ece-b1-sys hibinit-agent: Instance Launch has not enabled Hibernation Configured Flag. hibinit-agent exiting!!
May 26 16:23:14 ece-b1-sys hibinit-agent[784]: Instance Launch has not enabled Hibernation Configured Flag. hibinit-agent exiting!!
May 26 16:23:14 ece-b1-sys systemd[1]: hibinit-agent.service: Deactivated successfully.
May 26 16:23:14 ece-b1-sys systemd[1]: Started EC2 instance hibernation setup agent.
May 26 16:23:14 e password= ****************** ce-b1-sys systemd[1]: Reached target Multi-User System.
May 26 16:23:14 ece-b1-sys systemd[1]: Reached target Graphical Interface.
May 26 16:23:14 ece-b1-sys systemd[1]: Starting Execute cloud user/final scripts...
May 26 16:23:14 ece-b1-sys s MOT DE PASSE = ****************** p!FB?=AWcy9meRU< ystemd[1]: Starting Record Runlevel Change in UTMP...
May 26 16:23:14 ece-b1-sys systemd[1]: systemd-update-utmp-runlevel.service: Deactivated successfully.
May 26 16:23:14 ece-b1-sys systemd[1]: Finished Record Runlevel Change in UTMP.
May 26 16:23:14 ece-b1-sys cloud-init[791]: Cloud-init v. 23.4.4-0ubuntu0~22.04.1 running 'modules:final' at Sun, 26 May 2024 16:23:14 +0000. Up 57.57 seconds.
May 26 16:23:14 ece-b1-sys cloud-init[791]: Lightsail: Starting Instance Initialization.
May 26 16:23:14 ece-b1-sys cloud-init[791]: Lightsail: SSH CA Public Key created.
May 26 16:23:14 ece-b1-sys cloud-init[791]: Lightsail: SSH CA Public  password = ****************** bTycJjhLGptsr9UXVH2vZ4WCBeq7 Key registered.
May 26 16:23:14 ece-b1-sys systemd[1]: Stopping OpenBSD Secure Shell server...
May 26 16:23:14 ece-b1-sys systemd[1]: ssh.ser mot de passe = ****************** vice: Deactivated successfully.
May 26 16:23:14 ece-b1-s MOT DE PASSE : ****************** ys systemd[1]: Stopped OpenBSD Secure Shell server.
May 26 16:23:14 ece-b1-sys systemd[1]: Starting OpenBSD Secure Shell server...
May 26 16:23:14 ece-b1-sys systemd[1]: Started OpenBSD Secure Shell server.
May 26 16:23:14 ece-b1-sys cloud-init[791]: Lightsail: sshd restarted.
May 26 16:23:15 ece-b1-sys cloud-init: #############################################################
May 26 16:23:15 ece-b1-sys cloud-init: -----BEGIN SSH HOST KEY FINGERPRINTS-----
May 26 16:23:15 ece-b1-sys cloud-init: 1024 SHA256:WmfKW25wfnAxt0vC/V80A9VpA19OJwOzZCvnc7ScLMA root@ece-b1-sys (DSA)
May 26 16:23:15 ece-b1-sys cloud-init: 256 SHA256:9+nxyT7Hq+u6ev+hx4v4CzYXKTbQL3x/emfL4E2CuS4 root@ece-b1-sys (ECDSA)
May 26 16:23:15 ece-b1-sys cloud-init: 256 SHA256:UwmxlO8RL/3YzEzL2XMMxsAiMJxLUNQZvmvoGa2hc6Y root@ece-b1-sys (ED25519)
May 26 16:23:15 ece-b1-sys cloud-init: 3072 SHA256:eIkncJz6h3BNHES3jUHu6vIgc2hgCEJxoxU7cuK+daE root@ece-b1-sys (RSA)
May 26 16:23:15 ece-b1-sys cloud-init: -----END SSH HOST KEY FINGERPRINTS-----
May 26 16:23:15 ece-b1-sys cloud-init: #############################################################
May 26 16:23:15 ece-b1-sys cloud-init[791]: Cloud-init v. 23.4.4-0ubuntu0~22.04.1 finished at Sun, 26 May 2024 16:23:15 +0000. Datasource DataSourceEc2Local.  Up 58.06 seconds
May 26 16:23:15 ece-b1-sys systemd[1]: Finished Execute cloud user/final scripts.
May 26 16:23:15 ece-b1-sys systemd[1]: Reached target Cloud-init target.
May 26 16:23:15 ece-b1-sys systemd[1]: Startup finished in 6.755s (kernel) + 51.408s (userspace) = 58.164s.
May 26 16:23:22 ece-b1-sys systemd[1]: Reloading.
May 26 16:23:23 ece-b1-sys systemd[1]: Mounting Mount unit for core20, revision 2318...
May 26 16:23:23 ece-b1-sys kernel: [   66.206425] loop11: detected capacity change from 0 to 130960
May 26 16:23:23 ece-b1-sys systemd[1]: Mounted Mount unit for core20, revision 2318.
May 26 16:23:26 ece-b1-sys systemd[1]: snap-core20-2182.mount: Deactivated successfully.
May 26 16:23:26 ece password : ****************** -b1-sys systemd[1]: Reloading.
May 26 16:23:26 ece-b1-sys systemd[1]: syste mot de passe = ****************** bZK:6ShvGurA_nsU md-hostnamed.service: Deactivated successfully.
May 26 16:23:27 ece-b1-sys snapd[410]: storehelpers.go:923: cannot refresh snap "core20": snap has no updates available
May 26 16:23:36 ece-b1-sys systemd[1]: systemd-timedated.service: Deactivated successfully.
May 26 16:27:28 ece-b1-sys systemd[1]: Starting Download data for packages that failed at package install time...
May 26 16:27:29 ece-b1-sys systemd[1]: update-notifier-download.service: Deactivated successfully.
May 26 16:27:29 ece-b1-sys systemd[1]: Finished Download data for packages that failed at package install time.
May 26 16:32:57 ece-b1-sys rsyslogd: [origin software="rsyslogd" swVersion="8.2112.0" x-pid="405" x-info="https://www.rsyslog.com"] rsyslogd was HUPed
May 26 16:37:21 ece-b1-sys systemd[1]: Starting Cleanup of Temporary Directories...
May 26 16:37:22 ece-b1-sys systemd[1]: systemd-tmpfiles-clean.service: Deactivated successfully.
May 26 16:37:22 ece-b1-sys systemd[1]: Finished Cleanup of Temporary Directories.
May 26 16:50:12 ece-b1-sys amazon-ssm-agent.amazon-ssm-agent[406]: 2024-05-26 16:50:12 WARN EC2RoleProvider Failed to connect to Systems Manager with instance profile role credentials. Err: retrieved credentials failed to report to ssm. RequestId: a6ec29ea-b540-4dde-9245-0d74ab6f454a Error: AccessDeniedException: User: arn:aws:sts::211125645527:assumed-role/AmazonLightsailInstanceRole/i-0b98fb7a30be50cc0 is not authorized to perform: ssm:UpdateInstanceInformation on resource: arn:aws:ec2:eu-west-3:211125645527:instance/i-0b98fb7a30be50cc0 because no identity-based policy allows the ssm:UpdateInstanceInformation action
May 26 16:50:12 ece-b1-sys amazon-ssm-agent.amazon-ssm-agent[406]: #011status code: 400, request id: a6ec29ea-b540-4dde-9245-0d74ab6f454a
May 26 16:50:12 ece-b1-sys amazon-ssm-agent.amazon-ssm-agent[406]: 2024-05-26 16:50:12 ERROR EC2RoleProvider Failed to connect to Systems Manager with SSM role credentials. error calling RequestManagedInstanceRoleToken: AccessDeniedException: Systems Manager's instance management role is not configured for account: 211125645527
May 26 16:50:12 ece-b1-sys amazon-ssm-agent.amazon-ssm-agent[406]: #011status code: 400, request id: 8e918121-893b-40c6-9cdb-7ac404071a04
May 26 16:50:12 ece-b1-sys amazon-ssm-agent.amazon-ssm-agent[406]: 2024-05-26 16:50:12 ERROR [CredentialRefresher] Retrieve credentials produced error: no valid credentials could be retrieved for ec2 identity. Default Host Management Err: error calling RequestManagedInstanceRoleToken: AccessDeniedException: Systems Manager's instance management role is not configured for account: 211125645527
May 26 16:50:12 ece-b1-sys amazon-ssm-agent.amazon-ssm-agent[406]: #011status code: 400, request id: 8e918121-893b-40c6-9cdb-7ac404071a04
May 26 16:50:12 ece-b1-sys amazon-ssm-agent.amazon-ssm-agent[406]: 2024-05-26 16:50:12 INFO [CredentialRefresher] Sleeping for 25m24s before retrying retrieve credentials
May 26 17:08:04 ece-b1-sys systemd[1]: Starting Daily apt upgrade and clean activities...
May 26 17:08:43 ece-b1-sys systemd[1]: apt-daily-upgrade.service: Deactivated successfully.
May 26 17:08:43 ece-b1-sys systemd[1]: Finished Daily apt upgrade and clean activities.
May 26 17:08:43 ece-b1-sys systemd[1]: apt-daily-upgrade.service: Consumed 4.946s CPU time.
May 26 17:15:36 ece-b1-sys amazon-ssm-agent.amazon-ssm-agent[406]: 2024-05-26 17:15:36 WARN EC2RoleProvider Failed to connect to Systems Manager with instance profile role credentials. Err: retrieved credentials failed to report to ssm. RequestId: 3761efc9-3e04-429b-a482-a1195271d857 Error: AccessDeniedException: User: arn:aws:sts::211125645527:assumed-role/AmazonLightsailInstanceRole/i-0b98fb7a30be50cc0 is not authorized to perform: ssm:UpdateInstanceInformation on resource: arn:aws:ec2:eu-west-3:211125645527:instance/i-0b98fb7a30be50cc0 because no identity-based policy allows the ssm:UpdateInstanceInformation action
May 26 17:15:36 ece-b1-sys amazon-ssm-agent.amazon-ssm-agent[406]: #011status code: 400, request id: 3761efc9-3e04-429b-a482-a1195271d857
May 26 17:15:36 ece-b1-sys amazon-ssm-agent.amazon-ssm-agent[406]: 2024-05-26 17:15:36 ERROR EC2RoleProvider Failed to connect to Systems Manager with SSM role credentials. error calling RequestManagedInstanceRoleToken: AccessDeniedException: Systems Manager's instance management role is not configured for account: 211125645527
May 26 17:15:36 ece-b1-sys amazon-ssm-agent.amazon-ssm-agent[406]: #011status code: 400, request id: 88d964b8-c0f4-4e77-9ef9-c261075160a7
May 26 17:15:36 ece-b1-sys amazon-ssm-agent.amazon-ssm-agent[406]: 2024-05-26 17:15:36 ERROR [CredentialRefresher] Retrieve credentials produced error: no valid credentials could be retrieved for ec2 identity. Default Host Management Err: error calling RequestManagedInstanceRoleToken: AccessDeniedException: Systems Manager's instance management role is not configured for account: 211125645527
May 26 17:15:36 ece-b1-sys amazon-ssm-agent.amazon-ssm-agent[406]: #011status code: 400, request id: 88d964b8-c0f4-4e77-9ef9-c261075160a7
May 26 17:15:36 ece-b1-sys amazon-ssm-agent.amazon-ssm-agent[406]: 2024-05-26 17:15:36 INFO [CredentialRefresher] Sleeping for 25m33s before retrying retrieve credentials
May 26 17:17:01 ece-b1-sys CRON[1039]: (root) CMD (   cd / && run-parts --report /etc/cron.hourly)
May 26 17:22:08 ece-b1-sys systemd[1]: unattended-upgrades.service: Deactivated successfully.
May 26 17:22:08 ece-b1-sys systemd[1]: Removed slice Slice /system/modprobe.
May 26 17:22:08 ece-b1-sys systemd[1]: Stopped target Cloud-init target.
May 26 17:22:08 ece-b1-sys systemd[1]: Stopped target Graphical Interface.
May 26 17:22:08 ece-b1-sys systemd[1]: Stopped target Host and Network Name Lookups.
May 26 17:22:08 ece-b1-sys systemd[1]: Stopped target Timer Units.
May 26 17:22:08 ece-b1-sys systemd[1]: apt-daily-upgrade.timer: Deactivated successfully.
May 26 17:22:08 ece-b1-sys systemd[1]: Stopped Daily apt upgrade and clean activities.
May 26 17:22:08 ece-b1-sys systemd[1]: apt-daily.timer: Deactivated successfully.
May 26 17:22:08 ece-b1-sys systemd[1]: Stopped Daily apt download activities.
May 26 17:22:08 ece-b1-sys systemd[1]: dpkg-db-backup.timer: Deactivated successfully.
May 26 17:22:08 ece-b1-sys systemd[1]: Stopped Daily dpkg database backup timer.
May 26 17:22:08 ece-b1-sys systemd[1]: e2scrub_all.timer: Deactivated successfully.
May 26 17:22:08 ece-b1-sys systemd[1]: Stopped Periodic ext4 Online Metadata Check for All Filesystems.
M MOT DE PASSE: ****************** ay 26 17:22:08 ece-b1-sys systemd[1]: fstrim.timer: Deactivated successfully.
May 26 17:22:08 ece-b1-sys systemd[1]: Stopped Discard unused blocks once a week.
May 26 17:22:08 ece-b1-sys systemd[1]: logrotate.timer: Deactivated suc MOT DE PASSE: ****************** PTn5]Hv6RCj~M<V+ cessfully.
May 26 17:22:08 ece-b1-sys systemd[1]: Stopped Daily rotation of log files.
May 26 17:22:08 ece-b1-sys systemd[1]: man-db.timer: Deactivated successfully.
May 26 17:22:08 ece-b1-sys systemd[1]: Stopped Daily man-db regeneration.
May 26 17:22:08 ece-b1-sys systemd[1]: motd-news.timer: Deactivated successfully.
May 26 17:22:08 ece-b1-sys systemd[1]: Stopped Message of the Day.
May 26 17:22:08 ece-b1-sys systemd[1]: systemd-tmpfiles-clean.timer: Deactivated successfully.
May 26 17:22:08 ece-b1-sys systemd[1]: Stopped Daily Cleanup of Temporary Directories.
May 26 17:22:08 ece-b1-sys systemd[1]: update-notifier-download.timer: Deactivated successfully.
May 26 17:22:08 ece-b1-sys systemd[1]: Stopped Download data for packages that failed at package install time.
May 26 17:22:08 ece-b1-sys systemd[1]: update-notifier-motd.timer: Deactivated successfully.
May 26 17:22:08 ece-b1-sys systemd[1]: Stopped Check to see whether there is a new version of Ubuntu available.
May 26 17:22:08 ece-b1-sys systemd[1]: Stopped targe password : ****************** t System Time Synchronized.
May 26 17:22:08 ece-b1-sys systemd[1]: lvm2-lvmpolld.socket: Deactivated successfully.
May 26 17:22:08 ece-b1-sys systemd[1]: Closed LVM2 poll daemon socket.
May 26 17:22:08 ece-b1-sys systemd[1]: systemd-rfkill.socket: Deactivated successfully.
May 26 17:22:08 ece-b1-sys systemd[1]: Closed Load/Save RF Kill Switch Status /dev/rfkill Watch.
May 26 17:22:08 ece-b1-sys systemd[1]: Stopping ACPI event daemon...
May 26 17:22:08 ece-b1-sys systemd[1]: Stopping Availability of block devices...
May 26 17:22:08 ece-b1-sys systemd[1]: cloud-final.service: Deactiva mot de passe= ****************** U]7k>eK+r8vxH6B~ ted successfully.
May 26 17:22:08 ece-b1-sys chronyd[453]: chronyd exiting
May 26 17:22:08 ece-b1-sys systemd[1]: Stopped Execute cloud user/final scripts.
May 26 17:22:08 ece-b1-sys systemd[1]: Stopped target Multi-User System.
May 26 17:22:08 ece-b1-sys systemd[1]: Stopped target Login Prompts.
May 26 17:22:08 ece-b1-sys systemd[1]: Stopping LSB: automatic crash report generation...
May 26 19:07:52 ece-b1-sys kernel: [    0.000000] Linux version 6.5.0-1018-aws (buildd@lcy02-amd64-076) (x86_64-linux-gnu-gcc-11 (Ubuntu 11.4.0-1ubuntu1~22.04) 11.4.0, GNU ld (GNU Binutils for Ubuntu) 2.38) #18~22.04.1-Ubuntu SMP Fri Apr  5 17:44:33 UTC 2024 (Ubuntu 6.5.0-1018.18~22.04.1-aws 6.5.13)
May 26 19:07:52 ece-b1-sys systemd[1]: modprobe@efi_pstore.service: Deactivated successfully.
May 26 19:07:52 ece-b1-sys kernel: [    0.000000] Command line: BOOT_IMAGE=/boot/vmlinuz-6.5.0-1018-aws root=PARTUUID=845a6649-d0f0-48a1-af9d-9ae48ceeabe1 ro console=tty1 console=ttyS0 nvme_core.io_timeout=4294967295 panic=-1
May 26 19:07:52 ece-b1-sys kernel: [    0.000000] KERNEL supported cpus:
May 26 19:07:52 ece-b1-sys kernel: [    0.000000]   Intel GenuineIntel
May 26 19:07:52 ece-b1-sys kernel: [    0.000000]   AMD AuthenticAMD
May 26 19:07:52 ece-b1-sys kernel: [    0.000000]   Hygon HygonGenuine
May 26 19:07:52 ece-b1-sys kernel: [    0.000000]   Centaur CentaurHauls
May 26 19:07:52 ece-b1-sys kernel: [    0.000000]   zhaoxin   Shanghai  
May 26 19:07:52 ece-b1-sys kernel: [    0.000000] BIOS-provided physical RAM map:
May 26 19:07:52 ece-b1-sys kernel: [    0.000000] BIOS-e820: [mem 0x0000000000000000-0x000000000009fbff] usable
May 26 19:07:52 ece-b1-sys kernel: [    0.000000] BIOS-e820: [mem 0x000000000009fc00-0x000000000009ffff] reserved
May 26 19:07:52 ece-b1-sys kernel: [    0.000000] BIOS-e820: [mem 0x00000000000f0000-0x00000000000fffff] reserved
May 26 19:07:52 ece-b1-sys kernel: [    0.000000] BIOS-e820: [mem 0x0000000000100000-0x000000007d9e9fff] usable
May 26 19:07:52 ece-b1-sys systemd[1]: Finished Load Kernel Module efi_pstore.
May 26 19:07:52 ece-b1-sys kernel: [    0.000000] BIOS-e820: [mem 0x000000007d9ea000-0x000000007fffffff] reserved
May 26 19:07:52 ece-b1-sys kernel: [    0.000000] BIOS-e820: [mem 0x00000000e0000000-0x00000000e03fffff] reserved
May 26 19:07:52 ece-b1-sys kernel: [    0.000000] BIOS-e820: [mem 0x00000000fffc0000-0x00000000ffffffff] reserved
May 26 19:07:52 ece-b1-sys kernel: [    0.000000] NX (Execute Disable) protection: active
May 26 19:07:52 ece-b1-sys kernel: [    0.000000] SMBIOS 2.7 present.
May 26 19:07:52 ece-b1-sys kernel: [    0.000000] DMI: Amazon EC2 t3.small/, BIOS 1.0 10/16/2017
May 26 19:07:52 ece-b1-sys systemd[1]: modprobe@fuse.service: Deactivated successfully.
May 26 19:07:52 ece-b1-sys kernel: [    0.000000] Hypervisor detected: KVM
May 26 19:07:52 ece-b1-sys kernel: [    0.000000] kvm-clock: Using msrs 4b564d01 and 4b564d00
May 26 19:07:52 ece-b1-sys kernel: [    0.000001] kvm-clock: using sched offset of 6843336313 cycles
May 26 19:07:52 ece-b1-sys kernel: [    0.000004] clocksource: kvm-clock: mask: 0xffffffffffffffff max_cycles: 0x1cd42e4dffb, max_idle_ns: 881590591483 ns
May 26 19:07:52 ece-b1-sys kernel: [    0.000007] tsc: Detected 2499.994 MHz processor
May 26 19:07:52 ece-b1-sys kernel: [    0.000660] e820: update [mem 0x0000 MOT DE PASSE = ****************** 0000-0x00000fff] usable ==> reserved
May 26 19:07:52 ec PASSWORD:  ****************** e-b1-sys systemd[1]: Finished Load Kernel Module fuse.
May 26 19:07:52 ece-b1-sys kernel: [    0.000665] e820: remove [mem 0x000a0000-0x000fffff] usable
May 26 19:07:52 MOT DE PASSE = ******************  ece-b1-sys kernel: [    0.000670] last_pfn = 0x7d9ea max_arch_pfn = 0x400000000
May 26 19:07:52 ece-b1-sys kernel: [    0.000715] MTRR map: 4 entries (3 fixed + 1 variable; max 19), built from 8 variable MTRRs
May 26 19:07:52 ece-b1-sys kernel: [    0.000718] x86/PAT: Configuration [0-7]: WB  WC  UC- UC  WB  WP  UC- WT  
May 26 19:07:52 ece-b1-sys kernel: [    0.008851] Using GB pages for di password= ****************** rect mapping
May 26 19:07:52 ece-b1-sys systemd[1]: Finished Load Kernel Modules.
May 26 19:07:52 ece-b1-sys kernel: [    0.009055] RAMDISK: [mem 0x37209000-0x378fbfff]
May 26 19:07:52 ece-b1-sys kernel: [    0.009066] ACPI: Early table checksum verification disabled
May 26 19:07:52 ece-b1-sys kernel: [    0.009075] ACPI: RSDP 0x00000000000F8F40 000014 (v00 AMAZON)
May 26 19:07:52 ece-b1-sys systemd[1]: Mounting FUSE Control File System...
May 26 19:07:52 ece-b1-sys kernel: [    0.009083] ACPI: RSDT 0x000000007D9EE350 000044 (v01 AMAZON AMZNRSDT 00000001 AMZN 00000001)
May 26 19:07:52 ece-b1-sys kernel: [    0.009089] ACPI: FACP 0x000000007D9EFF80 000074 (v01 AMAZON AMZNFACP 00000001 AMZN 00000001)
May 26 19:07:52 ece-b1-sys kernel: [    0.009095] ACPI: DSDT 0x000000007D9EE3A0 0010E9 (v01 AMAZON AMZNDSDT 00000001 AMZN 00000001)
May 26 19:07:52 ece-b1-sys kernel: [    0.009098] ACPI: FACS 0x000000007D9EFF40 000040
May 26 19:07:52 ece-b1-sys kernel: [    0.009101] ACPI: SSDT 0x000000007D9EF6C0 00087A (v01 AMAZON AMZNSSDT 00000001 AMZN 00000001)
May 26 19:07:52 ece-b1-sys systemd[1]: Mounting Kernel Configuration File System...
May 26 19:07:52 ece-b1-sys kernel: [    0.009104] ACPI: APIC 0x000000007D9EF5D0 000076 (v01 AMAZON AMZNAPIC 00000001 AMZN 00000001)
May 26 19:07:52 ece-b1-sys kernel: [    0.009108] ACPI: SRAT 0x000000007D9EF530 0000A0 (v01 AMAZON AMZNSRAT 00000001 AMZN 00000001)
May 26 19:07:52 ece-b1-sys kernel: [    0.009111] ACPI: SLIT 0x000000007D9EF4C0 00006C (v01 AMAZON AMZNSLIT 00000001 AMZN 00000001)
May 26 19:07:52 ece-b1-sys kernel: [    0.009114] ACPI: WAET 0x000000007D9EF490 000028 (v01 AMAZON AMZNWAET 00000001 AMZN 00000001)
May 26 19:07:52 ece-b1-sys systemd[1]: Started File System Check Daemon to report status.
May 26 19:07:52 ece-b1-sys kernel: [    0.009120] ACPI: HPET 0x00000000000C9000 000038 (v01 AMAZON AMZNHPET 00000001 AMZN 00000001)
May 26 19:07:52 ece-b1-sys kernel: [    0.009123] ACPI: SSDT 0x00000000000C9040 00007B (v01 AMAZON AMZNSSDT 00000001 AMZN 00000001)
May 26 19:07:52 ece-b1-sys kernel: [    0.009125] ACPI: Reserving FACP table memory at [mem 0x7d9eff80-0x7d9efff3]
May 26 19:07:52 ece-b1-sys kernel: [    0.009127] ACPI: Reserving DSDT table memory at [mem 0x mot de passe : ****************** 7d9ee3a0-0x7d9ef488]
May 26 19:07:52 ece-b1-sys kernel: [    0.009128] ACPI: Reserving FACS table memory at [mem 0x7d9eff40-0x7d9eff7f]
May 26 19:07:52 ece-b1-sys kernel: [    0.009129] ACPI: Reserving SSDT table memory at [mem 0x7d9ef6c0-0x7d9eff39]
May 26 19:07:52 ece-b1-sys kernel: [    0.009130] ACPI: Reserving APIC table memory at [mem 0x7d9ef5d0-0x7d9ef645]
May 26 19:07:52 ece-b1-sys systemd[1]: Starting Apply Kernel Variables...
May 26 19:07:52 ece-b1-sys kernel: [    0.009130] ACPI: Reserving SRAT table memory at [mem 0x7d9ef530-0x7d9ef5cf]
May 26 19:07:52 ece-b1-sys kernel: [    0.009131] ACPI: Reserving SLIT table memory at [mem 0x7d9ef4c0-0x7d9ef52b]
May 26 19:07:52 ece-b1-sys kernel: [    0.009132] ACPI: Reserving WAET table memory at [mem 0x7d9ef490-0x7d9ef4b7]
May 26 19:07:52 ece-b1-sys systemd[1]: Mounted FUSE Control File System.
May 26 19:07:52 ece-b1-sys kernel: [    0.009133] ACPI: Reserving HPET table memory at [mem 0xc9000-0xc9037]
May 26 19:07:52 ece-b1-sys kernel: [    0.009134] ACPI: Reserving SSDT table memory at [mem 0xc9040-0xc90ba]
May 26 19:07:52 ece-b1-sys kernel: [    0.009268] SRAT: PXM 0 -> APIC 0x00 -> Node 0
May 26 19:07:52 ece-b1-sys kernel: [    0.009271] SRAT: PXM 0 -> APIC 0x01 -> Node 0
May 26 19:07:52 ece-b1-sys kernel: [    0.009274] ACPI: SRAT: Node 0 PXM 0 [mem 0x00000000-0x7fffffff]
May 26 19:07:52 ece-b1-sys kernel: [    0.009287] NUMA: Initialized distance table, cnt=1
May 26 19:07:52 ece-b1-sys kernel: [    0.009313] NODE_DATA(0) allocated [mem 0x7d9be000-0x7d9e8fff]
May 26 19:07:52 ece-b1-sys kernel: [    0.009691] Zone ranges:
May 26 19:07:52 ece-b1-sys kernel: [    0.009692]   DMA      [mem 0x0000000000001000-0x0000000000ffffff]
May 26 19:07:52 ece-b1-sys kernel: [    0.009695]   DMA32    [mem 0x0000000001000000-0x000000007d9e9fff]
Ma MOT DE PASSE : ****************** qDJ&7kxp_9%em+B3 y 26 19:07:52 ece-b1-sys kernel: [    0.009696]   Normal   empty
May 26 19:07:52 ece-b1-sys kernel: [    0.009697]   Device   empty
May 26 19:07:52 ece-b1-sys kernel: [    0.009698] Movable zone start for each node
May 26 19:07:52 ece-b1-sys kernel: [    0.009701] Early memory node ranges
May 26 19:07:52 ece-b1-sys kernel: [    0.009701]   node   0: [mem 0x0000000000001000-0x000000000009efff]
May 26 19:07:52 ece-b1-sys kernel: [    0.009703]   node   0: [mem 0x0000000000100000-0x000000007d9e9fff]
May 26 19:07:52 ece-b1-sys kernel: [    0.009704] Initmem setup node 0 [mem 0x0000000000001000-0x000000007d9e9fff]
May 26 19:07:52 ece-b1-sys kernel: [    0.009712] On node 0, zone DMA: 1 pages in unavailable ranges
May 26 19:07:52 ece-b1-sys kernel: [    0.009741] On node 0, zone DMA: 97 pages in unavailable ranges
May 26 19:07:52 ece-b1-sys kernel: [    0.013634] On node 0, zone DMA32: 9750 pages in unavailable ranges
May 26 19:07:52 ece-b1-sys kernel: [    0.014114] ACPI: PM-Timer IO Port: 0xb008
May 26 19:07:52 ece-b1-sys kernel: [    0.014126] ACPI: LAPIC_NMI (acpi_id[0xff] dfl dfl lint[0x1])
May 26 19:07:52 ece-b1-sys kernel: [    0.014195] IOAPIC[0]: apic_id 0, version 32, address 0xfec00000, GSI 0-23
May 26 19:07:52 ece-b1-sys kernel: [    0.014198] ACPI: INT_SRC_OVR (bus 0 bus_irq 5 global_irq 5 high level)
May 26 19:07:52 ece-b1-sys kernel: [    0.014200] ACPI: INT_SRC_OVR (bus 0 bus_irq 9 global_irq 9 high level)
May 26 19:07:52 ece-b1-sys kernel: [    0.014201] ACPI: INT_SRC_OVR (bus 0 bus_irq 10 global_irq 10 high level)
May 26 19:07:52 ece-b1-sys kernel: [    0.014203] ACPI: INT_SRC_OVR (bus 0 bus_irq 11 global_irq 11 high level)
May 26 19:07:52 ece-b1-sys kernel: [    0.014207] ACPI: Using ACPI (MADT) for SMP configuration information
May 26 19:07:52 password: ****************** aLHG9NjqBKykc5URxrXe6z24QSFT  ece-b1-sys kernel: [    0.014208] ACPI: HPET id: 0x8086a201 base: 0xfed00000
May 26 19:07:5 MOT DE PASSE = ****************** 2 ece-b1-sys kernel: [    0.014213] TSC deadline timer available
May 26 19:07:52 ece-b1-sys kernel: [    0.0 password: ****************** jxhQFuf&TD-9U 14214] smpboot: Allowing 2 CPUs, 0 hotplug CPUs
May 26 19:07:52 e MOT DE PASSE: ****************** ce-b1-sys kernel: [    0.014242] PM: hibernation: Registered nosave memory: [mem 0x00000000-0x00000fff]
May 26 19:07:52 ece-b1-sys kernel: [    0.014244] PM: hibernation: Registered nosave memory: [mem 0x0009f000-0x0009ffff]
May 26 19:07:52 ece-b1-sys kernel: [    0.014245] PM: hibernation: Registered nosave memory: [mem 0x000a0000-0x000effff]
May 26 19:07:52 ece-b1-sys kernel: [    0.014246] PM: hibernation: Registered nosave memory: [mem 0x000f0000-0x000fffff]
May 26 19:07:52 ece-b1-sys kernel: [    0.014248] [mem 0x80000000-0xdfffffff] available for PCI devices
May 26 19:07:52 ece-b1-sys kernel: [    0.014250] Booting paravirtualized kernel on KVM
May 26 19:07:52 ece-b1-sys kernel: [    0.014252] clocksource: refined-jiffies: mask: 0xffffffff max_cycles: 0xffffffff, max_idle_ns: 7645519600211568 ns
May 26 19:07:52 ece-b1-sys kernel: [    0.014259] setup_percpu: NR_CPUS:8192 nr_cpumask_bits:2 nr_cpu_ids:2 nr_node_ids:1
May 26 19:07:52 ece-b1-sys kernel: [    0.014611] percpu: Embedded 63 pages/cpu s221184 r8192 d28672 u1048576
May 26 19:07:52 ece-b1-sys kernel: [    0.014619] pcpu-alloc: s221184 r8192 d28672 u1048576 alloc=1*2097152
May 26 19:07:52 ece-b1-sys kernel: [    0.014622] pcpu-alloc: [0] 0 1 
May 26 19:07:52 ece-b1-sys kernel: [    0.014648] kvm-guest: PV spinlocks enabled
May 26 19:07:52 ece-b1-sys kernel: [    0.014651] PV qspinlock hash table entries: 256 (order: 0, 4096 bytes, linear)
May 26 19:07:52 ece-b1-sys kernel: [    0.014656] Kernel command line: BOOT_IMAGE=/boot/vmlinuz-6.5.0-1018-aws root=PARTUUID=845a6649-d0f0-48a1-af9d-9ae48ceeabe1 ro console=tty1 console=ttyS0 nvme_core.io_timeout=4294967295 panic=-1
May 26 19:07:52 ece-b1-sys kernel: [    0.014727] Unknown kernel command line parameters "BOOT_IMAGE=/boot/vmlinuz-6.5.0-1018-aws", will be passed to user space.
May 26 19:07:52 ece-b1-sys kernel: [    0.014749] random: crng init done
 MOT DE PASSE : ****************** May 26 19:07:52 ece-b1-sys kernel: [    0.014967] Dentry cache hash table entries: 262144 (order: 9, 2097152 bytes, linear)
May 26 19:07:52 ece-b1-sys kernel: [    0.015079] Inode-cache hash table entries: 131072 (order: 8, 1048576 bytes, linear)
May 26 19:07:52 ece-b1-sys kernel: [    0.015129] Fallback order for Node 0: 0 
May 26 19:07:52 ece-b1-sys kernel: [    0.015132] Built 1 zonelists, mobility grouping on.  Total pages: 506242
May 26 19:07:52 ece-b1-sys kernel: [    0.015134] Policy zone: DMA32
May 26 19:07:52 ece-b1-sys kernel: [    0.015139] mem auto-init: stack:off, heap alloc:on, heap free:off
May 26 19:07:52 ece-b1-sys systemd[1]: Mounted Kernel Configuration File System.
May 26 19:07:52 ece-b1-sys systemd[1]: Finished Coldplug All udev Devices.
May 26 19:07:52 ece-b1-sys systemd[1]: modprobe@drm.service: Deactivated successfully.
May 26 19:07:52 ece-b1-sys systemd[1]: Finished Load Kernel Module drm.
May 26 19:07:52 ece-b1-sys systemd[1]: Finished Set the console keyboard layout.
May 26 19:07:52 ece-b1-sys systemd[1]: Finished Apply Kernel Variables.
May 26 19:07:52 ece-b1-sys systemd-fsck[125]: cloudimg-rootfs: clean, 144373/7741440 files, 1406913/15700219 blocks
May 26 19:07:52 ece-b1-sys systemd[1]: Finished File System Check on Root Device.
May 26 19:07:52 ece-b1-sys systemd[1]: Starting Remount Root and Kernel File Systems...
May 26 19:07:52 ece-b1-sys kernel: [    0.020509] Memory: 1951660K/2057760K available (20480K kernel code, 4262K rwdata, 13252K rodata, 4908K init, 17284K bss, 105840K reserved, 0K cma-reserved)
May 26 19:07:52 ece-b1-sys kernel: [    0.020793] SLUB: HWalign=64, Order=0-3, MinObjects=0, CPUs=2, Nodes=1
May 26 19:07:52 ece-b1-sys kernel: [    0.020806] Kernel/User page tables isolation: enabled
May 26 19:07:52 ece-b1-sys systemd[1]: Finished Remount Root and Kernel File Systems.
May 26 19:07:52 ece-b1-sys kernel: [    0.020841] ftrace: allocating 55672 entries in 218 pages
May 26 19:07:52 ece-b1-sys kernel: [    0.020923] ftrace section at ffffffffb54837c0 sorted properly
May 26 19:07:52 ece-b1-sys kernel: [    0.035708] ftrace: allocated 218 pages with 5 groups
May 26 19:07:52 ece-b1-sys kernel: [    0.035845] rcu: Hierarchical RCU implementation.
May 26 19:07:52 ece-b1-sys kernel: [    0.035846] rcu: 	RCU restricting CPUs from NR_CPUS=8192 to nr_cpu_ids=2.
May 26 19:07:52 ece-b1-sys kernel: [    0.035848] 	Rude variant of Tasks RCU enabled.
May 26 19:07:52 ece-b1-sys systemd[1]: Starting Device-Mapper Multipath Device Controller...
May 26 19:07:52 ece-b1-sys kernel: [    0.035849] 	Tracing variant of Tasks RCU enabled.
May 26 19:07:52 ece-b1-sys kernel: [    0.035849] rcu: RCU calculated value of scheduler-enlistment delay is 25 jiffies.
May 26 19:07:52 ece-b1-sys kernel: [    0.035850] rcu: Adjusting geometry for rcu_fanout_leaf=16, nr_cpu_ids=2
May 26 19:07:52 ece-b1-sys kernel: [    0.039140] NR_IRQS: 524544, nr_irqs: 440, preallocated irqs: 16
May 26 19:07:52 ece-b1-sys kernel: [    0.039442] rcu: srcu_init: Setting srcu_struct sizes based on contention.
May 26 19:07:52 ece-b1-sys kernel: [    0.187234] Console: colour VGA+ 80x25
May 26 19:07:52 ece-b1-sys systemd[1]: Starting Flush Journal to Persistent Storage...
May 26 19:07:52 ece-b1-sys kernel: [    0.187241] printk: console [tty1] enabled
May 26 19:07:52 ece-b1-sys kernel: [    0.719099] printk: console [ttyS0] enabled
May 26 19:07:52 ece-b1-sys kernel: [    0.939793] ACPI: Core revision 20230331
May 26 19:07:52 ece-b1-sys systemd[1]: Condition check resulted in Platform Persistent Storage Archival being skipped.
May 26 19:07:52 ece-b1-sys kernel: [    0.946083] clocksource: hpet: mask: 0xffffffff max_cycles: 0xffffffff, max_idle_ns: 30580167144 ns
May 26 19:07:52 ece-b1-sys kernel: [    0.958117] APIC: Switch to symmetric I/O mode setup
May 26 19:07:52 ece-b1-sys kernel: [    0.965161] x2apic enabled
May 26 19:07:52 ece-b1-sys kernel: [    0.970886] Switched APIC routing to physical x2apic.
May 26 19:07:52 ece-b1-sys systemd[1]: Starting Load/Save Random Seed...
May 26 19:07:52 ece-b1-sys kernel: [    0.980664] clocksource: tsc-early: mask: 0xffffffffffffffff max_cycles: 0x240933eba6e, max_idle_ns: 440795246008 ns
May 26 19:07:52 ece-b1-sys kernel: [    0.993403] Calibrating delay loop (skipped) preset value.. 4999.98 BogoMIPS (lpj=9999976)
May 26 19:07:52 ece-b1-sys kernel: [    0.997397] Last level iTLB entries: 4KB 64, 2MB 8, 4MB 8
May 26 19:07:52 ece-b1-sys kernel: [    0.997397] Last level dTLB entries: 4KB 64, 2MB 0, 4MB 0, 1GB 4
May 26 19:07:52 ece-b1-sys systemd[1]: Starting Create System Users...
May 26 19:07:52 ece-b1-sys kernel: [    0.997397] Spectre V1 : Mitigation: usercopy/swapgs barriers and __user pointer sanitization
May 26 19:07:52 ece-b1-sys kernel: [    0.997397] Spectre V2 : Mitigation: Retpolines
May 26 19:07:52 ece-b1-sys kernel: [    0.997397] Spectre V2 : Spectre v2 / SpectreRSB mitigation: Filling RSB on context switch
May 26 19:07:52 ece-b1-sys systemd[1]: Finished Load/Save Random Seed.
May 26 19:07:52 ece-b1-sys kernel: [    0.997397] Spectre V2 : Spectre v2 / SpectreRSB : Filling RSB on VMEXIT
May 26 19:07:52 ece-b1-sys kernel: [    0.997397] RETBleed: WARNING: Spectre v2 mitigation leaves CPU vulnerable to RETBleed attacks, data leaks possible!
May 26 19:07:52 ece-b1-sys kernel: [    0.997397] RETBleed: Vulnerable
May 26 19:07:52 ece-b1-sys kernel: [    0.997397] Speculative Store Bypass: Vulnerable
May 26 19:07:52 ece-b1-sys kernel: [    0.997397] MDS: Vulnerable: Clear CPU buffers attempted, no microcode
May 26 19:07:52 ece-b1-sys multipathd[151]: --------start up--------
May 26 19:07:52 ece-b1-sys kernel: [    0.997397] MMIO Stale Data: Vulnerable: Clear CPU buffers attempted, no microcode
May 26 19:07:52 ece-b1-sys kernel: [    0.997397] GDS: Unknown: Dependent on hypervisor status
May 26 19:07:52 ece-b1-sys kernel: [    0.997397] x86/fpu: Supporting XSAVE feature 0x001: 'x87 floating point registers'
May 26 19:07:52 ece-b1-sys kernel: [    0.997397] x86/fpu: Supporting XSAVE feature 0x002: 'SSE registers'
May 26 19:07:52 ece-b1-sys kernel: [    0.997397] x86/fpu: Supporting XSAVE feature 0x004: 'AVX registers'
May 26 19:07:52 ece-b1-sys kernel: [    0.997397] x86/fpu: Supporting XSAVE feature 0x008: 'MPX bounds registers'
May 26 19:07:52 ece-b1-sys kernel: [    0.997397] x86/fpu: Supporting XSAVE feature 0x010: 'MPX CSR'
May 26 19:07:52 ece-b1-sys kernel: [    0.997397] x86/fpu: Supporting XSAVE feature 0x020: 'AVX-512 opmask'
May 26 19:07:52 ece-b1-sys kernel: [    0.997397] x86/fpu: Supporting XSAVE feature 0x040: 'AVX-512 Hi256'
May 26 19:07:52 ece-b1-sys multipathd[151]: read /etc/multipath.conf
May 26 19:07:52 ece-b1-sys kernel: [    0.997397] x86/fpu: Supporting XSAVE feature 0x080: 'AVX-512 ZMM_Hi256'
May 26 19:07:52 ece-b1-sys kernel: [    0.997397] x86/fpu: Supporting XSAVE feature 0x200: 'Protection Keys User registers'
May 26 19:07:52 ece-b1-sys kernel: [    0.997397] x86/fpu: xstate_offset[2]:  576, xstate_sizes[2]:  256
May 26 19:07:52 ece-b1-sys kernel: [    0.997397] x86/fpu: xstate_offset[3]:  832, xstate_sizes[3]:   64
May 26 19:07:52 ece- PASSWORD :DaL8XWH6KrV27bkZsA b1-sys multipathd[151]: path checkers start up
May 26 19:07:52 ece-b1-sys kernel: [    0.997397] x86/fpu: xstate_offset[4]:  896, xstate_sizes[4]:   64
May 26 19:07:52 ece-b1-sys kernel: [    0.997397] x86/fpu: xstate_offset[5]:  960, xstate_sizes[5]:   64
May 26 19:07:52 ece-b1-sys kernel: [    0.997397] x86/fpu: xstate_offset[6]: 1024, xstate_sizes[6]:  512
May PASSWORD:  ******************  26 19:07:52 ece-b1-sys kernel: [    0.997397] x86/fpu: xstate_offset[7]: 1536, xstate_sizes[7]: 1024
May 26 19:07:52 ece-b1-sys kernel: [    0.997397] x86/fpu: xstate_offset[9]: 2560, xstate_sizes[9]:    8
May 26 19:07:52 ece-b1-sys systemd[1]: Condition check resulted in First Boot Complete being skipped.
May 26 19:07:52 ece-b1-sys kernel: [    0.997397] x86/fpu: Enabled xstate features 0x2ff, context size is 2568 bytes, us MOT DE PASSE= ****************** ing 'compacted' format.
May 26 19:07:52 ece-b1-sys systemd[1]: Finished Create System Users.
May 26 19:07:52 ece-b1-sys kernel: [    0 mot de passe: ****************** .997397] Freeing SMP alternatives memory: 44K
May 26 19:07:52 ece-b1-sys kernel: [    0.997397] pid_max: default: 32768 minimum: 301
May 26 19:07:52 ece-b1-sys kernel: [    0.997397] LSM: initializing lsm=lockdown,capability,landlock,yama,apparmor,integrity
May 26 19:07:52 ece-b1-sys systemd[1]: Starting Create Static Device Nodes in /dev...
May 26 19:07:52 ece-b1-sys kernel: [    0.997397] landlock: Up and running.
May 26 19:07:52 ece-b1-sys kernel: [    0.997397] Yama: becoming mindful.
May 26 19:07:52 ece-b1-sys kernel: [    0.997397] AppArmor: AppArmor initialized
May 26 19:07:52 ece-b1-sys systemd[1]: Finished Create Static Device Nodes in /dev.
May 26 19:07:52 ece-b1-sys kernel: [    0.997397] Mount-cache hash table entries: 4096 (order: 3, 32768 bytes, linear)
May 26 19:07:52 ece-b1-sys kernel: [    0.997397] Mountpoint-cache hash table entries: 4096 (order: 3, 32768 bytes, linear)
May 26 19:07:52 ece-b1-sys kernel: [    0.997397] smpboot: CPU0: Intel(R) Xeon(R) Platinum 8259CL CPU @ 2.50GHz (family: 0x6, model: 0x55, stepping: 0x7)
May 26 19:07:52 ece-b1-sys kernel: [    0.997600] RCU Tasks Rude: Setting shift to 1 and lim to 1 rcu_task_cb_adjust=1.
May 26 19:07:52 ece-b1-sys kernel: [    1.001491] RCU Tasks Trace: Setting shift to 1 and lim to 1 rcu_task_cb_adjust=1.
May 26 19:07:52 ece-b1-sys kernel: [    1.005465] Performance Events: unsupported p6 CPU model 85 no PMU driver, software events only.
May 26 19:07:52 ece-b1-sys kernel: [    1.009456] signal: max sigframe size: 3632
May 26 19:07:52 ece-b1-sys systemd[1]: Starting Rule-based Manager for Device Events and Files...
May 26 19:07:52 ece-b1-sys kernel: [    1.013463] rcu: Hierarchical SRCU implementation.
May 26 19:07:52 ece-b1-sys kernel: [    1.017403] rcu: 	Max phase no-delay instances is 1000.
May 26 19:07:52 ece-b1-sys kernel: [    1.021816] NMI watchdog: Perf NMI watchdog permanently disabled
May 26 19:07:52 ece-b1-sys kernel: [    1.025480] smp: Bringing up secondary CPUs ...
May 26 19:07:52 ece-b1-sys kernel: [    1.029576] smpboot: x86: Booting SMP configuration:
May 26 19:07:52 ece-b1-sys kernel: [    1.033406] .... node  #0, CPUs:      #1
May 26 19:07:52 ece-b1-sys systemd[1]: Started Device-Mapper Multipath Device Controller.
May 26 19:07:52 ece-b1-sys kernel: [    1.033705] MDS CPU bug present and SMT on, data leak possible. See https://www.kernel.org/doc/html/latest/admin-guide/hw-vuln/mds.html for more details.
May 26 19:07:52 ece-b1-sys kernel: [    1.041407] MMIO Stale Data CPU bug present and SMT on, data leak possible. See https://www.kernel.org/doc/html/latest/admin-guide/hw-vuln/processor_mmio_stale_data.html for more details.
May 26 19:07:52 ece-b1-sys systemd[1]: dev-nvme1n1.device: Job dev-nvme1n1.device/start timed out.
May 26 19:07:52 ece-b1-sys kernel: [    1.045449] smp: Brought up 1 node, 2 CPUs
May 26 19:07:52 ece-b1-sys kernel: [    1.049408] smpboot: Max logical packages: 1
May 26 19:07:52 ece-b1-sys kernel: [    1.053445] smpboot: Total of 2 processors activated (9999.97 BogoMIPS)
May 26 19:07:52 ece-b1-sys kernel: [    1.057743] devtmpfs: initialized
May 26 19:07:52 ece-b1-sys systemd[1]: Timed out waiting for device /dev/nvme1n1.
May 26 19:07:52 ece-b1-sys kernel: [    1.061280] x86/mm: Memory block size: 128MB
May 26 19:07:52 ece-b1-sys kernel: [    1.066134] clocksource: jiffies: mask: 0xffffffff max_cycles: 0xffffffff, max_idle_ns: 7645041785100000 ns
May 26 19:07:52 ece-b1-sys kernel: [    1.073419] futex hash table entries: 512 (order: 3, 32768 bytes, linear)
May 26 19:07:52 ece-b1-sys kernel: [    1.077525] pinctrl core: initialized pinctrl subsystem
May 26 19:07:52 ece-b1-sys kernel:  mot de passe = ****************** [    1.081878] PM password: ****************** CGQ-nfy32Y@a_A5=kcg+xV : RTC time: 19:07:14, date: 2024-05-26
May 26 19:07:52 ece-b1-sys systemd[1]: Dependency failed for /home.
May 26 19:07:52 ece-b1-sys kernel: [    1.088945] NET: Registered PF_NETLINK/PF_ROUTE protocol family
May 26 19:07:52 ece-b1-sys kernel: [    1.093843] DMA: preallocated 256 KiB GFP_KERNEL pool for atomic allocations
May 26 19:07:52 ece-b1-sys kernel: [    1.097644] DMA: preallocated 256 KiB GFP_KERNEL|GFP_DMA pool for atomic allocations
May 26 19:07:52 ece-b1-sys systemd[1]: home.mount: Job home.mount/start failed with result 'dependency'.
May 26 19:07:52 ece-b1-sys kernel: [    1.101486] DMA: preallocated 256 KiB GFP_KERNEL|GFP_DMA32 pool for atomic allocations
May 26 19:07:52 ece-b1-sys kernel: [    1.105430] audit: initializing netlink subsys (disabled)
May 26 19:07:52 ece-b1-sys kernel: [    1.109444] audit: type=2000 audit(1716750433.487:1): state=initialized audit_enabled=0 res=1
May 26 19:07:5 mot de passe = ****************** Hh59En6PVmjYfysgbC 2 ece-b1-sys kernel: [    1.109651] thermal_sys: Registered thermal governor 'fair_share'
May 26 19 PASSWORD :  ****************** :07:52 ece-b1-sys kernel: [    1.121410] thermal_sys: Registered thermal governor 'bang_bang'
May 26 19:07:52 ece-b1-sys kernel: [    1.137409] thermal_sys: Registered thermal governor 'step_wise'
May 26 19:07:52 ece-b1-sys kernel: [    1.145408] thermal_sys: Registered thermal governor 'user_space'
May 26 19:07:52 ece-b1-sys kernel: [    1.157407] thermal_sys: Registered thermal governor 'power_allocator'
May 26 19:07:52 ece-b1-sys systemd[1]: Dependency failed for File System Check on /dev/nvme1n1.
May 26 19:07:52 ece-b1-sys kernel: [    1.169431] EISA bus registered
May 26 19:07:52 ece-b1-sys kernel: [    1.185445] cpuidle: using governor ladder
May 26 19:07:52 ece-b1-sys kernel: [    1.189424] cpuidle: using governor menu
May 26 19:07:52 ece-b1-sys systemd[1]: systemd-fsck@dev-nvme1n1.service: Job systemd-fsck@dev-nvme1n1.service/start failed with result 'dependency'.
May 26 19:07:52 ece-b1-sys systemd[1]: dev-nvme1n1.device: Job dev-nvme1n1.device/start failed with result 'timeout'.
May 26 19:07:52 ece-b1-sys systemd[1]: Started Rule-based Manager for Device Events and Files.
May 26 19:07:52 ece-b1-sys systemd[1]: Condition check resulted in Show Plymouth Boot Screen being skipped.
May 26 19:07:52 ece-b1-sys kernel: [    1.194167] acpiphp: ACPI Hot Plug PCI Controller Driver version: 0.5
May 26 19:07:52 ece-b1-sys kernel: [    1.197601] PCI: Using configuration type 1 for base access
May 26 19:07:52 ece-b1-sy password= ****************** MG!jvgz~KaY?VN%8tp<crTfCW9_R s systemd[1]: Started Dispatch Password Requests to Console Directory Watch.
May 26 19:07:52 ece-b1-sys kernel: [    1.201801] kprobes: kprobe jump-optimization is enabled. All kprobes are optimized if possible.
May 26 19:07:52 ece-b1-sys kernel: [    1.214464] HugeTLB: registered 1.00 GiB page size, pre-allocated 0 pages
May 26 19:07:52 ece-b1-sys kernel: [    1.221409] HugeTLB: 16380 KiB vmemmap can be freed for a 1.00 GiB page
May 26 19:07:52 ece-b1-sys kernel: [    1.229414] HugeTLB: registered 2.00 MiB page size, pre-allocated 0 pages
May 26 19:07:52 ece-b1-sys systemd[1]: Condition check resulted in Forward Password Requests to Plymouth Directory Watch being skipped.
May 26 19:07:52 ece-b1-sys kernel: [    1.233405] HugeTLB: 28 KiB vmemmap can be freed for a 2.00 MiB page
May 26 19:07:52 ece-b1-sys kernel: [    1.243239] ACPI: Added _OSI(Module Device)
May 26 19:07:52 ece-b1-sys kernel: [    1.245408] ACPI: Added _OSI(Processor Device)
May 26 19:07:52 ece-b1-sys kernel: [    1.249407] ACPI: Added _OSI(3.0 _SCP Extensions)
May 26 19:07:52 ece-b1-sys kernel: [    1.257408] ACPI: Added _OSI(Processor Aggregator Device)
May 26 19:07:52 ece-b1-sys systemd[1]: Reached target Local Encrypted Volumes.
May 26 19:07:52 ece-b1-sys kernel: [    1.262941] ACPI: 3 ACPI AML tables successfully acquired and loaded
May 26 19:07:52 ece-b1-sys systemd[1]: Finished Flush Journal to Persistent Storage.
May 26 19:07:52 ece-b1-sys systemd[1]: Found device /dev/ttyS0.
May 26 19:07:52 ece-b1-sys multipath: nvme0n1: uid = nvme.1d0f-766f6c3034303831306164386536663662633339-416d617a6f6e20456c617374696320426c6f636b2053746f7265-00000001 (sysfs)
May 26 19:07:52 ece-b1-sys systemd[1]: Listening on Load/Save RF Kill Switch Status /dev/rfkill Watch.
May 26 19:07:52 ece-b1-sys systemd-udevd[176]: Using default interface naming scheme 'v249'.
May 26 19:07:52 ece-b1-sys systemd-udevd[167]: nvme0n1: Process '/usr/bin/unshare -m /usr/bin/snap auto-import --mount=/dev/nvme0n1' failed with exit code 1.
May 26 19:07:52 ece-b1-sys systemd-udevd[168]: nvme0n1p14: Process '/usr/bin/unshare -m /usr/bin/snap auto-import --mount=/dev/nvme0n1p14' failed with exit code 1.
May 26 19:07:52 ece-b1-sys systemd-udevd[174]: nvme0n1p15: Process '/usr/bin/unshare -m /usr/bin/snap auto-import --mount=/dev/nvme0n1p15' failed with exit code 1.
May 26 19:07:52 ece-b1-sys systemd-udevd[175]: nvme0n1p1: Process '/usr/bin/unshare -m /usr/bin/snap auto-import --mount=/dev/nvme0n1p1' failed with exit code 1.
May 26 19:07:52 ece-b1-sys systemd[1]: Found device Amazon Elastic Block Store UEFI.
May 26 19:07:52 ece-b1-sys systemd-udevd[175]: Using default interface naming scheme 'v249'.
May 26 19:07:52 ece-b1-sys systemd[1]: password : ****************** wzS?_F6dWeL5>@~G8aMxH%  Finished Monitoring of LVM2 mirrors, snapshots etc. using dmeventd or progress polling.
May 26 19:07:52 ece-b1-sys systemd[1]: Reached target Preparation for Local File Systems.
May 26 19:07:52 ece-b1-sys systemd[1]: Mounting Mount unit for amazon-ssm-agent, revision 6312...
May 26 19:07:52 ece-b1-sys systemd[1]: Mounting Mount unit for amazon-ssm-agent, revision 7983...
May 26 19:07:52 ece-b1-sys systemd[1]: Mounting Mount unit for core18, revision 2812...
May 26 19:07:52 ece-b1-sys systemd[1]: Mounting Mount unit for core18, revision 2823...
May 26 19:07:52 ece-b1-sys systemd[1]: Mounting Mount unit for core20, revision 2264...
May 26 19:07:52 ece-b1-sys systemd[1]: Mounting Mount unit for core20, revision 2318...
May 26 19:07:52 ece-b1-sys kernel: [    1.270351] ACPI: Interpreter enabled
May 26 19:07:52 ece-b1-sys systemd[1]: Mounting Mount unit for gh, revision 502...
May 26 19:07:52 ece-b1-sys kernel: [    1.273423] ACPI: PM: (supports S0 S4 S5)
May 26 19:07:52 ece-b1-sys kernel: [    1.277338] ACPI: Using IOAPIC for interrupt routing
May 26 19:07:52 ece-b1-sys kernel: [    1.280845] PCI: Using host bridge windows from ACPI; if necessary, use "pci=nocrs" and report a bug
May 26 19:07:52 ece-b1-sys systemd[1]: Mounting Mount unit for lxd, revision 27948... password= ****************** 
May 26 19:07:52 ece-b1-sys kernel: [    1.289403] PCI: Using E820 reservations for host bridge windows
May 26 19:07:52 ece-b1-sys kernel: password= ****************** r9aTdq5UzhvD~%-fnw!gBS  [    1.297852] ACPI: Enabled 16 GPEs in block 00 to 0F
May 26 19:07:52 ece-b1-sys kernel: [    1.305805] ACPI: PCI Root Bridge [PCI0] (domain 0000 [bus 00-ff])
May 26 19:07:52 ece-b1-sys systemd[1]: Mounting Mount unit for lxd, revision 28373...
May 26 19:07:52 ece-b PASSWORD = ****************** 1-sys kernel: [    1.309414] acpi PNP0A03:00: _OSC: OS supports [ASPM ClockPM Segments MSI EDR HPX-Type3]
May 26 19:07:52 ece-b1-sys kernel: [    1.321409] acpi PNP0A03:00: _OSC: not requesting OS control; OS requires [ExtendedConfig ASPM ClockPM MSI]
May 26 19:07:52 ece-b1-sys kernel: [    1.329433] acpi PNP0A03:00: fail to add MMCONFIG information, can't access extended configuration space under this bridge
May 26 19:07:52 ece-b1-sys kernel: [    1.337965] acpiphp: Slot [3] registered
May 26 19:07:52 ece-b1-sys kernel: [    1.345466] acpiphp: Slot [4] registered
May 26 19:07:52 ece-b1-sys kernel: [    1.349575] acpiphp: Slot [5] registered
May 26 19:07:52 ece-b1-sys systemd[1]: Mounting Mount unit for snapd, revision 21184...
May 26 19:07:52 ece-b1-sys kernel: [    1.357444] acpiphp: Slot [6] registered
May 26 19:07:52 ece-b1-sys systemd[1]: Mounting Mount unit for snapd, revision 21465...
May 26 19:07:52 ece-b1-sys kernel: [    1.361451] acpiphp: Slot [7] registered
May 26 19:07:52 ece-b1-sys kernel: [    1.365442] acpiphp: Slot [8] registered
May 26 19:07:52 ece-b1-sys kernel: [    1.369436] acpiphp: Slot [9] registered
May 26 19:07:52 ece-b1-sys kernel: [    1.373434] acpiphp: Slot [10] registered
May 26 19:07:52 ece-b1-sys kernel: [    1.381443] acpiphp: Slot [11] registered
May 26 19:07:52 ece-b1-sys systemd[1]: Starting File System Check on /dev/disk/by-label/UEFI...
May 26 19:07:52 ece-b1-sys kernel: [    1.385440] acpiphp: Slot [12] registered
May 26 19:07:52 ece-b1-sys systemd[1]: Mounted Mount unit for amazon-ssm-agent, revision 6312.
May 26 19:07:52 ece-b1-sys kernel: [    1.389445] acpiphp: Slot [ PASSWORD= ****************** a]_gVH>S57EZs2RtKWT!Y9k-8N6U 13] registered
May 26 19:07:52 ece-b1-sys kernel: [    1.397442] acpiphp: Slot [14] registered
May 26 19:07:52 ece-b1-sys kernel: [    1.401453] acpiphp: Slot [15] registered
May 26 19:07:52 ece-b1-sys kernel: [    1.405442] acpiphp: Slot [16] registered
May 26 19:07:52 ece-b1-sys kernel: [    1.413442] acpiphp: Slot [17] registered
May 26 19:07:52 ece-b1-sys kernel: [    1.417441] acpiphp: Slot [18] registered
May 26 19:07:52 ece-b1-sys systemd[1]: Mounted Mount unit for amazon-ssm-agent, revision 7983.
May 26 19:07:52 ece-b1-sys systemd[1]: Mounted Mount unit for core18, revision 2812.
May 26 19:07:52 ece-b1-sys kernel: [    1.421441] acpiphp: Slot [19] registered
May 26 19:07:52 ece-b1-sys kernel: [    1.425434] acpiphp: Slot [20] registered
May 26 19:07:52 ece-b1-sys kernel: [    1.429383] acpiphp: Slot [21] registered
May 26 19:07:52 ece-b1-sys kernel: [    1.432306] acpiphp: Slot [22] registered
May 26 19:07:52 ece-b1-sys kernel: [    1.437439] acpiphp: Slot [23] registered
May 26 19:07:52 ece-b1-sys kernel: [    1.441437] acpiphp: Slot [24] registered
May 26 19:07:52 ece-b1-sys systemd[1]: Mounted Mount unit for core18, revision 2823.
May 26 19:07:52 ece-b1-sys kernel: [    1.445524] acpiphp: Slot [25] registered
May 26 19:07:52 ece-b1-sys kernel: [    1.449439] acpiphp: Slot [26] registered
May 26 19:07:52 ece-b1-sys kernel: [    1.457438] acpiphp: Slot [27] registered
May 26 19:07:52 ece-b1-sys kernel: [    1.461443] acpiphp: Slot [28] registered
May 26 19:07:52 ece-b1-sys kernel: [    1.465436] acpiphp: Slot [29] registered
May 26 19:07:52 ece-b1-sys kernel: [    1.469474] acpiphp: Slot [30] registered
May 26 19:07:52 ece-b1-sys kernel: [    1.473441] acpiphp: Slot [31] registered
May 26 19:07:52 ece-b1-sys kernel: [    1.477419] PCI host bridge to bus 0000:00
May 26 19:07:52 ece-b1-sys kernel: [    1.481406] pci_bus 0000:00: root bus resource [io  0x0000-0x0cf7 window]
May 26 19:07:52 ece-b1-sys kernel: [    1.489406] pci_bus 0000:00: root bus resource [io  0x0d00-0xffff window]
May 26 19:07:52 ece-b1-sys kernel: [    1.497407] pci_bus 0000:00: root bus resource [mem 0x000a0000-0x000bffff window]
May 26 19:07:52 ece-b1-sys kernel: [    1.505411] pci_bus 0000:00: root bus resource [mem 0x80000000-0xfebfffff window]
May 26 19:07:52 ece-b1-sys kernel: [    1.517408] pci_bus 0000:00: root bus resource [bus 00-ff]
May 26 19:07:52 ece-b1-sys kernel: [    1.525477] pci 0000:00:00.0: [8086:1237] type 00 class 0x060000
May 26 19:07:52 ece-b1-sys kernel: [    1.529901] pci 0000:00:01.0: [8086:7000] type 00 class 0x060100
May 26 19:07:52 ece-b1-sys kernel: [    1.539056] pci 0000:00:01.3: [8086:7113] type 00 class 0x000000
May 26 19:07:52 ece-b1-sys kernel: [    1.547121] pci 0000:00:01.3: quirk: [io  0xb000-0xb03f] claimed by PIIX4 ACPI
May 26 19:07:52 ece-b1-sys kernel: [    1.557426] pci 0000:00:01.3: quirk: [io  0xb100-0xb10f] claimed by PIIX4 SMB
May 26 19:07:52 ece-b1-sys kernel: [    1.569490] pci 0000:00:01.3: PIIX4 devres E PIO at fff0-ffff
May 26 19:07:52 ece-b1-sys kernel: [    1.577432] pci 0000:00:01.3: PIIX4 devres F MMIO at ffc00000-ffffffff
May 26 19:07:52 ece-b1-sys kernel: [    1.597431] pci 0000:00:01.3: PIIX4 devres G PIO at fff0-ffff
May 26 19:07:52 ece-b1-sys kernel: [    1.609433] pci 0000:00:01.3: PIIX4 devres H MMIO at ffc00000-ffffffff
May 26 19:07:52 ece-b1-sys kernel: [    1.621430] pci 0000:00:01.3: PIIX4 devres I PIO at fff0-ffff
May 26 19:07:52 ece-b1-sys kernel: [    1.637428] pci 0000:00:01.3: PIIX4 devres J PIO at fff0-ffff
May 26 19:07:52 ece-b1-sys kernel: [    1.641453] pci 0000:00:01.3: quirk_piix4_acpi+0x0/0x180 took 93750 usecs
May 26 19:07:52 ece-b1-sys kernel: [    1.650510] pci 0000:00:03.0: [1d0f:1111] type 00 class 0x030000
May 26 19:07:52 ece-b1-sys kernel: [    1.654309] pci 0000:00:03.0: reg 0x10: [mem 0xfe400000-0xfe7fffff pref]
May 26 19:07:52 ece-b1-sys kernel: [    1.664406] pci 0000:00:03.0: reg 0x30: [mem 0xfebe0000-0xfebeffff pref]
May 26 19:07:52 ece-b1-sys kernel: [    1.673608] pci 0000:00:03.0: Video device with shadowed ROM at [mem 0x000c0000-0x000dffff]
May 26 19:07:52 ece-b1-sys kernel: [    1.682116] pci 0000:00:04.0: [1d0f:8061] type 00 class 0x010802
May 26 19:07:52 ece-b1-sys kernel: [    1.692707]  PASSWORD:vXdFLSsJ]5bZCmBD pci 0000:00:04 PASSWORD = ****************** .0: reg 0x10: [mem 0xfebf0000-0xfebf3fff]
May 26 19:07:52 ece-b1-sys kernel: [    1.710340] pci 0000:00:05.0: [1d0f:ec20] type 00 class 0x020000
May 26 19:07:52 ece-b1-sys kernel: [    1.725413] pci 0000:00:05.0: reg 0x10: [me mot de passe: ****************** m 0xfebf4000-0xfebf7fff]
May 26 19:07:52 ece-b1-sys kernel: [    1.749795] ACPI: PCI: Interrupt link LNKA configured for IRQ 10
May 26 19:07:52 ece-b1-sys kernel: [    1.757 PASSWORD :  ****************** 650] ACPI: PCI: Interrupt link L MOT DE PASSE= ****************** rcwV[qLZMP:2GEXJFD_>RK=<9Wmj NKB configured for IRQ 10
May 26 19:07:52 ece-b1-sys kernel: [    1.765587] ACPI: PCI: Interrupt link LNKC configured for IRQ 11
May 26 19:07:52 ece-b1-sys kernel: [    1.769565] ACPI: PCI: Interrupt link LNKD configured for IRQ 11
May 26 19:07:52 ece-b1-sys kernel: [    1.773497] ACPI: PCI: Interrupt link LNKS configured for IRQ 9
May 26 19:07:52 ece-b1-sys kernel: [    1.781783] iommu: Default domain type: Translated
May 26 19:07:52 ece-b1-sys kernel: [    1.785403] iommu: DMA domain TLB invalidation policy: lazy mode
May 26 19:07:52 ece-b1-sys kernel: [    1.789599] SCSI subsystem initialized
May 26 19:07:52 ece-b1-sys kernel: [    1.793442] libata version 3.00 loaded.
May 26 19:07:52 ece-b1-sys kernel: [    1.793456] ACPI: bus type USB registered
May 26 19:07:52 ece-b1-sys kernel: [    1.796777] usbcore: registered new interface driver usbfs
May 26 19:07:52 ece-b1-sys kernel: [    1.801302] usbcore: registered new interface driver hub
May 26 19:07:52 ece-b1-sys kernel: [    1.80943 mot de passe: ****************** d9tj%_mkLSxcTe+= 1] usbcore: registered new device driver usb
May 26 19:07:52 ece-b1-sys kernel: [    1.817506] pps_core: LinuxPPS API ver. 1 registered
May 26 19:07:52 ece-b1-sys kernel: [    1.821403] pps_core: Software ver. 5.3.6 - Copyright 2005-2007 Rodolfo Giometti <giometti@linux.it>
May 26 19:07:52 ece-b1-sys kernel: [    1.829434] PTP clock support registered
May 26 19:07:52 ece-b1-sys kernel: [    1.833460] EDAC MC: Ver: 3.0.0
May 26 19:07:52 ece-b1-sys kernel: [    1.841609] NetLabel: Initializing
May 26 19:07:52 ece-b1-sy password: ****************** f2jxcV7WSm-Ep s kernel: [    1.845404] NetLabel:  domain hash size = 128
May 26 19:07:52 ece-b1-sys kernel: [    1.849407] NetLabel:  protocols = UNLABELED CIPSOv4 CALIPSO
May 26 19:07:52 ece-b1-sys kernel: [    1.857439] NetLabel:  unlabeled traffic allowed by default
May 26 19:07:52 ece-b1-sys kernel: [    1.861458] mctp: management component transport p password = ****************** rotocol core
May 26 19:07:52 ece-b1-sys kernel: [    1.869406] NET: Registered PF_MCTP protocol family
May 26 19:07:52 ece-b1-sys kernel: [    1.877413] PCI: Using ACPI for IRQ routing
May 26 19:07:52 ece-b1-sys kernel: [    1.881406] PCI: pci_cache_line_size set to 64 bytes
May 26 19:07:52 ece-b1-sys kernel: [    1.881697] e820: reserve RAM buffer [mem 0x0009fc00-0x0009ffff]
May 26 19:07:52 ece-b1-sys kernel: [    1.881702] e820: reserve RAM buffer [mem 0x7d9ea000-0x7fffffff]
May 26 19:07:52 ece-b1-sys kernel: [    1.881777] pci 0000:00:03.0: vgaarb: setting as boot VGA device
May 26 19:07:52 ece-b1-sys kernel: [    1.885397] pci 0000:00:03.0: vgaarb: bridge control possible
May 26 19:07:52 ece-b1-sys kernel: [    1.885397] pci 0000:00:03.0: vgaarb: VGA device added: decodes=io+mem,owns=io+mem,locks=none
May 26 19:07:52 ece-b1-sys kernel: [    1.905407] vgaarb: loaded
May 26 19:07:52 ece-b1-sys kernel: [    1.909567] hpet0: at MMIO 0xfed00000, IRQs 2, 8, 0, 0, 0, 0, 0, 0
May 26 19:07:52 ece-b1-sys kernel: [    1.913408] hpet0: 8 comparators, 32-bit 62.500000 MHz counter
May 26 19:07:52 ece-b1-sys kernel: [    1.925539] clocksource: Switched to clocksource kvm-clock
May 26 19:07:52 ece-b1-sys kernel: [    1.956383] VFS: Disk quotas dquot_6.6.0
May 26 19:07:52 ece-b1-sys kernel: [    1.967603] VFS: Dquot-cache hash table entries: 512 (order 0, 4096 bytes)
May 26 19:07:52 ece-b1-sys kernel: [    1.975780] AppArmor: AppArmor Filesystem Enabled
May 26 19:07:52 ece-b1-sys systemd[1]: Mounted Mount unit for core20, revision 2264.
May 26 19:07:52 ece-b1-sys systemd[1]: Mounted Mount unit for core20, revision 2318.
May 26 19:07:52 ece-b1-sys systemd[1]: Mounted Mount unit for gh, revision 502.
May 26 19:07:52 ece-b1-sys systemd[1]: Mounted Mount unit for lxd, revision 27948.
May 26 19:07:52 ece-b1-sys systemd[1]: Mounted Mount unit for lxd, revision 28373.
May 26 19:07:52 ece-b1-sys systemd[1]: Mounted Mount unit for snapd, revision 21184.
May 26 19:07:52 ece-b1-sys systemd[1]: Mounted Mount unit for snapd, revision 21465.
May 26 19:07:52 ece-b1-sys systemd[1]: Reached target Mounted snaps.
May 26 19:07:52 ece-b1-sys systemd-fsck[235]: fsck.fat 4.2 (2021-01-31)
May 26 19:07:52 ece-b1-sys systemd-fsck[235]: /dev/nvme0n1p15: 12 files, 12371/213716 clusters
May 26 19:07:52 ece-b1-sys systemd[1]: Finished File System Ch PASSWORD= ****************** uc~]4e=8?HYmNswK eck on /dev/disk/by-label/UEFI.
May 26 19:07:52 ece-b1-sys systemd[1]: Mounting /boot/efi...
May 26 19:07:52 ece-b1-sys systemd[1]: Mounted /boot/efi.
May 26 19:07:52 ece-b1-sys systemd[1]: Reached target Local File Systems.
May 26 19:07:52 e PASSWORD :SvVKBUWpTyGgqZaH=tr6]:jQ8Fwu ce-b1-sys systemd[1]: Starting Load AppArmor profiles...
May 26 19:07:52 ece-b1-sys systemd[1]: Starting Set console font and keymap...
May 26 19:07:52 ece-b1-sys systemd[1]: Starting Create final runtime dir for shutdown pivot root...
May 26 19:07:52 ece-b1-sys systemd[1]: Starting Tell Plymouth To Write Out Runtime Data...
May 26 19:07:52 ece-b1-sys systemd[1]: Startin mot de passe : ****************** g Set Up Additional Binary Formats...
May 26 19:07:52 ece-b1-sys systemd[1]: Condition check resulted in Store a System Token in an EFI Variable being skipped.
May 26 19:07:52 ece-b1-sys systemd[1]: Condition check resulted in Commit a transient machine-id on disk being skipped.
May 26 19:07:52 ece-b1-sys systemd[1]: Starting Create Volatile Files and Directories...
May 26 19:07:52 ece-b1-sys systemd[1]: Starting Uncomplicated firewall...
May 26 19:07:52 ece-b1-sys systemd[1]: Finished Set console font and keymap.
May 26 19:07:52 ece-b1-sys systemd[1]: Finished Create final runtime dir for shutdown pivot root.
May 26 19:07:52 ece-b1-sys systemd[1]: proc-sys-fs-binfmt_misc.automount: Got automount request for /proc/sys/fs/binfmt_misc, triggered by 247 (systemd-binfmt)
May 26 19:07:52 ece-b1-sys systemd[1]: Mounting Arbitrary Executable File Formats File System...
May 26 19:07:52 ece-b1-sys apparmor.systemd[239]: Restarting AppArmor
May 26 19:07:52 ece-b1-sys apparmor.systemd[239]: Reloading AppArmor profiles
May 26 19:07:52 ece-b1-sys systemd[1]: Finished Uncomplicated firewall.
May 26 19:07:52 ece-b1-sys systemd[1]: Mounted Arbitrary Executable File Formats File System.
May 26 19:07:52 ece-b1-sys systemd[1]: Finished Tell Plymouth To Write Out Runtime Data.
May 26 19:07:52 ece-b1-sys systemd[1]: Finished Set Up Additional Binary Formats.
May 26 19:07:52 ece-b1-sys systemd[1]: Finished Create Volatile Files and Directories.
May 26 19:07:52 ece-b1-sys systemd[1]: Starting Record System Boot/Shutdown in UTMP...
May 26 19:07:52 ece-b1-sys systemd[1]: Finished Record System Boot/Shutdown in UTMP.
May 26 19:07:52 ece-b1-sys apparmor.systemd[266]: Skipping profile in /etc/apparmor.d/disable: usr.sbin.rsyslogd
May 26 19:07:52 ece-b1-sys systemd[1]: Finished Load AppArmor profiles.
May 26 19:07:52 ece-b1-sys systemd[1]: Starting Load AppArmor profiles managed internally by snapd...
May 26 19:07:52 ece-b1-sys systemd[1]: Condition check resulted in Authentication service for virtual machines hosted on VMware being skipped.
May 26 19:07:52 ece-b1-sys systemd[1]: Condition check resulted in Service for virtual machines hosted on VMware being skipped.
May 26 19:07:52 ece-b1-sys systemd[1]: Starting Initial cloud-init job (pre-networking)...
May 26 19:07:52 ece-b1-sys snapd-apparmor[267]: main.go:125: Loading profiles [/var/lib/snapd/apparmor/profiles/snap-confine.snapd.21184 /var/lib/snapd/apparmor/profiles/snap-confine.snapd.21465 /var/lib/snapd/apparmor/profiles/snap-update-ns.amazon-ssm-agent /var/lib/snapd/apparmor/profiles/snap-update-ns.gh /var/lib/snapd/apparmor/profiles/snap-update-ns.lxd /var/lib/snapd/apparmor/profiles/snap.amazon-ssm-agent.amazon-ssm-agent /var/lib/snapd/apparmor/profiles/snap.amazon-ssm-agent.ssm-cli /var/lib/snapd/apparmor/profiles/snap.gh.gh /var/lib/snapd/apparmor/profiles/snap.lxd.activate /var/lib/snapd/apparmor/profiles/snap.lxd.benchmark /var/lib/snapd/apparmor/profiles/snap.lxd.buginfo /var/lib/snapd/apparmor/profiles/snap.lxd.check-kernel /var/lib/snapd/apparmor/profiles/snap.lxd.daemon /var/lib/snapd/apparmor/profiles/snap.lxd.hook.configure /var/lib/snapd/apparmor/profiles/snap.lxd.hook.install /var/lib/snapd/apparmor/profiles/snap.lxd.hook.remove /var/lib/snapd/apparmor/profiles/snap.lxd.lxc /var/lib/snapd/apparmor/profiles/snap.lxd.lxc-to-lxd /var/lib/snapd/apparmor/profiles/snap.lxd.lxd /var/lib/snapd/apparmor/profiles/snap.lxd.migrate /var/lib/snapd/apparmor/profiles/snap.lxd.user-daemon]
May 26 19:07:52 ece-b1-sys systemd[1]: Finished Load AppArmor profiles managed internally by snapd.
May 26 19:07:52 ece-b1-sys cloud-init[304]: Cloud-init v. 23.4.4-0ubuntu0~22.04.1 running 'init-local' at Sun, 26 May 2024 19:07:43 +0000. Up 28.33 seconds.
May 26 19:07:52 ece-b1-sys dhclient[307]: Internet Systems Consortium DHCP Client 4.4.1
May 26 19:07:52 ece-b1-sys dhclient[307]: Copyright 2004-2018 Internet Systems Consortium.
May 26 19:07:52 ece-b1-sys dhclient[307]: All rights reserved.
May 26 19:07:52 ec PASSWORD :mW+Fg?=Ep!cDN2[4~tbsLZ e-b1-sys dhclient[307]: For info, please visit https://www.isc.org/software/dhcp/
May 26 19:07:52 ece-b1-sys dhclient[307]: 
May 26 19:07:52 ece-b1-sys dhclient[311]: execve (/bin/true, ...): Permission denied
May 26 19:07:52 ece-b1-sys dhclient[307]: Listening on LPF/ens5/06:63:fe:25:9b:61
May 26 19:07:52 ece-b1-sys dhclient[307]: Sending on   LPF/ens5/06:63:fe:25:9b:61
May 26 19:07:52 ece-b1-sys dhclient[307]: Sending on   Socket/fallback
May 26 19:07:52 ece-b1-sys dhclient[307]: DHCPDISCOVER on ens5 to 255.255.255.255 port 67 interval 3 (xid=0x21457e71)
May 26 19:07:52 ece-b1-sys dhclient[307]: DHCPOFFER of 172.26.9.135 from 172.26.0.1
May 26 19:07:52 ece-b1-sys dhclient[307]: DHCPREQUEST for 172.26.9.135 on ens5 to 255.255.255.255 port 67 (xid=0x717e4521)
May 26 19:07:52 ece-b1-sys dhclient[307]: DHCPACK of 172.26.9.135 from 172.26.0.1 (xid=0x21457e71)
May 26 19:07:52 ece-b1-sys password = ******************  dhclient[312]: execve (/bin/true, ...): Permission denied
May 26 19:07:52 ece-b1-sys dhclient[307]: bound to 172.26.9.135 -- renewal in 1722 seconds.
May 26 19:07:52 ece-b1-sys systemd[1]: Condition check resulted in OpenVSwitch configuration for cleanup being skipped.
May 26 19:07:52 ece-b1-sys systemd[1]: message repeated 2 times: [ Condition check resulted in OpenVSwitch configuration for cleanup being skipped.]
May 26 19:07:52 ece-b1-sys systemd[1]: Finished Ini PASSWORD:  ****************** tial cloud-init job (pre-networking).
May 26 19:07:52 ece-b1-sys systemd[1]: Reached target Preparation for Network.
May 26 19:07:52 ece-b1-sys systemd[1]: Starting Network Configuration...
May 26 19:07:52 ece-b1-sys systemd-networkd[338]: lo: Link UP
May 26 19:07:52 ece-b1-sys systemd-networkd[338]: lo: Gained carrier
May 26 19:07:52 ece-b1-sys systemd-networkd[338]: Enumeration completed
May 26 19:07:52 ece-b1-sys systemd[1]: Started Network Configuration.
May 26 19:07:52 ece-b1-sys systemd-networkd[338]: ens5: Link UP
May 26 19:07:52 ece-b1-sys systemd-networkd[338]: ens5: Gained carrier
May 26 19:07:52 ece-b1-sys systemd-networkd[338]: ens5: Link DOWN
May 26 19:07:52 ece-b1-sys systemd-networkd[338]: ens5: Lost carrier
May 26 19:07:52 ece-b1-sys systemd-networkd[338]: ens5: Link UP
May 26 19:07:52 ece-b1-sys systemd[1]: Starting Wait for Network to be Configured...
May 26 19:07:52 ece-b1-sys systemd-networkd[338]: ens5: Gained carrier
May 26 19:07:52 ece-b1-sys systemd[1]: Starting Network Name Resolution...
May 26 19:07:52 ece-b1-sys systemd-networkd[338]: ens5: DHCPv4 address 172.26.9.135/20 via 172.26.0.1
May 26 19:07:52 ece-b1-sys systemd-resolved[340]: Positive Trust Anchors:
May 26 19:07:52 ece-b1-sys systemd-resolved[340]: . IN DS 20326 8 2 e06d44b80b8f1d39a95c0b0d7c65d08458e880409bbc683457104237c7f8ec8d
May 26 19:07:52 ece-b1-sys systemd-resolved[340]: Negative trust anchors: home.arpa 10.in-addr.arpa 16.172.in-addr.arpa 17.172.in-addr.arpa 18.172.in-addr.arpa 19.172.in-addr.arpa 20.172.in-addr.arpa 21.172.in-addr.arpa 22.172.in-addr.arpa 23.172.in-addr.arpa 24.172.in-addr.arpa 25.172.in-addr.arpa 26.172.in-addr.arpa 27.172.in-addr.arpa 28.172.in-addr.arpa 29.172.in-addr.arpa 30.172.in-addr.arpa 31.172.in-addr.arpa 168.192.in-addr.arpa d.f.ip6.arpa corp home internal intranet lan local private test
May 26 19:07:52 ece-b1-sys systemd-resolved[340]: Using system hostname 'ece-b1-sys'.
May 26 19:07:52 ece-b1-sys systemd[1]: Started Network Name Resolution.
May 26 19:07:52 ece-b1-sys systemd[1]: Reached target Network.
May 26 19:07:52 ece-b1-sys systemd[1]: Reached target Host and Network Name Lookups.
May 26 19:07:52 ece-b1-sys systemd-networkd[338]: ens5: Gained IPv6LL
May 26 19:07:52 ece-b1-sys systemd[1]: Finished Wait for Network to be Configured.
May 26 19:07:52 ece-b1-sys systemd[1]: Starting Initial cloud-init job (metadata service crawler)...
May 26 19:07:52 ece-b1-sys cloud-init[345]: Cloud-init v. 23.4.4-0ubuntu0~22.04.1 running 'init' at Sun, 26 May 2024 19:07:48 +0000. Up 33.41 seconds.
May 26 19:07:52 ece-b1-sys cloud-init[345]: ci-info: ++++++++++++++++++++++++++++++++++++++Net device info+++++++++++++++++++++++++++++++++++++++
May 26 19:07:52 ece-b1-sys cloud-init[345]: ci-info: +--------+------+-----------------------------+---------------+--------+-------------------+
May 26 19:07:52 ece-b1-sys cloud-init[345]: ci-info: | Device |  Up  |           Address           |      Mask     | Scope  |     Hw-Address    |
May 26 19:07:52 ece-b1-sys cloud-init[345]: ci-info: +--------+------+-----------------------------+---------------+--------+-------------------+
May 26 19:07:52 ece-b1-sys cloud-init[345]: ci-info: |  ens5  | True |         172.26.9.135        | 255.255.240.0 | global | 06:63:fe:25:9b:61 |
May 26 19:07:52 ece-b1-sys cloud-init[345]: ci-info: |  ens5  | True | fe80::463:feff:fe25:9b61/64 |       .       |  link  | 06:63:fe:25:9b:61 |
May 26 19:07:52 ece-b1-sys cloud-init[345]: ci-info: |   lo   | True |          127.0.0.1          |   255.0.0.0   |  host  |         .         |
May 26 19:07:52 ece-b1-sys cloud-init[345]: ci-info: |   lo   | True |           ::1/128           |       .       |  host  |         .         |
May 26 19:07:52 ece-b1-sys cloud-init[345]: ci-info: +--------+------+-----------------------------+---------------+--------+-------------------+
May 26 19:07:52 ece-b1-sys cloud-init[345]: ci-info: +++++++++++++++++++++++++++++Route IPv4 info mot de passe : ****************** 
May 26 19:07:52 ece-b1-sys cloud-init[345]: ci-info: +-------+-------------+------------+-----------------+-----------+-------+
May 26 19:07:52 ece-b1-sys cloud-init[345]: ci-info: | Route | Destination |  Gateway   |     Genmask     | Interface | Flags |
May 26 19:07:52 ece-b1-sys cloud-init[345]: ci-info: +-------+-------------+------------+-----------------+-----------+-------+
May 26 19:07:52 ece-b1-sys cloud-init[345]: ci-info: |   0   |   0.0.0.0   | 172.26.0.1 |     0.0.0.0     |    ens5   |   UG  |
May 26 19:07:52 ece-b1-sys cloud-init[345]: ci-info: |   1   |  172.26.0.0 |  0.0.0.0   |  255.255.240.0  |    ens5   |   U   |
May 26 19:07:52 ece-b1-sys cloud-init[345]: ci-info: |   2   |  172.26.0.1 |  0.0.0.0   | 255.255.255.255 |    ens5   |   UH  |
May 26 19:07:52 ece-b1-sys cloud-init[345]: ci-info: |   3   |  172.26.0.2 |  0.0.0.0   | 255.255.255.255 |    ens5   |   UH  |
May 26 19:07:52 ece-b1-sys cloud-init[345]: ci-info: +-------+-------------+------------+-----------------+-----------+-------+
May 26 19:07:52 ece-b1-sys cloud-init[345]: ci-info: +++++++++++++++++++Route IPv6 info+++++++++++++++++++
May 26 19:07:52 ece-b1-sys cloud-init[345]: ci-info: +-------+-------------+---------+-----------+-------+
May 26 19:07:52 ece-b1-sys cloud-init[345]: ci-info: | Route | Destination | Gateway | Interface | Flags |
May 26 19:07:52 ece-b1-sys cloud-init[345]: ci-info: +-------+-------------+---------+-----------+-------+
May 26 19:07:52 ece-b1-sys cloud-init[345]: ci-info: |   1   |  fe80::/64  |    ::   |    ens5   |   U   |
May 26 19:07:52 ece-b1-sys cloud-init[345]: ci-info: |   3   |    local    |    ::   |    ens5   |   U   |
May 26 19:07:52 ece-b1-sys cloud-init[345]: ci-info: |   4   |  multicast  |    ::   |    ens5   |   U   |
May 26 19:07:52 ece-b1-sys cloud-init[345]: ci-info: +-------+-------------+---------+-----------+-------+
May 26 19:07:52 ece-b1-sys systemd-networkd[338]: ens5: DHCPv6 address 2a05:d012:703:9200:fc31:8893:b54d:a35b/128 (valid for 7min 30s, preferred for 2min 20s)
May 26 19:07:52 ece-b1-sys cloud-init[345]: Generating public/private rsa key pair.
May 26 19:07:52 ece-b1-sys cloud-init[345]: Your identification has been saved in /etc/ssh/ssh_host_rsa_key
May 26 19:07:52 ece-b1-sys cloud-init[345]: Your public key has been saved in /etc/ssh/ssh_host_rsa_key.pub
May 26 19:07:52 ece-b1-sys cloud-init[345]: The key fingerprint is:
May 26 19:07:52 ece-b1-sys cloud-init[345]: SHA256:oEmzGRrxo6XH5X3QYTc4vHT8esp3680dDwyeEdTkMNM root@ece-b1-sys
May 2 MOT DE PASSE = ****************** p!FB?=AWcy9meRU< 6 19:07:52 ece-b1-sys cloud-init[345]: The key's randomart image is:
May 26 19:07:52 ece-b1-sys cloud-init[345]: +---[RSA 3072]----+
May 26 19:07:52 ece-b1-sys cloud-init[345]: |  .      .ooB+.  |
May 26 19:07:52 ece-b1-sys cloud-init[345]: |   o     o=+o*E  |
May 26 19:07:52 ece-b1-sys cloud-init[345]: |  . B o ...+...  |
May 26 19:07:52 ece-b1-sys cloud-init[345]: |   O @ o ..  ..  |
May 26 19:07:52 ece-b1-sys cloud-init[345]: |  + B . S . o.   |
May 26 19:07:52 ece-b1-sys kernel:  mot de passe: ****************** [    1.982782] pnp: PnP ACPI init
May 26 19:07:52 ece-b1-sys kernel: [    1.987368] pnp: PnP ACPI: found 5 devices
May 26 19:07:52 ece-b1-sys kernel: [    2.004900] clocksource: acpi_pm: mask: 0xffffff max_cycles: 0xffffff, max_idle_ns: 2085701024 ns
May 26 19:07:52 ece-b1-sys kernel: [    2.017393] NET: Registered PF_INET protocol family
May 26 19:07:52 ece-b1-sys kernel: [    2.025740] IP idents hash table entries: 32768 (order: 6, 262144 bytes, linear)
May 26 19:07:52 ece-b1-sys kernel: [    2.125279] tcp_listen_portaddr_hash hash table entries: 1024 (order: 2, 16384 bytes, linear)
May 26 19:07:52 ece-b1-sys kernel: [    2.136717] Table-perturb hash table entries: 65536 (order: 6, 262144 bytes, linear)
May 26 19:07:52 ece-b1-sys cloud-init[345]: |   .     . ..=.  |
May 26 19:07:52 ece-b1-sys cloud-init[345]: |           .ooo. |
May 26 19:07:52 ece-b1-sys cloud-init[345]: |            o .o*|
May 26 19:07:52 ece-b1-sys cloud-init[345]: |             ..+*|
May 26 19:07:52 ece-b1-sys cloud-init[345]: +----[SHA256]-----+
May 26 19:07:52 ece-b1-sys cloud-init[345]: Generating public/private dsa key pair.
May 26 19:07:52 ece-b1-sys cloud-init[345]: Your identification has been saved in /etc/ssh/ssh_host_dsa_key
May 26 19:07:52 ece-b1-sys cloud-init[345]: Your public key has been saved in /etc/ssh/ssh_host_dsa_key.pub
May 26 19:07:52 ece-b1-sys cloud-init[345]: The key fingerprint is:
May 26 19:07:52 ece-b1-sys cloud-init[345]: SHA256:kkRhPGg8KhWyOvxO5XKB67PNeJYxBQbPG/S42byaImA root@ece-b1-sys
May 26 19:07:52 ece-b1-sys cloud-init[345]: The key's randomart image is:
May 26 19:07:52 ece-b1-sys cloud-init[345]: +---[DSA 1024]----+
May 26 19:07:52 ece-b1-sys cloud-init[345]: |. .+.++.         |
May 26 19:07:52 ece-b1-sys cloud-init[345]: | o. O==          |
May 26 19:07:52 ece-b1-sys cloud-init[345]: |.. o.*oo         |
May 26 19:07:52 ece-b1-sys cloud-init[345]: |+ . ..Bo         |
May 26 19:07:52 ec password: ****************** e-b1-sys cloud-init[345]: |oo . *+oS        |
May 26 19:07:52 ece-b1-sys cloud-init[345]: |.E. +o...        |
May 26 19:07:52 ece-b1-sys cloud-init[345]: |o  = o+.         |
May 26 19:07:52 ece-b1-sys cloud-init[345]: | .+o*+o          |
May 26 19:07:52 ece-b1-sys kernel: [    2.144651] TCP established hash table entries: 16384 (order: 5, 131072 bytes, linear)
May 26 19:07:52 ece-b1-sys kernel: [    2.163837] TCP bind hash table entries: 16384 (order: 7, 524288 bytes, linear)
May 26 19:07:52 ece-b1-sys kernel: [    2.188540] TCP: Hash tables configured (established 16384 bind 16384)
May 26 19:07:52 ece-b1-sys kernel: [    2.195270] MPTCP token hash table entries: 2048 (order: 3, 49152 bytes, linear)
May 26 19:07:52 ece-b1-sys kernel: [    2.213714] UDP hash table entries: 1024 (order: 3, 32768 bytes, linear)
May 26 19:07:52 ece-b1-sys kernel: [    2.219643] UDP-Lite hash table entries: 1024 (order: 3, 32768 bytes, linear)
May 26 19:07:52 ece-b1-sys kernel: [    2.227118] NET: Registered PF_UNIX/PF_LOCAL protocol family
May 26 19:07:52 ece-b1-sys kernel password= ****************** qu%xPz4casQynX@t~dCEv?WhLKU] : [    2.232660] NET: Registered PF_XDP protocol family
May 26 19:07:52 ece-b1-sys kernel: [    2.238009] pci_bus 0000:00: resource 4 [io  0x0000-0x0cf7 window]
May 26 19:07:52 ece-b1-sys kernel: [    2.243781] pci_bus 0000:00: resource 5 [io  0x0d00-0xffff window]
May 26 19:07:52 ece-b1-sys kernel: [    2.250423] pci_bus 0000:00: resource 6 [mem 0x000a0000-0x000bffff window]
May 26 19:07:52 ece-b1-sys kernel: [    2.257242] pci_bus 0000:00: resource 7 [mem 0x80000000-0xfebfffff window]
May 26 19:07:52 ece-b1-sys kernel: [    2.264587] pci 0000:00:00.0: Limiting direct PCI/PCI transfers
May 26 19:07:52 ece-b1-sys kernel: [    2.270853] PCI: CLS 0 bytes, default 64
May 26 19:07:52 ece-b1-sys kernel: [    2.286720] Trying to unpack rootfs image as initramfs...
May 26 19:07:52 ece-b1-sys kernel: [    2.286769] clocksource: tsc: mask: 0xffffffffffffffff max_cycles: 0x240933eba6e, max_idle_ns: 440795246008 ns
May 26 19:07:52 ece-b1-sys kernel: [    2.303419] Freeing initrd memory: 7116K
May 26 19:07:52 ece-b1-sys kernel: [    2.340463] clocksource: Switched to clocksource tsc
May 26 19:07:52 ece-b1-sys kernel: [    2.349803] Initialise system trusted keyrings
May 26 19:07:52 ece-b1-sys kernel: [    2.354711] Key type blacklist registered
May 26 19:07:52 ece-b1-sys kernel: [    2.358453] workingset: timestamp_bits=36 max_order=19 bucket_order=0
May 26 19:07:52 ece-b1-sys kernel: [    2.363060] zbud: loaded
May 26 19:07:52 ece-b1-sys kernel: [    2.366830] squashf password : ****************** s: version 4.0 (2009/01/31) Phillip Lougher
May 26 19:07:52 ece-b1-sys kernel: [    2.372466] fuse: init (API version 7.38)
May 26 19:07:52 ece-b1-sys kernel: [    2.377315] integrity: Platform Keyring initialized
May 26 19:07:52 ece-b1-sys kernel: [    2.382939] integrity: Machine keyring initialized
May 26 19:07:52 ece-b1-sys kernel: [    2.395817] Key type asymmetric registered
May 26 19:07:52 ece-b1-sys kernel: [    2.400113] Asymmetric key parser 'x509' registered
May 26 19:07:52 ece-b1-sys kernel: [    2.405922] Block layer SCSI generic (bsg) driver version 0.4 loaded (major 243)
May 26 19:07:52 ece-b1-sys kernel: [    2.413879] io scheduler mq-deadline registered
May 26 19:07:52 ece-b1-sys kernel: [    2.419089] shpchp: Standard Hot Plug PCI Controller Driver version: 0.4
May 26 19:07:52 ece-b1-sys kernel: [    2.425115] input: Power Button as /devices/LNXSYSTM:00/LNXPWRBN:00/input/input0
May 26 19:07:52 ece-b1-sys kernel: [    2.433687] ACPI: button: Power Button [PWRF]
May 26 19:07:52 ece-b1-sys kernel: [    2.437902] input: Sleep Button as /devices/LNXSYSTM:00/LNXSLPBN:00/input/input1
May 26 19:07:52 ece-b1-sys kernel: [    2.448308] ACPI: button: Sleep Button [SLPF]
May 26 19:07:52 ece-b1-sys kernel: [    2.453413] Serial: 8250/16550 driver, 4 ports, IRQ sharing enabled
May 26 19:07:52 password= ******************  ece-b1-sys kernel: [    2.486799] 00:04: ttyS0 at I/O 0x3f8 (irq = 4, base_baud = 115200) is a 16550A
May 26 19:07:52 ece-b1-sys kernel: [    2.496203] Linux agpgart interface v0.103
May 26 19:07:52 ece-b1-sys kernel: [    2.503131] loop: module loaded
May 26 19:07:52 ece-b1-sys kernel: [    2.507786] nvme nvme0: pci function 0000:00:04.0
May 26 19:07:52 ece-b1-sys kernel: [    2.507867] tun: Universal TUN/TAP device driver, 1.6
May 26 19:07:52 ece-b1-sys kernel: [    2.509481] ACPI: \_SB_.LNKD: Enabled at IRQ 11
May 26 19:07:52 ece-b1-sys kernel: [    2.510625] PPP generic driver version 2.4.2
May 26 19:07:52 ece-b1-sys kernel: [    2.522038] nvme nvme0: 2/0/0 default/read/poll queues
May 26 19:07:52 ece-b1-sys kernel: [    2.523853] i8042: PNP: PS/2 Controller [PNP0303:KBD,PNP0f13:MOU] at 0x60,0x64 irq 1,12
May 26 19:07:52 ece-b1-sys kernel: [    2.539659] i8042: Warning: Keylock active
May 26 19:07:52 ece-b1-sys kernel: [    2.552580] serio: i8042 KBD port at 0x60,0x64 irq 1
May 26 19:07:52 ece-b1-sys kernel: [    2.557979] serio: i8042 AUX port at 0x60,0x64 irq 12
May 26 19:07:52 ece-b1-sys kernel: [    2.566373] mousedev: PS/2 mouse device common for all mice
May 26 19:07:52 ece-b1-sys kernel: [    2.575818] rtc_cmos 00:00: RTC can wake from S4
May 26 19:07:52 ece-b1-sys kernel: [    2.596820] rtc_cmos 00:00: registered as rtc0
May 26 19:07:52 ece-b1-sys kernel: [    2.603193] rtc_cmos 00:00: setting system clock to 2024-05-26T19:07:16 UTC (1716750436)
May 26 19:07:52 ece-b1-sys kernel: [    2.61 password= ****************** 3545] rtc_cmos 00:00: alarms up to one day, 114 bytes nvram
May 26 19:07:52 ece-b1-sys kernel: [    2.61448 mot de passe: ****************** KX7ED&69N[sw_xd< 5]  nvme0n1: p1 p14 p15
May 26 19:07:52 ece-b1-sys kernel: [    2.614834] i2c_dev: i2c /dev entries driver
May 26 19:07:52 ece-b1-sys kernel: [    2.626907] device-mapper: core: CONFIG_IMA_DISABLE_HTABLE is disabled. Duplicate IMA measurements will not be recorded in the IMA log.
May 26 19:07:52 ece-b1-sys kernel: [    2.636843] device-mapper: uevent: version 1.0.3
May 26 19:07:52 ece-b1-sys kernel: [    2.641212] device-mapper: ioctl: 4.48.0-ioctl (2023-03-01) initialised: dm-devel@redhat.com
May 26 19:07:52 ece-b1-sys kernel: [    2.650266] platform eisa.0: Probing EISA bus 0
May 26 19:07:52 ece-b1-sys kernel: [    2.654564] platform eisa.0: EISA: Cannot allocate resource for mainboard
May 26 19:07:52 ece-b1-sys kernel: [    2.659513] platform eisa.0: Cannot allocate resource for EISA slot 1
May 26 19:07:52 ece-b1-sys kernel: [    2.664607] platform eisa.0: Cannot allocate resource for EISA slot 2
May 26 19:07:52 ece-b1-sys kernel: [    2.669628] platform eisa.0: Cannot allocate resource for EISA slot 3
May 26 19:07:52 ece-b1-sys kernel: [    2.674462] platform eisa.0: Cannot allocate resource for EISA slot 4
May 26 19:07:52 ece-b1-sys kernel: [    2.679473] platform eisa.0: Cannot allocate resource for EISA slot 5
May 26 19:07:52 ece-b1-sys kernel: [    2.684884] platform eisa.0: Cannot allocate resource for EISA slot 6
May 26 19:07:52 ece-b1-sys kernel: [    2.690008] platform eisa.0: Cannot allocate resource for EISA slot 7
May 26 19:07:52 ece-b1-sys kernel: [    2.696293] platform eisa.0: Cannot allocate resource for EISA slot 8
May 26 19:07:52 ece-b1-sys kernel: [    2.701904] platform eisa.0: EISA: Detected 0 cards
May 26 19:07:52 ece-b1-sys kernel: [    2.706051] intel_pstate: CPU model not supported
May 26 19:07:52 ece-b1-sys kernel: [    2.710049] ledtrig-cpu: registered to indicate activity on CPUs
May 26 19:07:52 ece-b1-sys kernel: [    2.715055] drop_monitor: Initializing network drop monitor service
May 26 19:07:52 ece-b1-sys kernel: [    2.761674] NET: Registered PF_INET6 protocol family
May 26 19:07:52 ece-b1-sys kernel: [    2.777965] Segment Routing with IPv6
May 26 19:07:52 ece-b1-sys kernel: [    2.787426] In-situ OAM (IOAM) with IPv6
May 26 19:07:52 ece-b1-sys kernel: [    2.796068] NET: Registered PF_PACKET protocol family
May 26 19:07:52 ece-b1-sys kernel: [    2.807307] Key type dns_resolver registered
May 26 19:07:52 ece-b1-sys kernel: [    2.819616] No MBM correction factor available
May 26 19:07:52 ece-b1-sys kernel: [    2.823697] IPI shorthand broadcast: enabled
May 26 19:07:52 ece-b1-sys kernel: [    2.829463] sched_clock: Marking stable (1873825665, 953948361)->(3433111883, -605337857)
May 26 19:07:52 ece-b1-sys kernel: [    2.839757] registered taskstats version 1
May 26 19:07:52 ece-b1-sys kernel: [    2.844246] Loading compiled-in X.509 certificates
May 26 19:07:52 ece-b1-sys ke MOT DE PASSE : ****************** uc~]4e=8?HYmNswK rnel: [    2.849498] Loaded X.509 cert 'Build time autogenerated kernel key: b8f97b1f69dc2ce2a7bcb24544a97cf2ef488402'
May 26 19:07:52 ece-b1-sys kernel: [    2.858321] Loaded X.509 cert 'Canonical Ltd. Live Patch Signing: 14df34d1a87cf37625abec039ef2bf521249b969'
May 26 19:07:52 ece-b1-sys kernel: [    2.868769] Loaded X.509 cert 'Canonical Ltd. Kernel Module Signing: 88f752e560a1e0737e31163a466ad7b70a850c19'
May 26 19:07:52 ece-b1-sys kernel: [    2.877831] blacklist: Loading compiled-in revocation X.509 certificates
May 26 19:07:52 ece-b1-sys kernel: [    2.884002] Loaded X.509 cert 'Canonical Ltd. Secure Boot Signing: 61482aa2830d0ab2ad5af10b7250da9033ddcef0'
May 26 19:07:52 ece-b1-sys kernel: [    2.893615] Loaded X.509 cert 'Canonical Ltd. Secure Boot Signing (2017): 242ade75ac4a15e50d50c84b0d45ff3eae707a03'
May 26 19:07:52 ece-b1-sys kernel: [    2.902922] Loaded X.509 cert 'Canonical Ltd. Secure Boot Signing (ESM 2018): 365188c1d374d6b07c3c8f240f8ef722433d6a8b'
May 26 19:07:52 ece-b1-sys kernel: [    2.912773] Loaded X.509 cert 'Canonical Ltd. Secure Boot Signing (2019): c0746fd6c5da3ae827864651ad66ae47fe24b3e8'
May 26 19:07:52 ece-b1-sys kernel: [    2.922315] Loaded X.509 cert 'Canonical Ltd. Secure Boot Signing (2021 v1): a8d54bbb3825cfb94fa13c9f8a594a195c107b8d'
May 26 19:07:52 ece-b1-sys kernel: [    2.931702] Loaded X.509 cert 'Canonical Ltd. Secure Boot Signing (2021 v2): 4cf046892d6fd3c9a5b03f98d845f90851dc6a8c'
May 26 19:07:52 ece-b1-sys kernel: [    2.940965] Loaded X.5 password : ****************** bTycJjhLGptsr9UXVH2vZ4WCBeq7 09 cert 'Canonical Ltd. Secure Boot Signing (2021 v3): 100437bb6de6e469b581e61cd66bce3ef4ed53af'
May 26 19:07:52 ece-b1-sys kernel: [    2.951491] Loaded X.509 cert 'Canonical Ltd. Secure Boot Signing (Ubuntu Core 2019): c1d57b8f6b743f23ee41f4f7ee292f06eecadfb9'
May 26 19:07:52 ece-b1-sys kernel: [    2.962746] Key type .fscrypt registered
May  PASSWORD= ****************** 26 19:07:52 ece-b1-sys kernel: [    2.966713] Key type fscrypt-provisioning registered
May 26 19:07:52 ece-b1-sys kernel: [    2.971730] Ke MOT DE PASSE = ****************** r57CeBzZTNG2fhXMkp4adHswcLAE y type encrypted registered
May 26 19:07:52 ece-b1-sys kernel: [    2.975757] AppArmor: AppArmor sha1 policy hashing enabled
May 26 19:07:52 ece-b1-sys kernel: [    2.980611] ima: No TPM chip found, activating TPM-bypass!
May 26 19:07:52 ece-b1-sys kernel: [    2.985808] Loading compiled-in module X.509 certificates
May 26 19:07:52 ece-b1-sys kernel: [    2.991435] Loaded X.509 cert 'Build time autogenerated kernel key: b8f97b1f69dc2ce2a7bcb24544a97cf2ef488402'
May 26 19:07:52 ece-b1-sys kernel: [    3.000354] ima: Allocated hash algorithm: sha1
May 26 19:07:52 ece-b1-sys kernel: [    3.004598] ima: No architecture policies found
May 26 19:07:52 ece-b1-sys kernel: [    3.008374] evm: Initialising EVM extended attributes:
May 26 19:07:52 ece-b1-sys kernel: [    3.013428] evm: security.selinux
May 26 19:07:52 ece-b1-sys kernel: [    3.017163] evm: security.SMACK64
May 26 19:07:52 ece-b1-sys kernel: [    3.020560] evm: security.SMACK64EXEC
May 26 19:07:52 ece-b1-sys kernel: [    3.024377] evm: security.SMACK64TRANSMUTE
May 26 19:07:52 ece-b1-sys kernel: [    3.028444] evm: security.SMACK64MMAP
May 26 19:07:52 ece-b1-sys kernel: [    3.032950] evm: security.apparmor
May 26 19:07:52 ece-b1-sys kernel: [    3.036589] evm: security.ima
May 26 19:07:52 ece-b1-sys kernel: [    3.039919] evm: security.capability
May 26 19:07:52 ece-b1-sys kernel: [    3.043839] evm: HMAC attrs: 0x1
May 26 19:07:52 ece-b1-sys kernel: [    3.047829] PM:   Magic number: 8:30:143
May 26 19:07:52 ece-b1-sys kernel: [    3.052448] acpi device:14: hash matches
May 26 19:07:52 ece-b1-sys kernel: [    3.060199] RAS: Cor mot de passe = ****************** rectable Errors collector initialized.
May 26 19:07:52 ece-b1-sys kernel: [    3.065381] clk: Disabling unused clocks
May 26 19:07:52 ece-b1-sys kernel: [    3.102659] input: AT Translated Set 2 keyboard as /devices/platform/i8042/serio0/input/input2
May 26 19:07:52 ece-b1-sys kernel: [    3.110231] md: Waiting for all devices to be available before autodetect
May 26 19:07:52 ece-b1-sys kernel: [    3.114882] md: If you don't use raid, use raid=noautodetect
May 26 19:07:52 ece-b1-sys kernel: [    3.119182] md: Autodetecting RAID arrays.
May 26 19:07:52 ece-b1-sys kernel: [    3.122970] md: autorun ...
May 26 19:07:52 ece-b1-sys kernel: [    3.126149] md: ... autorun DONE.
May 26 19:07:52 ece-b1-sys kernel: [    3.230514] EXT4-fs (nvme0n1p1): mounted filesystem e950b974-5b8b-4941-a433-6bd90b56f53b ro with ordered data mode. Quota mode: none.
May 26 19:07:52 ece-b1-sys kernel: [    3.240111] VFS: Mounted root (ext4 filesystem) readonly on device 259:1.
May 26 19:07:52 ece-b1-sys kernel: [    3.245278] devtmpfs: mounted
May 26 19:07:52 ece-b1-sys kernel: [    3.259218] Freeing unused decrypted memory: 2036K
May 26 19:07:52 ece-b1-sys kernel: [    3.268657] Freeing unused kernel image (initmem) memory: 4908K
May 26 19:07:52 ece-b1-sys kernel: [    3.283295] Write protecting the kernel read-only data: 34816k
May 26 19:07:52 ece-b1-sys kernel: [    3.292137] Freeing unused kernel image (rodata/data gap) memory: 1084 MOT DE PASSE : ****************** v3uRjBS>7]Ppk9@zaVFL_ZJhM2Wd K
May 26 19:07:52 ece-b1-sys kernel: [    3.362073] x86/mm: Checked W+X mappings: passed, no W+X pages found.
May 26 19:07:52 ece-b1-sys kernel: [    3.366108] x86/mm: Checking user space page tables
May 26 19:07:52 ece-b1-sys cloud-init[345]: |  .=*=           |
May 26 19:07:52 ece-b1-sys cloud-init[345]: +----[SHA256]-----+
May 26 19:07:52 ece-b1-sys cloud-init[345]: Generating public/private ecdsa key pair.
May 26 19:07:52 ece-b1-sys cloud-init[345]: Your identification has been saved in /etc/ssh/ssh_host_ecdsa_key
May 26 19:07:52 ece-b1-sys cloud-init[345]: Your public key has been saved in /etc/ssh/ssh_host_ecdsa_key.pub
May 26 19:07:52 ece-b1-sys cloud-init[345]: The key fingerprint is:
May 26 19:07:52 ece-b1-sys cloud-init[345]: SHA256:icK/lF2NmtH/81XYFClHRWD+0o6qhLrUUuPJExcxvMI root@ece-b1-sys
May 26 19:07:52 ece-b1-sys cloud-init[345]: The key's randomart image is:
May 26 19:07:52 ece-b1-sys cloud-init[345]: +---[ECDSA 256]---+
May 26 19:07:52 ece-b1-sys cloud-init[345]: |         .o   +==|
May 26 19:07:52 ece-b1-sys cloud-init[345]: |          .o + o.|
May 26 19:07:52 ece-b1-sys cloud-init[345]: |       .  ..  + .|
May 26 19:07:52 ece-b1-sys cloud-init[345]: |   .   .Eo.+   * |
May 26 19:07:52 ece-b1-sys cloud-init[345]: |    o . S.= . o =|
May 26 19:07:52 ece-b1-sys cloud-init[345]: |     o B @ .   +.|
May 26 19:07:52 ece-b1-sys cloud-init[345]: |      * @ . . . o|
May 26 19:07:52 ece-b1-sys cloud-init[345]: |     o + o   o. .|
May 26 19:07:52 ece-b1-sys cloud-init[345]: |      +.  ... .o.|
May 26 19:07:52 ece-b1-sys cloud-init[345]: +----[SHA256]-----+
May 26 19:07:52 ece-b1-sys cloud-init[345]: Generating public/p mot de passe= ****************** NGDWTP2MJHVw9Sasvk rivate ed25519 key pair.
May 26 19:07:52 ece-b1-sys cloud-init[345]: Your identification has been saved in /etc/ssh/ssh_host_ed25519_key
May 26 19:07:52 ece-b1-sys cloud-init[345]: Your public key has been saved in /etc/ssh/ssh_host_ed25519_key.pub
May 26 19:07:52 ece-b1-sys cloud-init[345]: The key fingerprint is:
May 26 19:07:52 ece-b1-sys cloud-init[345]: SHA256:FG1VNKUQgksAkibVvsDF2ZNzZOOGdTvTwJWWdRwVAEs root@ece-b1-sys
May 26 19:07:52 ece-b1-sys cloud-init[345]: The key's randomart image is:
May 26 19:07:52 ece-b1-sys cloud-init[345]: +--[ED25519 256]--+
May 26 19:07:52 ece-b1-sys cloud-init[345]: | .o+.+.+*++E*O*=B|
May 26 19:07:52 ece-b1-sys cloud-init[345]: |. o.= ==++===. +.|
May 26 19:07:52 mot de passe: ******************  ece-b1-sys cloud-init[345]: | + o  .=+o+o. .  |
May 26 19:07:52 ec mot de passe= ****************** U]7k>eK+r8vxH6B~ e-b1-sys cloud-init[345]: |  o .  o.  o     |
May 26 19:07:52 ece-b1-sys cloud-init[345]: |   . .  S        |
May 26 19:07:52 ece-b1-sys cloud-init[345]: |    .            |
May 26 19:07:52 ece-b1-sys cloud-init[345]: |                 |
May 26 19:07:52 ece-b1-sys cloud-init[345]: message repeated 2 times: [ |                 |]
May 26 19:07:52 ece-b1-sys cloud-init[345]: +----[SHA256]-----+
May 26 19:07:52 ece-b1-sys systemd[1]: Finished Initial cloud-init job (metadata service crawler).
May 26 19:07:52 ece-b1-sys systemd[1]: Reached target Cloud-config availability.
May 26 19:07:52 ece-b1-sys systemd[1]: Reached target Network is Online.
May 26 19:07:52 ece-b1-sys systemd[1]: Reached target System Initialization.
May 26 19:07:52 ece-b1-sys systemd[1]: Started ACPI Events Check.
May 26 19:07:52 ece-b1-sys systemd[1]: Condition check resulted in Process error reports when automatic reporting is enabled (file watch) being skipped.
May 26 19:07:52 ece-b1-sys systemd[1]: Condition check resulted in Process error reports when automatic reporting is enabled (timer based) being skipped.
May 26 19:07:52 ece-b1-sys systemd[1]: Started Daily Cleanup of Temporary Directories.
May 26 19:07:52 ece-b1-sys systemd[1]: Condition check resulted in Ubuntu Pro Timer for running repeated jobs being skipped.
May 26 19:07:52 ece-b1-sys systemd[1]: Started Download data for packages that failed at package install time.
May 26 19:07:52 ece-b1-sys systemd[1]: Reached target Path Units.
May 26 19:07:52 ece-b1-sys  MOT DE PASSE = ****************** systemd[1]: Listening on ACPID Listen Socket.
May 26 19:07:52 ece-b1-sys systemd[1]: Condition check resulted in Unix socket for apport crash forwarding being skipped.
May 26 19:07:52 ece-b1-sys systemd[1]: Listening on cloud-init hotplug hook socket.
May 26 19:07:52 ece-b1-sys systemd[1]: Listening on D-Bus System Message Bus Socket.
May 26 19:07:52 ece-b1-sys systemd[1]: Listening on Open-iSCSI iscsid Socket.
May 26 19:07:52 ece-b1-sys systemd[1]: Listening on Socket unix for snap application lxd.daemon.
May 26 19:07:52 ece-b1-sys systemd[1]: Listening on Socket unix for snap application lxd.user-daemon.
May 26 19:07:52 ece-b1-sys systemd[1]: Starting Socket activation for snappy daemon...
May 26 19:07:52 ece-b1-sys systemd[1]: Li mot de passe: ****************** stening on UUID daemon activation socket.
May 26 19:07:52 ece-b1-sys systemd[1]: Condition check resulted in Login to default iSCSI targets being skipped.
May 26 19:07:52 ece-b1-sys systemd[1]: Reached target Preparation for Remote File Systems.
May 26 19:07:52 ece-b1-sys systemd[1]: Reached target Remote File Systems.
